00:00 +0: loading C:/projects/salsheli/test/models/custom_location_test.dart
00:00 +0: C:/projects/salsheli/test/models/custom_location_test.dart: CustomLocation creates with required fields and default emoji
00:00 +1: C:/projects/salsheli/test/models/custom_location_test.dart: CustomLocation creates with custom emoji
00:00 +2: C:/projects/salsheli/test/models/custom_location_test.dart: CustomLocation copyWith updates only specified fields
00:00 +3: C:/projects/salsheli/test/models/custom_location_test.dart: CustomLocation copyWith can update key
00:00 +4: C:/projects/salsheli/test/models/custom_location_test.dart: CustomLocation JSON Serialization toJson and fromJson work correctly
≡ƒôñ CustomLocation.toJson:
   key: test_location
   name: ╫₧╫Ö╫º╫ò╫¥ ╫æ╫ô╫Ö╫º╫ö
   emoji: ≡ƒÄ»
≡ƒôÑ CustomLocation.fromJson:
   key: test_location
   name: ╫₧╫Ö╫º╫ò╫¥ ╫æ╫ô╫Ö╫º╫ö
   emoji: ≡ƒÄ»
00:00 +5: C:/projects/salsheli/test/models/custom_location_test.dart: CustomLocation JSON Serialization JSON structure is correct
≡ƒôñ CustomLocation.toJson:
   key: cabinet_3
   name: ╫É╫¿╫ò╫ƒ 3
   emoji: ≡ƒÜ¬
00:00 +6: C:/projects/salsheli/test/models/custom_location_test.dart: CustomLocation JSON Serialization handles missing emoji in JSON
≡ƒôÑ CustomLocation.fromJson:
   key: no_emoji_location
   name: ╫₧╫Ö╫º╫ò╫¥ ╫£╫£╫É ╫É╫₧╫ò╫Æ'╫Ö
   emoji: null
00:00 +7: C:/projects/salsheli/test/models/custom_location_test.dart: CustomLocation Equality and HashCode equality is based on key only
00:00 +8: C:/projects/salsheli/test/models/custom_location_test.dart: CustomLocation Equality and HashCode identical instances are equal
00:00 +9: C:/projects/salsheli/test/models/custom_location_test.dart: CustomLocation toString provides readable string representation
00:00 +10: C:/projects/salsheli/test/models/custom_location_test.dart: CustomLocation Common use cases creates typical kitchen location
00:00 +11: C:/projects/salsheli/test/models/custom_location_test.dart: CustomLocation Common use cases creates typical storage room location
00:00 +12: C:/projects/salsheli/test/models/custom_location_test.dart: CustomLocation Common use cases creates typical bathroom location
00:00 +13: C:/projects/salsheli/test/models/enums/shopping_item_status_test.dart: ShoppingItemStatus label property returns correct Hebrew labels
00:00 +14: C:/projects/salsheli/test/models/enums/shopping_item_status_test.dart: ShoppingItemStatus label property each status has unique label
00:00 +15: C:/projects/salsheli/test/models/enums/shopping_item_status_test.dart: ShoppingItemStatus icon property returns correct icons for each status
00:00 +16: C:/projects/salsheli/test/models/enums/shopping_item_status_test.dart: ShoppingItemStatus icon property each status has unique icon
00:00 +17: C:/projects/salsheli/test/models/enums/shopping_item_status_test.dart: ShoppingItemStatus color property returns correct colors for each status
00:00 +18: C:/projects/salsheli/test/models/enums/shopping_item_status_test.dart: ShoppingItemStatus color property each status has unique color
00:00 +19: C:/projects/salsheli/test/models/enums/shopping_item_status_test.dart: ShoppingItemStatus isCompleted property pending is not completed
00:00 +20: C:/projects/salsheli/test/models/enums/shopping_item_status_test.dart: ShoppingItemStatus isCompleted property purchased is completed
00:00 +21: C:/projects/salsheli/test/models/enums/shopping_item_status_test.dart: ShoppingItemStatus isCompleted property outOfStock is completed
00:00 +22: C:/projects/salsheli/test/models/enums/shopping_item_status_test.dart: ShoppingItemStatus isCompleted property deferred is completed
00:00 +23: C:/projects/salsheli/test/models/enums/shopping_item_status_test.dart: ShoppingItemStatus isCompleted property notNeeded is completed
00:00 +24: C:/projects/salsheli/test/models/enums/shopping_item_status_test.dart: ShoppingItemStatus isCompleted property only pending is not completed
00:00 +25: C:/projects/salsheli/test/models/enums/shopping_item_status_test.dart: ShoppingItemStatus enum values has exactly 5 values
00:00 +26: C:/projects/salsheli/test/models/enums/shopping_item_status_test.dart: ShoppingItemStatus enum values contains all expected values
00:00 +27: C:/projects/salsheli/test/models/enums/shopping_item_status_test.dart: ShoppingItemStatus enum values values have correct order
00:00 +28: C:/projects/salsheli/test/models/enums/shopping_item_status_test.dart: ShoppingItemStatus Use cases can filter completed items
00:00 +29: C:/projects/salsheli/test/models/enums/shopping_item_status_test.dart: ShoppingItemStatus Use cases can filter pending items
00:00 +30: C:/projects/salsheli/test/models/enums/shopping_item_status_test.dart: ShoppingItemStatus Use cases can create status map for counting
00:00 +31: C:/projects/salsheli/test/models/enums/shopping_item_status_test.dart: ShoppingItemStatus Use cases can be used in switch statement
00:00 +32: C:/projects/salsheli/test/models/enums/shopping_item_status_test.dart: ShoppingItemStatus Use cases can calculate shopping progress
00:00 +33: C:/projects/salsheli/test/models/enums/shopping_item_status_test.dart: ShoppingItemStatus Use cases can determine if shopping is finished
00:00 +34: C:/projects/salsheli/test/models/enums/shopping_item_status_test.dart: ShoppingItemStatus Use cases can group items by status
00:00 +35: C:/projects/salsheli/test/models/enums/shopping_item_status_test.dart: ShoppingItemStatus Visual representation each status has complete visual identity
00:00 +36: C:/projects/salsheli/test/models/enums/shopping_item_status_test.dart: ShoppingItemStatus Visual representation pending status uses unchecked icon
00:00 +37: C:/projects/salsheli/test/models/enums/shopping_item_status_test.dart: ShoppingItemStatus Visual representation purchased status uses check icon
00:00 +38: C:/projects/salsheli/test/models/enums/shopping_item_status_test.dart: ShoppingItemStatus Visual representation outOfStock status uses cart removal icon
00:00 +39: C:/projects/salsheli/test/models/enums/shopping_item_status_test.dart: ShoppingItemStatus Visual representation deferred status uses schedule icon
00:00 +40: C:/projects/salsheli/test/models/enums/shopping_item_status_test.dart: ShoppingItemStatus Visual representation notNeeded status uses block icon
00:00 +41: C:/projects/salsheli/test/models/inventory_item_test.dart: InventoryItem creates with all required fields
00:00 +42: C:/projects/salsheli/test/models/inventory_item_test.dart: InventoryItem copyWith updates only specified fields
00:00 +43: C:/projects/salsheli/test/models/inventory_item_test.dart: InventoryItem copyWith id remains immutable in copyWith
00:00 +44: C:/projects/salsheli/test/models/inventory_item_test.dart: InventoryItem JSON Serialization toJson and fromJson work correctly
≡ƒôñ InventoryItem.toJson: id=inv-456, product=╫É╫ò╫¿╫û ╫æ╫í╫₧╫ÿ╫Ö, qty=3
≡ƒôÑ InventoryItem.fromJson: id=inv-456, product=╫É╫ò╫¿╫û ╫æ╫í╫₧╫ÿ╫Ö, qty=3
00:00 +45: C:/projects/salsheli/test/models/inventory_item_test.dart: InventoryItem JSON Serialization handles default values in JSON
≡ƒôÑ InventoryItem.fromJson: id=inv-minimal, product=null, qty=null
00:00 +46: C:/projects/salsheli/test/models/inventory_item_test.dart: InventoryItem JSON Serialization handles missing fields with defaults
≡ƒôÑ InventoryItem.fromJson: id=inv-partial, product=null, qty=null
00:00 +47: C:/projects/salsheli/test/models/inventory_item_test.dart: InventoryItem Equality and HashCode equality is based on all fields
00:00 +48: C:/projects/salsheli/test/models/inventory_item_test.dart: InventoryItem toString provides readable string representation
00:00 +49: C:/projects/salsheli/test/models/inventory_item_test.dart: InventoryItem Common use cases creates fridge item
00:00 +50: C:/projects/salsheli/test/models/inventory_item_test.dart: InventoryItem Common use cases creates pantry dry goods
00:00 +51: C:/projects/salsheli/test/models/inventory_item_test.dart: InventoryItem Common use cases creates freezer item
00:00 +52: C:/projects/salsheli/test/models/inventory_item_test.dart: InventoryItem Common use cases creates bathroom supplies
00:00 +53: C:/projects/salsheli/test/models/inventory_item_test.dart: InventoryItem Common use cases tracks zero quantity items
00:00 +54: C:/projects/salsheli/test/models/inventory_item_test.dart: InventoryItem Common use cases handles bulk items
00:00 +55: C:/projects/salsheli/test/models/inventory_item_test.dart: InventoryItem Common use cases updates quantity when consuming
00:00 +56: C:/projects/salsheli/test/models/inventory_item_test.dart: InventoryItem Common use cases updates quantity when restocking
00:00 +57: C:/projects/salsheli/test/models/inventory_item_test.dart: InventoryItem Common use cases creates items with Hebrew units
00:00 +58: C:/projects/salsheli/test/models/smart_suggestion_test.dart: SmartSuggestion fromInventory factory ╫Ö╫ò╫ª╫¿ ╫ö╫₧╫£╫ª╫ö ╫ù╫ô╫⌐╫ö ╫æ╫í╫ÿ╫ÿ╫ò╫í pending
00:00 +59: C:/projects/salsheli/test/models/smart_suggestion_test.dart: SmartSuggestion fromInventory factory ╫₧╫ù╫⌐╫æ quantityNeeded ╫á╫¢╫ò╫ƒ
00:00 +60: C:/projects/salsheli/test/models/smart_suggestion_test.dart: SmartSuggestion fromInventory factory ╫₧╫Æ╫æ╫Ö╫£ quantityNeeded ╫£╫₧╫Ö╫á╫Ö╫₧╫ò╫¥ 1
00:00 +61: C:/projects/salsheli/test/models/smart_suggestion_test.dart: SmartSuggestion isActive true ╫É╫¥ pending ╫ò╫£╫É ╫á╫ô╫ù╫ö
00:00 +62: C:/projects/salsheli/test/models/smart_suggestion_test.dart: SmartSuggestion isActive false ╫É╫¥ ╫á╫ô╫ù╫ö ╫ò╫û╫₧╫ƒ ╫ö╫ô╫ù╫Ö╫Ö╫ö ╫£╫É ╫ó╫æ╫¿
00:00 +63: C:/projects/salsheli/test/models/smart_suggestion_test.dart: SmartSuggestion isActive true ╫É╫¥ ╫á╫ô╫ù╫ö ╫É╫æ╫£ ╫û╫₧╫ƒ ╫ö╫ô╫ù╫Ö╫Ö╫ö ╫ó╫æ╫¿
00:00 +64: C:/projects/salsheli/test/models/smart_suggestion_test.dart: SmartSuggestion isActive false ╫É╫¥ ╫ö╫í╫ÿ╫ÿ╫ò╫í ╫£╫É pending
00:00 +65: C:/projects/salsheli/test/models/smart_suggestion_test.dart: SmartSuggestion urgency levels critical ╫É╫¥ ╫ö╫₧╫£╫É╫Ö ╫É╫û╫£ (0)
00:00 +65 -1: C:/projects/salsheli/test/models/smart_suggestion_test.dart: SmartSuggestion urgency levels critical ╫É╫¥ ╫ö╫₧╫£╫É╫Ö ╫É╫û╫£ (0) [E]
  Expected: <false>
    Actual: <true>
  
  package:matcher                                     expect
  package:flutter_test/src/widget_tester.dart 473:18  expect
  test\models\smart_suggestion_test.dart 161:9        main.<fn>.<fn>.<fn>
  
00:00 +65 -1: C:/projects/salsheli/test/models/smart_suggestion_test.dart: SmartSuggestion urgency levels high ╫É╫¥ < 20% ╫₧╫ö╫í╫ú
00:00 +66 -1: C:/projects/salsheli/test/models/smart_suggestion_test.dart: SmartSuggestion urgency levels medium ╫É╫¥ < 50% ╫₧╫ö╫í╫ú
00:00 +67 -1: C:/projects/salsheli/test/models/smart_suggestion_test.dart: SmartSuggestion urgency levels low ╫É╫¥ >= 50% ╫₧╫ö╫í╫ú
00:00 +68 -1: C:/projects/salsheli/test/models/smart_suggestion_test.dart: SmartSuggestion stockPercentage ╫₧╫ù╫û╫Ö╫¿ ╫É╫ù╫ò╫û ╫á╫¢╫ò╫ƒ
00:00 +69 -1: C:/projects/salsheli/test/models/smart_suggestion_test.dart: SmartSuggestion stockPercentage ╫₧╫ò╫Æ╫æ╫£ ╫£-100 ╫É╫¥ ╫Ö╫ò╫¬╫¿ ╫₧╫ö╫í╫ú
00:00 +70 -1: C:/projects/salsheli/test/models/smart_suggestion_test.dart: SmartSuggestion stockPercentage ╫₧╫ù╫û╫Ö╫¿ 100 ╫É╫¥ ╫í╫ú = 0
00:00 +71 -1: C:/projects/salsheli/test/models/smart_suggestion_test.dart: SmartSuggestion stockDescription ╫₧╫ù╫û╫Ö╫¿ "╫á╫Æ╫₧╫¿!" ╫É╫¥ 0
00:00 +72 -1: C:/projects/salsheli/test/models/smart_suggestion_test.dart: SmartSuggestion stockDescription ╫₧╫ù╫û╫Ö╫¿ "╫á╫⌐╫É╫¿ 1 X ╫æ╫£╫æ╫ô" ╫É╫¥ 1
00:00 +73 -1: C:/projects/salsheli/test/models/smart_suggestion_test.dart: SmartSuggestion stockDescription ╫₧╫ù╫û╫Ö╫¿ "╫á╫⌐╫É╫¿╫ò ╫¿╫º X" ╫É╫¥ ╫Ö╫ò╫¬╫¿ ╫₧-1
00:00 +74 -1: C:/projects/salsheli/test/models/smart_suggestion_test.dart: SmartSuggestion copyWith ╫Ö╫ò╫ª╫¿ ╫ó╫ò╫¬╫º ╫ó╫¥ ╫⌐╫Ö╫á╫ò╫Ö╫Ö╫¥
00:00 +75 -1: C:/projects/salsheli/test/models/smart_suggestion_test.dart: SmartSuggestion JSON serialization toJson ╫ò-fromJson ╫ó╫ò╫æ╫ô╫Ö╫¥ ╫á╫¢╫ò╫ƒ
≡ƒôñ SmartSuggestion.toJson:
   id: e28ba356-de3e-4cf9-a1ca-3e73d22d1097
   product: ╫ù╫£╫æ
   status: pending
≡ƒôÑ SmartSuggestion.fromJson:
   id: e28ba356-de3e-4cf9-a1ca-3e73d22d1097
   product: ╫ù╫£╫æ
   status: pending
00:00 +76 -1: C:/projects/salsheli/test/models/smart_suggestion_test.dart: SmartSuggestion equality ╫⌐╫ò╫ò╫Ö╫¥ ╫É╫¥ ID ╫û╫ö╫ö
00:00 +77 -1: C:/projects/salsheli/test/models/smart_suggestion_test.dart: SmartSuggestion equality ╫£╫É ╫⌐╫ò╫ò╫Ö╫¥ ╫É╫¥ ID ╫⌐╫ò╫á╫ö
00:00 +78 -1: C:/projects/salsheli/test/models/suggestion_test.dart: Suggestion creates with all required fields
00:00 +79 -1: C:/projects/salsheli/test/models/suggestion_test.dart: Suggestion copyWith updates only specified fields
00:00 +80 -1: C:/projects/salsheli/test/models/suggestion_test.dart: Suggestion Computed Properties reasonText returns correct Hebrew text
00:00 +81 -1: C:/projects/salsheli/test/models/suggestion_test.dart: Suggestion Computed Properties priorityColor returns correct color codes
00:00 +82 -1: C:/projects/salsheli/test/models/suggestion_test.dart: Suggestion JSON Serialization toJson and fromJson work correctly
≡ƒôñ Suggestion.toJson:
   id: sug-456
   product_name: ╫£╫ù╫¥ ╫É╫ù╫Ö╫ô
   reason: frequently_bought
   priority: medium
≡ƒôÑ Suggestion.fromJson:
   id: sug-456
   product_name: ╫£╫ù╫¥ ╫É╫ù╫Ö╫ô
   reason: frequently_bought
   priority: medium
00:00 +83 -1: C:/projects/salsheli/test/models/suggestion_test.dart: Suggestion JSON Serialization handles default values in JSON
≡ƒôÑ Suggestion.fromJson:
   id: sug-minimal
   product_name: ╫₧╫ò╫ª╫¿
   reason: null
   priority: null
00:00 +84 -1: C:/projects/salsheli/test/models/suggestion_test.dart: Suggestion JSON Serialization JSON structure uses snake_case
≡ƒôñ Suggestion.toJson:
   id: sug-789
   product_name: ╫₧╫ò╫ª╫¿ ╫æ╫ô╫Ö╫º╫ö
   reason: running_low
   priority: high
00:00 +85 -1: C:/projects/salsheli/test/models/suggestion_test.dart: Suggestion Equality and HashCode equality is based on id only
00:00 +86 -1: C:/projects/salsheli/test/models/suggestion_test.dart: Suggestion Equality and HashCode identical instances are equal
00:00 +87 -1: C:/projects/salsheli/test/models/suggestion_test.dart: Suggestion toString provides readable string representation
00:00 +88 -1: C:/projects/salsheli/test/models/suggestion_test.dart: Suggestion Common use cases creates inventory-based suggestion
00:00 +89 -1: C:/projects/salsheli/test/models/suggestion_test.dart: Suggestion Common use cases creates history-based suggestion
00:00 +90 -1: C:/projects/salsheli/test/models/suggestion_test.dart: Suggestion Common use cases creates combined suggestion
00:00 +91 -1: C:/projects/salsheli/test/models/timestamp_converter_test.dart: TimestampConverter fromJson converts Timestamp to DateTime
00:00 +92 -1: C:/projects/salsheli/test/models/timestamp_converter_test.dart: TimestampConverter fromJson converts ISO string to DateTime
00:00 +93 -1: C:/projects/salsheli/test/models/timestamp_converter_test.dart: TimestampConverter fromJson converts epoch milliseconds to DateTime
00:00 +94 -1: C:/projects/salsheli/test/models/timestamp_converter_test.dart: TimestampConverter fromJson returns DateTime as-is
00:00 +95 -1: C:/projects/salsheli/test/models/timestamp_converter_test.dart: TimestampConverter fromJson throws on invalid input
00:00 +96 -1: C:/projects/salsheli/test/models/timestamp_converter_test.dart: TimestampConverter toJson converts DateTime to Timestamp
00:00 +97 -1: C:/projects/salsheli/test/models/timestamp_converter_test.dart: TimestampConverter Round-trip conversion maintains date accuracy through conversion
00:01 +98 -1: C:/projects/salsheli/test/models/timestamp_converter_test.dart: NullableTimestampConverter fromJson handles null input
00:01 +99 -1: C:/projects/salsheli/test/models/timestamp_converter_test.dart: NullableTimestampConverter fromJson converts Timestamp to DateTime
00:01 +100 -1: C:/projects/salsheli/test/models/timestamp_converter_test.dart: NullableTimestampConverter fromJson converts ISO string to DateTime
00:01 +101 -1: C:/projects/salsheli/test/models/timestamp_converter_test.dart: NullableTimestampConverter fromJson converts epoch milliseconds to DateTime
00:01 +102 -1: C:/projects/salsheli/test/models/timestamp_converter_test.dart: NullableTimestampConverter fromJson returns DateTime as-is
00:01 +103 -1: C:/projects/salsheli/test/models/timestamp_converter_test.dart: NullableTimestampConverter fromJson returns null for invalid string
00:01 +104 -1: C:/projects/salsheli/test/models/timestamp_converter_test.dart: NullableTimestampConverter fromJson throws on invalid non-string input
00:01 +105 -1: C:/projects/salsheli/test/models/timestamp_converter_test.dart: NullableTimestampConverter toJson handles null input
00:01 +106 -1: C:/projects/salsheli/test/models/timestamp_converter_test.dart: NullableTimestampConverter toJson converts DateTime to Timestamp
00:01 +107 -1: C:/projects/salsheli/test/models/timestamp_converter_test.dart: NullableTimestampConverter Round-trip conversion null remains null
00:01 +108 -1: C:/projects/salsheli/test/models/timestamp_converter_test.dart: NullableTimestampConverter Round-trip conversion maintains date accuracy through conversion
00:01 +109 -1: C:/projects/salsheli/test/models/timestamp_converter_test.dart: NullableTimestampConverter Edge cases handles very old dates
00:01 +110 -1: C:/projects/salsheli/test/models/timestamp_converter_test.dart: NullableTimestampConverter Edge cases handles future dates
00:01 +111 -1: C:/projects/salsheli/test/models/timestamp_converter_test.dart: NullableTimestampConverter Edge cases handles dates with microseconds
00:01 +112 -1: C:/projects/salsheli/test/models/timestamp_converter_test.dart: NullableTimestampConverter Edge cases handles UTC vs local time
00:01 +113 -1: C:/projects/salsheli/test/models/timestamp_converter_test.dart: Converter compatibility both converters produce compatible output
00:01 +114 -1: C:/projects/salsheli/test/models/timestamp_converter_test.dart: Converter compatibility can read each others output
00:01 +115 -1: C:/projects/salsheli/test/models/unified_list_item_test.dart: UnifiedListItem Product factory constructor ╫Ö╫ò╫ª╫¿ product ╫á╫¢╫ò╫ƒ
00:01 +116 -1: C:/projects/salsheli/test/models/unified_list_item_test.dart: UnifiedListItem Product totalPrice ╫₧╫ù╫ò╫⌐╫æ ╫á╫¢╫ò╫ƒ
00:01 +117 -1: C:/projects/salsheli/test/models/unified_list_item_test.dart: UnifiedListItem Product productData ╫₧╫ò╫Æ╫ô╫¿ ╫á╫¢╫ò╫ƒ
00:01 +118 -1: C:/projects/salsheli/test/models/unified_list_item_test.dart: UnifiedListItem Task factory constructor ╫Ö╫ò╫ª╫¿ task ╫á╫¢╫ò╫ƒ
00:01 +119 -1: C:/projects/salsheli/test/models/unified_list_item_test.dart: UnifiedListItem Task isUrgent ╫₧╫û╫ö╫ö ╫₧╫⌐╫Ö╫₧╫ö ╫ô╫ù╫ò╫ñ╫ö
00:01 +120 -1: C:/projects/salsheli/test/models/unified_list_item_test.dart: UnifiedListItem Task isUrgent ╫£╫É ╫ô╫ù╫ò╫ú ╫£╫₧╫⌐╫Ö╫₧╫ö ╫¿╫ù╫ò╫º╫ö
00:01 +121 -1: C:/projects/salsheli/test/models/unified_list_item_test.dart: UnifiedListItem Task taskData ╫₧╫ò╫Æ╫ô╫¿ ╫á╫¢╫ò╫ƒ
00:01 +122 -1: C:/projects/salsheli/test/models/unified_list_item_test.dart: UnifiedListItem JSON Serialization product ΓåÆ JSON ΓåÆ product
≡ƒôñ UnifiedListItem.toJson:
   id: 1
   name: ╫₧╫ò╫ª╫¿
   type: ItemType.product
≡ƒôÑ UnifiedListItem.fromJson:
   id: 1
   name: ╫₧╫ò╫ª╫¿
   type: product
00:01 +123 -1: C:/projects/salsheli/test/models/unified_list_item_test.dart: UnifiedListItem JSON Serialization task ΓåÆ JSON ΓåÆ task
≡ƒôñ UnifiedListItem.toJson:
   id: 1
   name: ╫₧╫⌐╫Ö╫₧╫ö
   type: ItemType.task
≡ƒôÑ UnifiedListItem.fromJson:
   id: 1
   name: ╫₧╫⌐╫Ö╫₧╫ö
   type: task
00:01 +124 -1: C:/projects/salsheli/test/models/user_entity_test.dart: UserEntity Constructors creates with all required fields
00:01 +125 -1: C:/projects/salsheli/test/models/user_entity_test.dart: UserEntity Constructors creates with all optional fields
00:01 +126 -1: C:/projects/salsheli/test/models/user_entity_test.dart: UserEntity Constructors empty constructor creates default user
00:01 +127 -1: C:/projects/salsheli/test/models/user_entity_test.dart: UserEntity Constructors demo constructor creates test user
00:01 +128 -1: C:/projects/salsheli/test/models/user_entity_test.dart: UserEntity Constructors demo constructor with custom email and household
00:01 +129 -1: C:/projects/salsheli/test/models/user_entity_test.dart: UserEntity Constructors newUser constructor creates admin user
00:01 +130 -1: C:/projects/salsheli/test/models/user_entity_test.dart: UserEntity Constructors newUser with custom household
00:01 +131 -1: C:/projects/salsheli/test/models/user_entity_test.dart: UserEntity copyWith updates only specified fields
00:01 +132 -1: C:/projects/salsheli/test/models/user_entity_test.dart: UserEntity copyWith can update lists
00:01 +133 -1: C:/projects/salsheli/test/models/user_entity_test.dart: UserEntity copyWith can set and clear nullable fields
00:01 +134 -1: C:/projects/salsheli/test/models/user_entity_test.dart: UserEntity JSON Serialization toJson and fromJson work correctly
≡ƒôñ UserEntity.toJson:
   id: user-json-test
   name: ╫æ╫ô╫Ö╫º╫¬ JSON
   email: json@test.com
   household_id: house-json
≡ƒôÑ UserEntity.fromJson:
   id: user-json-test
   name: ╫æ╫ô╫Ö╫º╫¬ JSON
   email: json@test.com
   household_id: house-json
00:01 +135 -1: C:/projects/salsheli/test/models/user_entity_test.dart: UserEntity JSON Serialization handles missing optional fields in JSON
≡ƒôÑ UserEntity.fromJson:
   id: user-minimal
   name: ╫₧╫⌐╫¬╫₧╫⌐ ╫₧╫Ö╫á╫Ö╫₧╫£╫Ö
   email: minimal@test.com
   household_id: house-minimal
00:01 +136 -1: C:/projects/salsheli/test/models/user_entity_test.dart: UserEntity JSON Serialization JSON structure uses snake_case
≡ƒôñ UserEntity.toJson:
   id: user-case-test
   name: ╫æ╫ô╫Ö╫º╫¬ Case
   email: case@test.com
   household_id: house-case
00:01 +137 -1: C:/projects/salsheli/test/models/user_entity_test.dart: UserEntity JSON Serialization listFromJson handles various inputs
≡ƒôñ UserEntity.toJson:
   id: u1
   name: ╫₧╫⌐╫¬╫₧╫⌐ 1
   email: u1@test.com
   household_id: house_u1
≡ƒôñ UserEntity.toJson:
   id: u2
   name: ╫₧╫⌐╫¬╫₧╫⌐ 2
   email: u2@test.com
   household_id: house_u2
≡ƒôÑ UserEntity.fromJson:
   id: u1
   name: ╫₧╫⌐╫¬╫₧╫⌐ 1
   email: u1@test.com
   household_id: house_u1
≡ƒôÑ UserEntity.fromJson:
   id: u2
   name: ╫₧╫⌐╫¬╫₧╫⌐ 2
   email: u2@test.com
   household_id: house_u2
≡ƒôñ UserEntity.toJson:
   id: u1
   name: ╫₧╫⌐╫¬╫₧╫⌐ 1
   email: u1@test.com
   household_id: house_u1
≡ƒôñ UserEntity.toJson:
   id: u2
   name: ╫₧╫⌐╫¬╫₧╫⌐ 2
   email: u2@test.com
   household_id: house_u2
≡ƒôÑ UserEntity.fromJson:
   id: u1
   name: ╫₧╫⌐╫¬╫₧╫⌐ 1
   email: u1@test.com
   household_id: house_u1
≡ƒôÑ UserEntity.fromJson:
   id: u2
   name: ╫₧╫⌐╫¬╫₧╫⌐ 2
   email: u2@test.com
   household_id: house_u2
00:01 +138 -1: C:/projects/salsheli/test/models/user_entity_test.dart: UserEntity JSON Serialization listToJson converts list correctly
≡ƒôñ UserEntity.toJson:
   id: u1
   name: ╫₧╫⌐╫¬╫₧╫⌐ 1
   email: u1@test.com
   household_id: house_u1
≡ƒôñ UserEntity.toJson:
   id: u2
   name: ╫₧╫⌐╫¬╫₧╫⌐ 2
   email: u2@test.com
   household_id: house_u2
00:01 +139 -1: C:/projects/salsheli/test/models/user_entity_test.dart: UserEntity toString provides readable string representation
00:01 +140 -1: C:/projects/salsheli/test/models/user_entity_test.dart: UserEntity Use cases creates family admin user
00:01 +141 -1: C:/projects/salsheli/test/models/user_entity_test.dart: UserEntity Use cases creates family member (non-admin)
00:01 +142 -1: C:/projects/salsheli/test/models/user_entity_test.dart: UserEntity Use cases user with shopping preferences
00:01 +143 -1: C:/projects/salsheli/test/models/user_entity_test.dart: UserEntity Use cases user budget management
00:01 +144 -1: C:/projects/salsheli/test/models/user_entity_test.dart: UserEntity Use cases user activity tracking
00:01 +145 -1: C:/projects/salsheli/test/providers/inventory_provider_test.dart: addStock() adds stock to existing product (addition)
≡ƒöä InventoryProvider.updateUserContext
Γ£à Listener ╫ö╫ò╫í╫ú, ╫₧╫¬╫ù╫Ö╫£ initialization
≡ƒöº InventoryProvider._initialize
≡ƒôÑ InventoryProvider._loadItems
≡ƒöä InventoryProvider._doLoad: ╫₧╫¬╫ù╫Ö╫£ ╫ÿ╫ó╫Ö╫á╫ö
   ≡ƒöö InventoryProvider: notifyListeners() (isLoading=true)
Γ£à InventoryProvider._doLoad: ╫á╫ÿ╫ó╫á╫ò 0 ╫ñ╫¿╫Ö╫ÿ╫Ö╫¥
   ≡ƒöö InventoryProvider: notifyListeners() (isLoading=false, items=0)
≡ƒöä InventoryProvider.loadItems: ╫¿╫ó╫á╫ò╫ƒ ╫Ö╫ô╫á╫Ö
≡ƒôÑ InventoryProvider._loadItems
≡ƒöä InventoryProvider._doLoad: ╫₧╫¬╫ù╫Ö╫£ ╫ÿ╫ó╫Ö╫á╫ö
   ≡ƒöö InventoryProvider: notifyListeners() (isLoading=true)
Γ£à InventoryProvider._doLoad: ╫á╫ÿ╫ó╫á╫ò 1 ╫ñ╫¿╫Ö╫ÿ╫Ö╫¥
   ≡ƒöö InventoryProvider: notifyListeners() (isLoading=false, items=1)
Γ₧ò addStock: ╫ù╫£╫æ +2
Γ£à ╫₧╫£╫É╫Ö ╫ó╫ò╫ô╫¢╫ƒ: 3 -> 5
≡ƒº╣ InventoryProvider.dispose
   Γ£à Listener ╫ö╫ò╫í╫¿
00:01 +146 -1: C:/projects/salsheli/test/providers/inventory_provider_test.dart: addStock() handles case-insensitive product matching
≡ƒöä InventoryProvider.updateUserContext
Γ£à Listener ╫ö╫ò╫í╫ú, ╫₧╫¬╫ù╫Ö╫£ initialization
≡ƒöº InventoryProvider._initialize
≡ƒôÑ InventoryProvider._loadItems
≡ƒöä InventoryProvider._doLoad: ╫₧╫¬╫ù╫Ö╫£ ╫ÿ╫ó╫Ö╫á╫ö
   ≡ƒöö InventoryProvider: notifyListeners() (isLoading=true)
Γ£à InventoryProvider._doLoad: ╫á╫ÿ╫ó╫á╫ò 0 ╫ñ╫¿╫Ö╫ÿ╫Ö╫¥
   ≡ƒöö InventoryProvider: notifyListeners() (isLoading=false, items=0)
≡ƒöä InventoryProvider.loadItems: ╫¿╫ó╫á╫ò╫ƒ ╫Ö╫ô╫á╫Ö
≡ƒôÑ InventoryProvider._loadItems
≡ƒöä InventoryProvider._doLoad: ╫₧╫¬╫ù╫Ö╫£ ╫ÿ╫ó╫Ö╫á╫ö
   ≡ƒöö InventoryProvider: notifyListeners() (isLoading=true)
Γ£à InventoryProvider._doLoad: ╫á╫ÿ╫ó╫á╫ò 1 ╫ñ╫¿╫Ö╫ÿ╫Ö╫¥
   ≡ƒöö InventoryProvider: notifyListeners() (isLoading=false, items=1)
Γ₧ò addStock: ╫ù╫£╫æ +1
Γ£à ╫₧╫£╫É╫Ö ╫ó╫ò╫ô╫¢╫ƒ: 2 -> 3
≡ƒº╣ InventoryProvider.dispose
   Γ£à Listener ╫ö╫ò╫í╫¿
00:01 +147 -1: C:/projects/salsheli/test/providers/inventory_provider_test.dart: addStock() trims whitespace from product name
≡ƒöä InventoryProvider.updateUserContext
Γ£à Listener ╫ö╫ò╫í╫ú, ╫₧╫¬╫ù╫Ö╫£ initialization
≡ƒöº InventoryProvider._initialize
≡ƒôÑ InventoryProvider._loadItems
≡ƒöä InventoryProvider._doLoad: ╫₧╫¬╫ù╫Ö╫£ ╫ÿ╫ó╫Ö╫á╫ö
   ≡ƒöö InventoryProvider: notifyListeners() (isLoading=true)
Γ£à InventoryProvider._doLoad: ╫á╫ÿ╫ó╫á╫ò 0 ╫ñ╫¿╫Ö╫ÿ╫Ö╫¥
   ≡ƒöö InventoryProvider: notifyListeners() (isLoading=false, items=0)
≡ƒöä InventoryProvider.loadItems: ╫¿╫ó╫á╫ò╫ƒ ╫Ö╫ô╫á╫Ö
≡ƒôÑ InventoryProvider._loadItems
≡ƒöä InventoryProvider._doLoad: ╫₧╫¬╫ù╫Ö╫£ ╫ÿ╫ó╫Ö╫á╫ö
   ≡ƒöö InventoryProvider: notifyListeners() (isLoading=true)
Γ£à InventoryProvider._doLoad: ╫á╫ÿ╫ó╫á╫ò 1 ╫ñ╫¿╫Ö╫ÿ╫Ö╫¥
   ≡ƒöö InventoryProvider: notifyListeners() (isLoading=false, items=1)
Γ₧ò addStock:   ╫£╫ù╫¥   +2
Γ£à ╫₧╫£╫É╫Ö ╫ó╫ò╫ô╫¢╫ƒ: 1 -> 3
≡ƒº╣ InventoryProvider.dispose
   Γ£à Listener ╫ö╫ò╫í╫¿
00:01 +148 -1: C:/projects/salsheli/test/providers/inventory_provider_test.dart: addStock() updates local list correctly
≡ƒöä InventoryProvider.updateUserContext
Γ£à Listener ╫ö╫ò╫í╫ú, ╫₧╫¬╫ù╫Ö╫£ initialization
≡ƒöº InventoryProvider._initialize
≡ƒôÑ InventoryProvider._loadItems
≡ƒöä InventoryProvider._doLoad: ╫₧╫¬╫ù╫Ö╫£ ╫ÿ╫ó╫Ö╫á╫ö
   ≡ƒöö InventoryProvider: notifyListeners() (isLoading=true)
Γ£à InventoryProvider._doLoad: ╫á╫ÿ╫ó╫á╫ò 0 ╫ñ╫¿╫Ö╫ÿ╫Ö╫¥
   ≡ƒöö InventoryProvider: notifyListeners() (isLoading=false, items=0)
≡ƒöä InventoryProvider.loadItems: ╫¿╫ó╫á╫ò╫ƒ ╫Ö╫ô╫á╫Ö
≡ƒôÑ InventoryProvider._loadItems
≡ƒöä InventoryProvider._doLoad: ╫₧╫¬╫ù╫Ö╫£ ╫ÿ╫ó╫Ö╫á╫ö
   ≡ƒöö InventoryProvider: notifyListeners() (isLoading=true)
Γ£à InventoryProvider._doLoad: ╫á╫ÿ╫ó╫á╫ò 2 ╫ñ╫¿╫Ö╫ÿ╫Ö╫¥
   ≡ƒöö InventoryProvider: notifyListeners() (isLoading=false, items=2)
Γ₧ò addStock: ╫ù╫£╫æ +3
Γ£à ╫₧╫£╫É╫Ö ╫ó╫ò╫ô╫¢╫ƒ: 2 -> 5
≡ƒº╣ InventoryProvider.dispose
   Γ£à Listener ╫ö╫ò╫í╫¿
00:01 +149 -1: C:/projects/salsheli/test/providers/inventory_provider_test.dart: addStock() calls notifyListeners after successful update
≡ƒöä InventoryProvider.updateUserContext
Γ£à Listener ╫ö╫ò╫í╫ú, ╫₧╫¬╫ù╫Ö╫£ initialization
≡ƒöº InventoryProvider._initialize
≡ƒôÑ InventoryProvider._loadItems
≡ƒöä InventoryProvider._doLoad: ╫₧╫¬╫ù╫Ö╫£ ╫ÿ╫ó╫Ö╫á╫ö
   ≡ƒöö InventoryProvider: notifyListeners() (isLoading=true)
Γ£à InventoryProvider._doLoad: ╫á╫ÿ╫ó╫á╫ò 0 ╫ñ╫¿╫Ö╫ÿ╫Ö╫¥
   ≡ƒöö InventoryProvider: notifyListeners() (isLoading=false, items=0)
≡ƒöä InventoryProvider.loadItems: ╫¿╫ó╫á╫ò╫ƒ ╫Ö╫ô╫á╫Ö
≡ƒôÑ InventoryProvider._loadItems
≡ƒöä InventoryProvider._doLoad: ╫₧╫¬╫ù╫Ö╫£ ╫ÿ╫ó╫Ö╫á╫ö
   ≡ƒöö InventoryProvider: notifyListeners() (isLoading=true)
Γ£à InventoryProvider._doLoad: ╫á╫ÿ╫ó╫á╫ò 1 ╫ñ╫¿╫Ö╫ÿ╫Ö╫¥
   ≡ƒöö InventoryProvider: notifyListeners() (isLoading=false, items=1)
Γ₧ò addStock: ╫æ╫Ö╫ª╫Ö╫¥ +12
Γ£à ╫₧╫£╫É╫Ö ╫ó╫ò╫ô╫¢╫ƒ: 6 -> 18
≡ƒº╣ InventoryProvider.dispose
   Γ£à Listener ╫ö╫ò╫í╫¿
00:01 +150 -1: C:/projects/salsheli/test/providers/inventory_provider_test.dart: addStock() does not throw when product not found
≡ƒöä InventoryProvider.updateUserContext
Γ£à Listener ╫ö╫ò╫í╫ú, ╫₧╫¬╫ù╫Ö╫£ initialization
≡ƒöº InventoryProvider._initialize
≡ƒôÑ InventoryProvider._loadItems
≡ƒöä InventoryProvider._doLoad: ╫₧╫¬╫ù╫Ö╫£ ╫ÿ╫ó╫Ö╫á╫ö
   ≡ƒöö InventoryProvider: notifyListeners() (isLoading=true)
Γ£à InventoryProvider._doLoad: ╫á╫ÿ╫ó╫á╫ò 0 ╫ñ╫¿╫Ö╫ÿ╫Ö╫¥
   ≡ƒöö InventoryProvider: notifyListeners() (isLoading=false, items=0)
≡ƒöä InventoryProvider.loadItems: ╫¿╫ó╫á╫ò╫ƒ ╫Ö╫ô╫á╫Ö
≡ƒôÑ InventoryProvider._loadItems
≡ƒöä InventoryProvider._doLoad: ╫₧╫¬╫ù╫Ö╫£ ╫ÿ╫ó╫Ö╫á╫ö
   ≡ƒöö InventoryProvider: notifyListeners() (isLoading=true)
Γ£à InventoryProvider._doLoad: ╫á╫ÿ╫ó╫á╫ò 0 ╫ñ╫¿╫Ö╫ÿ╫Ö╫¥
   ≡ƒöö InventoryProvider: notifyListeners() (isLoading=false, items=0)
Γ₧ò addStock: ╫₧╫ò╫ª╫¿ ╫£╫É ╫º╫Ö╫Ö╫¥ +5
ΓÜá∩╕Å ╫₧╫ò╫ª╫¿ "╫₧╫ò╫ª╫¿ ╫£╫É ╫º╫Ö╫Ö╫¥" ╫£╫É ╫á╫₧╫ª╫É ╫æ╫₧╫û╫ò╫ò╫ö
≡ƒº╣ InventoryProvider.dispose
   Γ£à Listener ╫ö╫ò╫í╫¿
00:01 +151 -1: C:/projects/salsheli/test/providers/inventory_provider_test.dart: addStock() logs warning when product not found
≡ƒöä InventoryProvider.updateUserContext
Γ£à Listener ╫ö╫ò╫í╫ú, ╫₧╫¬╫ù╫Ö╫£ initialization
≡ƒöº InventoryProvider._initialize
≡ƒôÑ InventoryProvider._loadItems
≡ƒöä InventoryProvider._doLoad: ╫₧╫¬╫ù╫Ö╫£ ╫ÿ╫ó╫Ö╫á╫ö
   ≡ƒöö InventoryProvider: notifyListeners() (isLoading=true)
Γ£à InventoryProvider._doLoad: ╫á╫ÿ╫ó╫á╫ò 0 ╫ñ╫¿╫Ö╫ÿ╫Ö╫¥
   ≡ƒöö InventoryProvider: notifyListeners() (isLoading=false, items=0)
≡ƒöä InventoryProvider.loadItems: ╫¿╫ó╫á╫ò╫ƒ ╫Ö╫ô╫á╫Ö
≡ƒôÑ InventoryProvider._loadItems
≡ƒöä InventoryProvider._doLoad: ╫₧╫¬╫ù╫Ö╫£ ╫ÿ╫ó╫Ö╫á╫ö
   ≡ƒöö InventoryProvider: notifyListeners() (isLoading=true)
Γ£à InventoryProvider._doLoad: ╫á╫ÿ╫ó╫á╫ò 1 ╫ñ╫¿╫Ö╫ÿ╫Ö╫¥
   ≡ƒöö InventoryProvider: notifyListeners() (isLoading=false, items=1)
Γ₧ò addStock: ╫₧╫ò╫ª╫¿ ╫£╫É ╫º╫Ö╫Ö╫¥ +5
ΓÜá∩╕Å ╫₧╫ò╫ª╫¿ "╫₧╫ò╫ª╫¿ ╫£╫É ╫º╫Ö╫Ö╫¥" ╫£╫É ╫á╫₧╫ª╫É ╫æ╫₧╫û╫ò╫ò╫ö
≡ƒº╣ InventoryProvider.dispose
   Γ£à Listener ╫ö╫ò╫í╫¿
00:01 +152 -1: C:/projects/salsheli/test/providers/inventory_provider_test.dart: addStock() returns early when householdId is null
≡ƒöä InventoryProvider.updateUserContext
Γ£à Listener ╫ö╫ò╫í╫ú, ╫₧╫¬╫ù╫Ö╫£ initialization
≡ƒöº InventoryProvider._initialize
≡ƒôÑ InventoryProvider._loadItems
≡ƒöä InventoryProvider._doLoad: ╫₧╫¬╫ù╫Ö╫£ ╫ÿ╫ó╫Ö╫á╫ö
   ≡ƒöö InventoryProvider: notifyListeners() (isLoading=true)
Γ£à InventoryProvider._doLoad: ╫á╫ÿ╫ó╫á╫ò 0 ╫ñ╫¿╫Ö╫ÿ╫Ö╫¥
   ≡ƒöö InventoryProvider: notifyListeners() (isLoading=false, items=0)
≡ƒöä InventoryProvider.updateUserContext
Γ£à Listener ╫ö╫ò╫í╫ú, ╫₧╫¬╫ù╫Ö╫£ initialization
≡ƒöº InventoryProvider._initialize
≡ƒôÑ InventoryProvider._loadItems
≡ƒöä InventoryProvider._doLoad: ╫₧╫¬╫ù╫Ö╫£ ╫ÿ╫ó╫Ö╫á╫ö
   ΓÜá∩╕Å ╫É╫Ö╫ƒ household_id, ╫₧╫á╫º╫ö ╫¿╫⌐╫Ö╫₧╫ö
   ≡ƒöö InventoryProvider: notifyListeners() (no household_id)
Γ₧ò addStock: ╫ù╫£╫æ +2
ΓÜá∩╕Å householdId ╫£╫É ╫á╫₧╫ª╫É
≡ƒº╣ InventoryProvider.dispose
   Γ£à Listener ╫ö╫ò╫í╫¿
≡ƒº╣ InventoryProvider.dispose
   Γ£à Listener ╫ö╫ò╫í╫¿
00:01 +153 -1: C:/projects/salsheli/test/providers/inventory_provider_test.dart: addStock() handles repository errors gracefully
≡ƒöä InventoryProvider.updateUserContext
Γ£à Listener ╫ö╫ò╫í╫ú, ╫₧╫¬╫ù╫Ö╫£ initialization
≡ƒöº InventoryProvider._initialize
≡ƒôÑ InventoryProvider._loadItems
≡ƒöä InventoryProvider._doLoad: ╫₧╫¬╫ù╫Ö╫£ ╫ÿ╫ó╫Ö╫á╫ö
   ≡ƒöö InventoryProvider: notifyListeners() (isLoading=true)
Γ£à InventoryProvider._doLoad: ╫á╫ÿ╫ó╫á╫ò 0 ╫ñ╫¿╫Ö╫ÿ╫Ö╫¥
   ≡ƒöö InventoryProvider: notifyListeners() (isLoading=false, items=0)
≡ƒöä InventoryProvider.loadItems: ╫¿╫ó╫á╫ò╫ƒ ╫Ö╫ô╫á╫Ö
≡ƒôÑ InventoryProvider._loadItems
≡ƒöä InventoryProvider._doLoad: ╫₧╫¬╫ù╫Ö╫£ ╫ÿ╫ó╫Ö╫á╫ö
   ≡ƒöö InventoryProvider: notifyListeners() (isLoading=true)
Γ£à InventoryProvider._doLoad: ╫á╫ÿ╫ó╫á╫ò 1 ╫ñ╫¿╫Ö╫ÿ╫Ö╫¥
   ≡ƒöö InventoryProvider: notifyListeners() (isLoading=false, items=1)
Γ₧ò addStock: ╫ù╫£╫æ +3
Γ¥î addStock: ╫⌐╫Æ╫Ö╫É╫ö - Exception: Network error
≡ƒº╣ InventoryProvider.dispose
   Γ£à Listener ╫ö╫ò╫í╫¿
00:01 +154 -1: C:/projects/salsheli/test/providers/inventory_provider_test.dart: addStock() adds large quantities correctly
≡ƒöä InventoryProvider.updateUserContext
Γ£à Listener ╫ö╫ò╫í╫ú, ╫₧╫¬╫ù╫Ö╫£ initialization
≡ƒöº InventoryProvider._initialize
≡ƒôÑ InventoryProvider._loadItems
≡ƒöä InventoryProvider._doLoad: ╫₧╫¬╫ù╫Ö╫£ ╫ÿ╫ó╫Ö╫á╫ö
   ≡ƒöö InventoryProvider: notifyListeners() (isLoading=true)
Γ£à InventoryProvider._doLoad: ╫á╫ÿ╫ó╫á╫ò 0 ╫ñ╫¿╫Ö╫ÿ╫Ö╫¥
   ≡ƒöö InventoryProvider: notifyListeners() (isLoading=false, items=0)
≡ƒöä InventoryProvider.loadItems: ╫¿╫ó╫á╫ò╫ƒ ╫Ö╫ô╫á╫Ö
≡ƒôÑ InventoryProvider._loadItems
≡ƒöä InventoryProvider._doLoad: ╫₧╫¬╫ù╫Ö╫£ ╫ÿ╫ó╫Ö╫á╫ö
   ≡ƒöö InventoryProvider: notifyListeners() (isLoading=true)
Γ£à InventoryProvider._doLoad: ╫á╫ÿ╫ó╫á╫ò 1 ╫ñ╫¿╫Ö╫ÿ╫Ö╫¥
   ≡ƒöö InventoryProvider: notifyListeners() (isLoading=false, items=1)
Γ₧ò addStock: ╫º╫ñ╫ö +100
Γ£à ╫₧╫£╫É╫Ö ╫ó╫ò╫ô╫¢╫ƒ: 5 -> 105
≡ƒº╣ InventoryProvider.dispose
   Γ£à Listener ╫ö╫ò╫í╫¿
00:01 +155 -1: C:/projects/salsheli/test/providers/inventory_provider_test.dart: addStock() preserves other item properties when updating quantity
≡ƒöä InventoryProvider.updateUserContext
Γ£à Listener ╫ö╫ò╫í╫ú, ╫₧╫¬╫ù╫Ö╫£ initialization
≡ƒöº InventoryProvider._initialize
≡ƒôÑ InventoryProvider._loadItems
≡ƒöä InventoryProvider._doLoad: ╫₧╫¬╫ù╫Ö╫£ ╫ÿ╫ó╫Ö╫á╫ö
   ≡ƒöö InventoryProvider: notifyListeners() (isLoading=true)
Γ£à InventoryProvider._doLoad: ╫á╫ÿ╫ó╫á╫ò 0 ╫ñ╫¿╫Ö╫ÿ╫Ö╫¥
   ≡ƒöö InventoryProvider: notifyListeners() (isLoading=false, items=0)
≡ƒöä InventoryProvider.loadItems: ╫¿╫ó╫á╫ò╫ƒ ╫Ö╫ô╫á╫Ö
≡ƒôÑ InventoryProvider._loadItems
≡ƒöä InventoryProvider._doLoad: ╫₧╫¬╫ù╫Ö╫£ ╫ÿ╫ó╫Ö╫á╫ö
   ≡ƒöö InventoryProvider: notifyListeners() (isLoading=true)
Γ£à InventoryProvider._doLoad: ╫á╫ÿ╫ó╫á╫ò 1 ╫ñ╫¿╫Ö╫ÿ╫Ö╫¥
   ≡ƒöö InventoryProvider: notifyListeners() (isLoading=false, items=1)
Γ₧ò addStock: ╫Æ╫æ╫Ö╫á╫ö +2
Γ£à ╫₧╫£╫É╫Ö ╫ó╫ò╫ô╫¢╫ƒ: 3 -> 5
≡ƒº╣ InventoryProvider.dispose
   Γ£à Listener ╫ö╫ò╫í╫¿
00:01 +156 -1: C:/projects/salsheli/test/providers/inventory_provider_test.dart: getLowStockItems() returns items with quantity <= default threshold (2)
≡ƒöä InventoryProvider.updateUserContext
Γ£à Listener ╫ö╫ò╫í╫ú, ╫₧╫¬╫ù╫Ö╫£ initialization
≡ƒöº InventoryProvider._initialize
≡ƒôÑ InventoryProvider._loadItems
≡ƒöä InventoryProvider._doLoad: ╫₧╫¬╫ù╫Ö╫£ ╫ÿ╫ó╫Ö╫á╫ö
   ≡ƒöö InventoryProvider: notifyListeners() (isLoading=true)
Γ£à InventoryProvider._doLoad: ╫á╫ÿ╫ó╫á╫ò 0 ╫ñ╫¿╫Ö╫ÿ╫Ö╫¥
   ≡ƒöö InventoryProvider: notifyListeners() (isLoading=false, items=0)
≡ƒöä InventoryProvider.loadItems: ╫¿╫ó╫á╫ò╫ƒ ╫Ö╫ô╫á╫Ö
≡ƒôÑ InventoryProvider._loadItems
≡ƒöä InventoryProvider._doLoad: ╫₧╫¬╫ù╫Ö╫£ ╫ÿ╫ó╫Ö╫á╫ö
   ≡ƒöö InventoryProvider: notifyListeners() (isLoading=true)
Γ£à InventoryProvider._doLoad: ╫á╫ÿ╫ó╫á╫ò 3 ╫ñ╫¿╫Ö╫ÿ╫Ö╫¥
   ≡ƒöö InventoryProvider: notifyListeners() (isLoading=false, items=3)
≡ƒôª getLowStockItems(threshold: 2): 2 ╫₧╫ò╫ª╫¿╫Ö╫¥
≡ƒº╣ InventoryProvider.dispose
   Γ£à Listener ╫ö╫ò╫í╫¿
00:01 +157 -1: C:/projects/salsheli/test/providers/inventory_provider_test.dart: getLowStockItems() returns items with quantity <= custom threshold
≡ƒöä InventoryProvider.updateUserContext
Γ£à Listener ╫ö╫ò╫í╫ú, ╫₧╫¬╫ù╫Ö╫£ initialization
≡ƒöº InventoryProvider._initialize
≡ƒôÑ InventoryProvider._loadItems
≡ƒöä InventoryProvider._doLoad: ╫₧╫¬╫ù╫Ö╫£ ╫ÿ╫ó╫Ö╫á╫ö
   ≡ƒöö InventoryProvider: notifyListeners() (isLoading=true)
Γ£à InventoryProvider._doLoad: ╫á╫ÿ╫ó╫á╫ò 0 ╫ñ╫¿╫Ö╫ÿ╫Ö╫¥
   ≡ƒöö InventoryProvider: notifyListeners() (isLoading=false, items=0)
≡ƒöä InventoryProvider.loadItems: ╫¿╫ó╫á╫ò╫ƒ ╫Ö╫ô╫á╫Ö
≡ƒôÑ InventoryProvider._loadItems
≡ƒöä InventoryProvider._doLoad: ╫₧╫¬╫ù╫Ö╫£ ╫ÿ╫ó╫Ö╫á╫ö
   ≡ƒöö InventoryProvider: notifyListeners() (isLoading=true)
Γ£à InventoryProvider._doLoad: ╫á╫ÿ╫ó╫á╫ò 2 ╫ñ╫¿╫Ö╫ÿ╫Ö╫¥
   ≡ƒöö InventoryProvider: notifyListeners() (isLoading=false, items=2)
≡ƒôª getLowStockItems(threshold: 4): 1 ╫₧╫ò╫ª╫¿╫Ö╫¥
≡ƒº╣ InventoryProvider.dispose
   Γ£à Listener ╫ö╫ò╫í╫¿
00:01 +158 -1: C:/projects/salsheli/test/providers/inventory_provider_test.dart: getLowStockItems() returns empty list when no low-stock items
≡ƒöä InventoryProvider.updateUserContext
Γ£à Listener ╫ö╫ò╫í╫ú, ╫₧╫¬╫ù╫Ö╫£ initialization
≡ƒöº InventoryProvider._initialize
≡ƒôÑ InventoryProvider._loadItems
≡ƒöä InventoryProvider._doLoad: ╫₧╫¬╫ù╫Ö╫£ ╫ÿ╫ó╫Ö╫á╫ö
   ≡ƒöö InventoryProvider: notifyListeners() (isLoading=true)
Γ£à InventoryProvider._doLoad: ╫á╫ÿ╫ó╫á╫ò 0 ╫ñ╫¿╫Ö╫ÿ╫Ö╫¥
   ≡ƒöö InventoryProvider: notifyListeners() (isLoading=false, items=0)
≡ƒöä InventoryProvider.loadItems: ╫¿╫ó╫á╫ò╫ƒ ╫Ö╫ô╫á╫Ö
≡ƒôÑ InventoryProvider._loadItems
≡ƒöä InventoryProvider._doLoad: ╫₧╫¬╫ù╫Ö╫£ ╫ÿ╫ó╫Ö╫á╫ö
   ≡ƒöö InventoryProvider: notifyListeners() (isLoading=true)
Γ£à InventoryProvider._doLoad: ╫á╫ÿ╫ó╫á╫ò 1 ╫ñ╫¿╫Ö╫ÿ╫Ö╫¥
   ≡ƒöö InventoryProvider: notifyListeners() (isLoading=false, items=1)
≡ƒôª getLowStockItems(threshold: 2): 0 ╫₧╫ò╫ª╫¿╫Ö╫¥
≡ƒº╣ InventoryProvider.dispose
   Γ£à Listener ╫ö╫ò╫í╫¿
00:01 +159 -1: C:/projects/salsheli/test/providers/inventory_provider_test.dart: getLowStockItems() includes items with quantity = 0
≡ƒöä InventoryProvider.updateUserContext
Γ£à Listener ╫ö╫ò╫í╫ú, ╫₧╫¬╫ù╫Ö╫£ initialization
≡ƒöº InventoryProvider._initialize
≡ƒôÑ InventoryProvider._loadItems
≡ƒöä InventoryProvider._doLoad: ╫₧╫¬╫ù╫Ö╫£ ╫ÿ╫ó╫Ö╫á╫ö
   ≡ƒöö InventoryProvider: notifyListeners() (isLoading=true)
Γ£à InventoryProvider._doLoad: ╫á╫ÿ╫ó╫á╫ò 0 ╫ñ╫¿╫Ö╫ÿ╫Ö╫¥
   ≡ƒöö InventoryProvider: notifyListeners() (isLoading=false, items=0)
≡ƒöä InventoryProvider.loadItems: ╫¿╫ó╫á╫ò╫ƒ ╫Ö╫ô╫á╫Ö
≡ƒôÑ InventoryProvider._loadItems
≡ƒöä InventoryProvider._doLoad: ╫₧╫¬╫ù╫Ö╫£ ╫ÿ╫ó╫Ö╫á╫ö
   ≡ƒöö InventoryProvider: notifyListeners() (isLoading=true)
Γ£à InventoryProvider._doLoad: ╫á╫ÿ╫ó╫á╫ò 1 ╫ñ╫¿╫Ö╫ÿ╫Ö╫¥
   ≡ƒöö InventoryProvider: notifyListeners() (isLoading=false, items=1)
≡ƒôª getLowStockItems(threshold: 2): 1 ╫₧╫ò╫ª╫¿╫Ö╫¥
≡ƒº╣ InventoryProvider.dispose
   Γ£à Listener ╫ö╫ò╫í╫¿
00:01 +160 -1: C:/projects/salsheli/test/providers/suggestions_provider_test.dart: Initialization ╫₧╫¬╫ù╫Ö╫£ ╫ó╫¥ ╫¿╫⌐╫Ö╫₧╫ö ╫¿╫Ö╫º╫ö
Γ¥î [SuggestionsProvider] ╫⌐╫Æ╫Ö╫É╫ö ╫æ╫ÿ╫ó╫Ö╫á╫¬ excluded products: HiveError: You need to initialize Hive or provide a path to store the box.
≡ƒºá SuggestionsService.generateSuggestions():
   ≡ƒôª Total inventory items: 0
   Γ£à Generated 0 suggestions
≡ƒö╡ No active suggestions available
≡ƒÆí [SuggestionsProvider] ╫¿╫ó╫á╫ò╫ƒ ╫ö╫ò╫⌐╫£╫¥: 0 ╫ö╫₧╫£╫ª╫ò╫¬
≡ƒÆí [SuggestionsProvider] ╫ö╫₧╫£╫ª╫ö ╫á╫ò╫¢╫ù╫Ö╫¬: ╫É╫Ö╫ƒ
00:01 +160 -2: C:/projects/salsheli/test/providers/suggestions_provider_test.dart: Initialization ╫₧╫¬╫ù╫Ö╫£ ╫ó╫¥ ╫¿╫⌐╫Ö╫₧╫ö ╫¿╫Ö╫º╫ö [E]
  HiveError: You need to initialize Hive or provide a path to store the box.
  package:hive/src/backend/vm/backend_manager.dart 21:7      BackendManager.open
  package:hive/src/hive_impl.dart 101:36                     HiveImpl._openBox
  package:hive/src/hive_impl.dart 142:18                     HiveImpl.openBox
  package:memozap/providers/suggestions_provider.dart 35:20  SuggestionsProvider._loadExcludedProducts
  package:memozap/providers/suggestions_provider.dart 79:11  SuggestionsProvider._init
  package:memozap/providers/suggestions_provider.dart 26:5   new SuggestionsProvider
  test\providers\suggestions_provider_test.dart 56:16        main.<fn>
  ===== asynchronous gap ===========================
  dart:async                                                 _Completer.completeError
  package:hive/src/hive_impl.dart 118:19                     HiveImpl._openBox
  ===== asynchronous gap ===========================
  dart:async                                                 _CustomZone.registerBinaryCallback
  package:hive/src/hive_impl.dart 101:21                     HiveImpl._openBox
  package:hive/src/hive_impl.dart 142:18                     HiveImpl.openBox
  package:memozap/providers/suggestions_provider.dart 35:20  SuggestionsProvider._loadExcludedProducts
  package:memozap/providers/suggestions_provider.dart 79:11  SuggestionsProvider._init
  package:memozap/providers/suggestions_provider.dart 26:5   new SuggestionsProvider
  test\providers\suggestions_provider_test.dart 56:16        main.<fn>
  
00:01 +160 -2: C:/projects/salsheli/test/providers/suggestions_provider_test.dart: refreshSuggestions ╫Ö╫ò╫ª╫¿ ╫ö╫₧╫£╫ª╫ò╫¬ ╫₧╫₧╫£╫É╫Ö ╫á╫₧╫ò╫Ü
Γ¥î [SuggestionsProvider] ╫⌐╫Æ╫Ö╫É╫ö ╫æ╫ÿ╫ó╫Ö╫á╫¬ excluded products: HiveError: You need to initialize Hive or provide a path to store the box.
≡ƒºá SuggestionsService.generateSuggestions():
   ≡ƒôª Total inventory items: 0
   Γ£à Generated 0 suggestions
≡ƒö╡ No active suggestions available
≡ƒÆí [SuggestionsProvider] ╫¿╫ó╫á╫ò╫ƒ ╫ö╫ò╫⌐╫£╫¥: 0 ╫ö╫₧╫£╫ª╫ò╫¬
≡ƒÆí [SuggestionsProvider] ╫ö╫₧╫£╫ª╫ö ╫á╫ò╫¢╫ù╫Ö╫¬: ╫É╫Ö╫ƒ
00:01 +160 -3: C:/projects/salsheli/test/providers/suggestions_provider_test.dart: refreshSuggestions ╫Ö╫ò╫ª╫¿ ╫ö╫₧╫£╫ª╫ò╫¬ ╫₧╫₧╫£╫É╫Ö ╫á╫₧╫ò╫Ü [E]
  HiveError: You need to initialize Hive or provide a path to store the box.
  package:hive/src/backend/vm/backend_manager.dart 21:7      BackendManager.open
  package:hive/src/hive_impl.dart 101:36                     HiveImpl._openBox
  package:hive/src/hive_impl.dart 142:18                     HiveImpl.openBox
  package:memozap/providers/suggestions_provider.dart 35:20  SuggestionsProvider._loadExcludedProducts
  package:memozap/providers/suggestions_provider.dart 79:11  SuggestionsProvider._init
  package:memozap/providers/suggestions_provider.dart 26:5   new SuggestionsProvider
  test\providers\suggestions_provider_test.dart 56:16        main.<fn>
  ===== asynchronous gap ===========================
  dart:async                                                 _Completer.completeError
  package:hive/src/hive_impl.dart 118:19                     HiveImpl._openBox
  ===== asynchronous gap ===========================
  dart:async                                                 _CustomZone.registerBinaryCallback
  package:hive/src/hive_impl.dart 101:21                     HiveImpl._openBox
  package:hive/src/hive_impl.dart 142:18                     HiveImpl.openBox
  package:memozap/providers/suggestions_provider.dart 35:20  SuggestionsProvider._loadExcludedProducts
  package:memozap/providers/suggestions_provider.dart 79:11  SuggestionsProvider._init
  package:memozap/providers/suggestions_provider.dart 26:5   new SuggestionsProvider
  test\providers\suggestions_provider_test.dart 56:16        main.<fn>
  
≡ƒºá SuggestionsService.generateSuggestions():
   ≡ƒôª Total inventory items: 3
   ≡ƒÆí Created suggestion: ╫ù╫£╫æ ({2}/5) - medium
   ≡ƒÆí Created suggestion: ╫æ╫Ö╫ª╫Ö╫¥ ({0}/5) - critical
   Γ£à Generated 2 suggestions
   ≡ƒÑç Top suggestion: ╫æ╫Ö╫ª╫Ö╫¥ (critical)
≡ƒÄ» Next suggestion: ╫æ╫Ö╫ª╫Ö╫¥ (critical)
≡ƒÆí [SuggestionsProvider] ╫¿╫ó╫á╫ò╫ƒ ╫ö╫ò╫⌐╫£╫¥: 2 ╫ö╫₧╫£╫ª╫ò╫¬
≡ƒÆí [SuggestionsProvider] ╫ö╫₧╫£╫ª╫ö ╫á╫ò╫¢╫ù╫Ö╫¬: ╫æ╫Ö╫ª╫Ö╫¥
00:01 +160 -3: C:/projects/salsheli/test/providers/suggestions_provider_test.dart: refreshSuggestions ╫ÿ╫ò╫ó╫ƒ ╫É╫¬ ╫ö╫ö╫₧╫£╫ª╫ö ╫ö╫ô╫ù╫ò╫ñ╫ö ╫æ╫Ö╫ò╫¬╫¿ ╫¢-current
Γ¥î [SuggestionsProvider] ╫⌐╫Æ╫Ö╫É╫ö ╫æ╫ÿ╫ó╫Ö╫á╫¬ excluded products: HiveError: You need to initialize Hive or provide a path to store the box.
≡ƒºá SuggestionsService.generateSuggestions():
   ≡ƒôª Total inventory items: 0
   Γ£à Generated 0 suggestions
≡ƒö╡ No active suggestions available
≡ƒÆí [SuggestionsProvider] ╫¿╫ó╫á╫ò╫ƒ ╫ö╫ò╫⌐╫£╫¥: 0 ╫ö╫₧╫£╫ª╫ò╫¬
≡ƒÆí [SuggestionsProvider] ╫ö╫₧╫£╫ª╫ö ╫á╫ò╫¢╫ù╫Ö╫¬: ╫É╫Ö╫ƒ
00:01 +160 -4: C:/projects/salsheli/test/providers/suggestions_provider_test.dart: refreshSuggestions ╫ÿ╫ò╫ó╫ƒ ╫É╫¬ ╫ö╫ö╫₧╫£╫ª╫ö ╫ö╫ô╫ù╫ò╫ñ╫ö ╫æ╫Ö╫ò╫¬╫¿ ╫¢-current [E]
  HiveError: You need to initialize Hive or provide a path to store the box.
  package:hive/src/backend/vm/backend_manager.dart 21:7      BackendManager.open
  package:hive/src/hive_impl.dart 101:36                     HiveImpl._openBox
  package:hive/src/hive_impl.dart 142:18                     HiveImpl.openBox
  package:memozap/providers/suggestions_provider.dart 35:20  SuggestionsProvider._loadExcludedProducts
  package:memozap/providers/suggestions_provider.dart 79:11  SuggestionsProvider._init
  package:memozap/providers/suggestions_provider.dart 26:5   new SuggestionsProvider
  test\providers\suggestions_provider_test.dart 56:16        main.<fn>
  ===== asynchronous gap ===========================
  dart:async                                                 _Completer.completeError
  package:hive/src/hive_impl.dart 118:19                     HiveImpl._openBox
  ===== asynchronous gap ===========================
  dart:async                                                 _CustomZone.registerBinaryCallback
  package:hive/src/hive_impl.dart 101:21                     HiveImpl._openBox
  package:hive/src/hive_impl.dart 142:18                     HiveImpl.openBox
  package:memozap/providers/suggestions_provider.dart 35:20  SuggestionsProvider._loadExcludedProducts
  package:memozap/providers/suggestions_provider.dart 79:11  SuggestionsProvider._init
  package:memozap/providers/suggestions_provider.dart 26:5   new SuggestionsProvider
  test\providers\suggestions_provider_test.dart 56:16        main.<fn>
  
≡ƒºá SuggestionsService.generateSuggestions():
   ≡ƒôª Total inventory items: 3
   ≡ƒÆí Created suggestion: ╫£╫ù╫¥ ({3}/5) - low
   ≡ƒÆí Created suggestion: ╫ù╫£╫æ ({0}/5) - critical
   ≡ƒÆí Created suggestion: ╫æ╫Ö╫ª╫Ö╫¥ ({1}/5) - medium
   Γ£à Generated 3 suggestions
   ≡ƒÑç Top suggestion: ╫ù╫£╫æ (critical)
≡ƒÄ» Next suggestion: ╫ù╫£╫æ (critical)
≡ƒÆí [SuggestionsProvider] ╫¿╫ó╫á╫ò╫ƒ ╫ö╫ò╫⌐╫£╫¥: 3 ╫ö╫₧╫£╫ª╫ò╫¬
≡ƒÆí [SuggestionsProvider] ╫ö╫₧╫£╫ª╫ö ╫á╫ò╫¢╫ù╫Ö╫¬: ╫ù╫£╫æ
00:01 +160 -4: C:/projects/salsheli/test/providers/suggestions_provider_test.dart: refreshSuggestions ╫₧╫ù╫û╫Ö╫¿ ╫¿╫⌐╫Ö╫₧╫ö ╫¿╫Ö╫º╫ö ╫É╫¥ ╫É╫Ö╫ƒ ╫₧╫ò╫ª╫¿╫Ö╫¥ ╫⌐╫₧╫¬╫ù╫¬ ╫£╫í╫ú
Γ¥î [SuggestionsProvider] ╫⌐╫Æ╫Ö╫É╫ö ╫æ╫ÿ╫ó╫Ö╫á╫¬ excluded products: HiveError: You need to initialize Hive or provide a path to store the box.
≡ƒºá SuggestionsService.generateSuggestions():
   ≡ƒôª Total inventory items: 0
   Γ£à Generated 0 suggestions
≡ƒö╡ No active suggestions available
≡ƒÆí [SuggestionsProvider] ╫¿╫ó╫á╫ò╫ƒ ╫ö╫ò╫⌐╫£╫¥: 0 ╫ö╫₧╫£╫ª╫ò╫¬
≡ƒÆí [SuggestionsProvider] ╫ö╫₧╫£╫ª╫ö ╫á╫ò╫¢╫ù╫Ö╫¬: ╫É╫Ö╫ƒ
00:01 +160 -5: C:/projects/salsheli/test/providers/suggestions_provider_test.dart: refreshSuggestions ╫₧╫ù╫û╫Ö╫¿ ╫¿╫⌐╫Ö╫₧╫ö ╫¿╫Ö╫º╫ö ╫É╫¥ ╫É╫Ö╫ƒ ╫₧╫ò╫ª╫¿╫Ö╫¥ ╫⌐╫₧╫¬╫ù╫¬ ╫£╫í╫ú [E]
  HiveError: You need to initialize Hive or provide a path to store the box.
  package:hive/src/backend/vm/backend_manager.dart 21:7      BackendManager.open
  package:hive/src/hive_impl.dart 101:36                     HiveImpl._openBox
  package:hive/src/hive_impl.dart 142:18                     HiveImpl.openBox
  package:memozap/providers/suggestions_provider.dart 35:20  SuggestionsProvider._loadExcludedProducts
  package:memozap/providers/suggestions_provider.dart 79:11  SuggestionsProvider._init
  package:memozap/providers/suggestions_provider.dart 26:5   new SuggestionsProvider
  test\providers\suggestions_provider_test.dart 56:16        main.<fn>
  ===== asynchronous gap ===========================
  dart:async                                                 _Completer.completeError
  package:hive/src/hive_impl.dart 118:19                     HiveImpl._openBox
  ===== asynchronous gap ===========================
  dart:async                                                 _CustomZone.registerBinaryCallback
  package:hive/src/hive_impl.dart 101:21                     HiveImpl._openBox
  package:hive/src/hive_impl.dart 142:18                     HiveImpl.openBox
  package:memozap/providers/suggestions_provider.dart 35:20  SuggestionsProvider._loadExcludedProducts
  package:memozap/providers/suggestions_provider.dart 79:11  SuggestionsProvider._init
  package:memozap/providers/suggestions_provider.dart 26:5   new SuggestionsProvider
  test\providers\suggestions_provider_test.dart 56:16        main.<fn>
  
≡ƒºá SuggestionsService.generateSuggestions():
   ≡ƒôª Total inventory items: 2
   Γ£à Generated 0 suggestions
≡ƒö╡ No active suggestions available
≡ƒÆí [SuggestionsProvider] ╫¿╫ó╫á╫ò╫ƒ ╫ö╫ò╫⌐╫£╫¥: 0 ╫ö╫₧╫£╫ª╫ò╫¬
≡ƒÆí [SuggestionsProvider] ╫ö╫₧╫£╫ª╫ö ╫á╫ò╫¢╫ù╫Ö╫¬: ╫É╫Ö╫ƒ
00:01 +160 -5: C:/projects/salsheli/test/providers/suggestions_provider_test.dart: addCurrentSuggestion ╫₧╫ò╫í╫Ö╫ú ╫ö╫₧╫£╫ª╫ö ╫á╫ò╫¢╫ù╫Ö╫¬ ╫£╫¿╫⌐╫Ö╫₧╫ö
Γ¥î [SuggestionsProvider] ╫⌐╫Æ╫Ö╫É╫ö ╫æ╫ÿ╫ó╫Ö╫á╫¬ excluded products: HiveError: You need to initialize Hive or provide a path to store the box.
≡ƒºá SuggestionsService.generateSuggestions():
   ≡ƒôª Total inventory items: 0
   Γ£à Generated 0 suggestions
≡ƒö╡ No active suggestions available
≡ƒÆí [SuggestionsProvider] ╫¿╫ó╫á╫ò╫ƒ ╫ö╫ò╫⌐╫£╫¥: 0 ╫ö╫₧╫£╫ª╫ò╫¬
≡ƒÆí [SuggestionsProvider] ╫ö╫₧╫£╫ª╫ö ╫á╫ò╫¢╫ù╫Ö╫¬: ╫É╫Ö╫ƒ
00:01 +160 -6: C:/projects/salsheli/test/providers/suggestions_provider_test.dart: addCurrentSuggestion ╫₧╫ò╫í╫Ö╫ú ╫ö╫₧╫£╫ª╫ö ╫á╫ò╫¢╫ù╫Ö╫¬ ╫£╫¿╫⌐╫Ö╫₧╫ö [E]
  HiveError: You need to initialize Hive or provide a path to store the box.
  package:hive/src/backend/vm/backend_manager.dart 21:7      BackendManager.open
  package:hive/src/hive_impl.dart 101:36                     HiveImpl._openBox
  package:hive/src/hive_impl.dart 142:18                     HiveImpl.openBox
  package:memozap/providers/suggestions_provider.dart 35:20  SuggestionsProvider._loadExcludedProducts
  package:memozap/providers/suggestions_provider.dart 79:11  SuggestionsProvider._init
  package:memozap/providers/suggestions_provider.dart 26:5   new SuggestionsProvider
  test\providers\suggestions_provider_test.dart 56:16        main.<fn>
  ===== asynchronous gap ===========================
  dart:async                                                 _Completer.completeError
  package:hive/src/hive_impl.dart 118:19                     HiveImpl._openBox
  ===== asynchronous gap ===========================
  dart:async                                                 _CustomZone.registerBinaryCallback
  package:hive/src/hive_impl.dart 101:21                     HiveImpl._openBox
  package:hive/src/hive_impl.dart 142:18                     HiveImpl.openBox
  package:memozap/providers/suggestions_provider.dart 35:20  SuggestionsProvider._loadExcludedProducts
  package:memozap/providers/suggestions_provider.dart 79:11  SuggestionsProvider._init
  package:memozap/providers/suggestions_provider.dart 26:5   new SuggestionsProvider
  test\providers\suggestions_provider_test.dart 56:16        main.<fn>
  
≡ƒºá SuggestionsService.generateSuggestions():
   ≡ƒôª Total inventory items: 2
   ≡ƒÆí Created suggestion: ╫ù╫£╫æ ({2}/5) - medium
   ≡ƒÆí Created suggestion: ╫æ╫Ö╫ª╫Ö╫¥ ({1}/5) - medium
   Γ£à Generated 2 suggestions
   ≡ƒÑç Top suggestion: ╫æ╫Ö╫ª╫Ö╫¥ (medium)
≡ƒÄ» Next suggestion: ╫æ╫Ö╫ª╫Ö╫¥ (medium)
≡ƒÆí [SuggestionsProvider] ╫¿╫ó╫á╫ò╫ƒ ╫ö╫ò╫⌐╫£╫¥: 2 ╫ö╫₧╫£╫ª╫ò╫¬
≡ƒÆí [SuggestionsProvider] ╫ö╫₧╫£╫ª╫ö ╫á╫ò╫¢╫ù╫Ö╫¬: ╫æ╫Ö╫ª╫Ö╫¥
Γ₧ò [SuggestionsProvider] ╫₧╫ò╫í╫Ö╫ú ╫ö╫₧╫£╫ª╫ö: ╫æ╫Ö╫ª╫Ö╫¥
Γ£à Marking as added: ╫æ╫Ö╫ª╫Ö╫¥
   To list: test-list-123
≡ƒÄ» Next suggestion: ╫ù╫£╫æ (medium)
≡ƒÆí [SuggestionsProvider] ╫ö╫₧╫£╫ª╫ö ╫ö╫æ╫É╫ö: ╫ù╫£╫æ
00:01 +160 -6: C:/projects/salsheli/test/providers/suggestions_provider_test.dart: addCurrentSuggestion ╫£╫É ╫ó╫ò╫⌐╫ö ╫¢╫£╫ò╫¥ ╫É╫¥ ╫É╫Ö╫ƒ ╫ö╫₧╫£╫ª╫ö ╫á╫ò╫¢╫ù╫Ö╫¬
Γ¥î [SuggestionsProvider] ╫⌐╫Æ╫Ö╫É╫ö ╫æ╫ÿ╫ó╫Ö╫á╫¬ excluded products: HiveError: You need to initialize Hive or provide a path to store the box.
≡ƒºá SuggestionsService.generateSuggestions():
   ≡ƒôª Total inventory items: 0
   Γ£à Generated 0 suggestions
≡ƒö╡ No active suggestions available
≡ƒÆí [SuggestionsProvider] ╫¿╫ó╫á╫ò╫ƒ ╫ö╫ò╫⌐╫£╫¥: 0 ╫ö╫₧╫£╫ª╫ò╫¬
≡ƒÆí [SuggestionsProvider] ╫ö╫₧╫£╫ª╫ö ╫á╫ò╫¢╫ù╫Ö╫¬: ╫É╫Ö╫ƒ
00:01 +160 -7: C:/projects/salsheli/test/providers/suggestions_provider_test.dart: addCurrentSuggestion ╫£╫É ╫ó╫ò╫⌐╫ö ╫¢╫£╫ò╫¥ ╫É╫¥ ╫É╫Ö╫ƒ ╫ö╫₧╫£╫ª╫ö ╫á╫ò╫¢╫ù╫Ö╫¬ [E]
  HiveError: You need to initialize Hive or provide a path to store the box.
  package:hive/src/backend/vm/backend_manager.dart 21:7      BackendManager.open
  package:hive/src/hive_impl.dart 101:36                     HiveImpl._openBox
  package:hive/src/hive_impl.dart 142:18                     HiveImpl.openBox
  package:memozap/providers/suggestions_provider.dart 35:20  SuggestionsProvider._loadExcludedProducts
  package:memozap/providers/suggestions_provider.dart 79:11  SuggestionsProvider._init
  package:memozap/providers/suggestions_provider.dart 26:5   new SuggestionsProvider
  test\providers\suggestions_provider_test.dart 56:16        main.<fn>
  ===== asynchronous gap ===========================
  dart:async                                                 _Completer.completeError
  package:hive/src/hive_impl.dart 118:19                     HiveImpl._openBox
  ===== asynchronous gap ===========================
  dart:async                                                 _CustomZone.registerBinaryCallback
  package:hive/src/hive_impl.dart 101:21                     HiveImpl._openBox
  package:hive/src/hive_impl.dart 142:18                     HiveImpl.openBox
  package:memozap/providers/suggestions_provider.dart 35:20  SuggestionsProvider._loadExcludedProducts
  package:memozap/providers/suggestions_provider.dart 79:11  SuggestionsProvider._init
  package:memozap/providers/suggestions_provider.dart 26:5   new SuggestionsProvider
  test\providers\suggestions_provider_test.dart 56:16        main.<fn>
  
≡ƒºá SuggestionsService.generateSuggestions():
   ≡ƒôª Total inventory items: 1
   Γ£à Generated 0 suggestions
≡ƒö╡ No active suggestions available
≡ƒÆí [SuggestionsProvider] ╫¿╫ó╫á╫ò╫ƒ ╫ö╫ò╫⌐╫£╫¥: 0 ╫ö╫₧╫£╫ª╫ò╫¬
≡ƒÆí [SuggestionsProvider] ╫ö╫₧╫£╫ª╫ö ╫á╫ò╫¢╫ù╫Ö╫¬: ╫É╫Ö╫ƒ
ΓÜá∩╕Å [SuggestionsProvider] ╫É╫Ö╫ƒ ╫ö╫₧╫£╫ª╫ö ╫á╫ò╫¢╫ù╫Ö╫¬ ╫£╫ö╫ò╫í╫ñ╫ö
00:01 +160 -7: C:/projects/salsheli/test/providers/suggestions_provider_test.dart: addCurrentSuggestion ╫ÿ╫ò╫ó╫ƒ ╫É╫¬ ╫ö╫ö╫₧╫£╫ª╫ö ╫ö╫æ╫É╫ö ╫æ╫¬╫ò╫¿
Γ¥î [SuggestionsProvider] ╫⌐╫Æ╫Ö╫É╫ö ╫æ╫ÿ╫ó╫Ö╫á╫¬ excluded products: HiveError: You need to initialize Hive or provide a path to store the box.
≡ƒºá SuggestionsService.generateSuggestions():
   ≡ƒôª Total inventory items: 0
   Γ£à Generated 0 suggestions
≡ƒö╡ No active suggestions available
≡ƒÆí [SuggestionsProvider] ╫¿╫ó╫á╫ò╫ƒ ╫ö╫ò╫⌐╫£╫¥: 0 ╫ö╫₧╫£╫ª╫ò╫¬
≡ƒÆí [SuggestionsProvider] ╫ö╫₧╫£╫ª╫ö ╫á╫ò╫¢╫ù╫Ö╫¬: ╫É╫Ö╫ƒ
00:01 +160 -8: C:/projects/salsheli/test/providers/suggestions_provider_test.dart: addCurrentSuggestion ╫ÿ╫ò╫ó╫ƒ ╫É╫¬ ╫ö╫ö╫₧╫£╫ª╫ö ╫ö╫æ╫É╫ö ╫æ╫¬╫ò╫¿ [E]
  HiveError: You need to initialize Hive or provide a path to store the box.
  package:hive/src/backend/vm/backend_manager.dart 21:7      BackendManager.open
  package:hive/src/hive_impl.dart 101:36                     HiveImpl._openBox
  package:hive/src/hive_impl.dart 142:18                     HiveImpl.openBox
  package:memozap/providers/suggestions_provider.dart 35:20  SuggestionsProvider._loadExcludedProducts
  package:memozap/providers/suggestions_provider.dart 79:11  SuggestionsProvider._init
  package:memozap/providers/suggestions_provider.dart 26:5   new SuggestionsProvider
  test\providers\suggestions_provider_test.dart 56:16        main.<fn>
  ===== asynchronous gap ===========================
  dart:async                                                 _Completer.completeError
  package:hive/src/hive_impl.dart 118:19                     HiveImpl._openBox
  ===== asynchronous gap ===========================
  dart:async                                                 _CustomZone.registerBinaryCallback
  package:hive/src/hive_impl.dart 101:21                     HiveImpl._openBox
  package:hive/src/hive_impl.dart 142:18                     HiveImpl.openBox
  package:memozap/providers/suggestions_provider.dart 35:20  SuggestionsProvider._loadExcludedProducts
  package:memozap/providers/suggestions_provider.dart 79:11  SuggestionsProvider._init
  package:memozap/providers/suggestions_provider.dart 26:5   new SuggestionsProvider
  test\providers\suggestions_provider_test.dart 56:16        main.<fn>
  
≡ƒºá SuggestionsService.generateSuggestions():
   ≡ƒôª Total inventory items: 3
   ≡ƒÆí Created suggestion: ╫ù╫£╫æ ({0}/5) - critical
   ≡ƒÆí Created suggestion: ╫æ╫Ö╫ª╫Ö╫¥ ({1}/5) - medium
   ≡ƒÆí Created suggestion: ╫£╫ù╫¥ ({3}/5) - low
   Γ£à Generated 3 suggestions
   ≡ƒÑç Top suggestion: ╫ù╫£╫æ (critical)
≡ƒÄ» Next suggestion: ╫ù╫£╫æ (critical)
≡ƒÆí [SuggestionsProvider] ╫¿╫ó╫á╫ò╫ƒ ╫ö╫ò╫⌐╫£╫¥: 3 ╫ö╫₧╫£╫ª╫ò╫¬
≡ƒÆí [SuggestionsProvider] ╫ö╫₧╫£╫ª╫ö ╫á╫ò╫¢╫ù╫Ö╫¬: ╫ù╫£╫æ
Γ₧ò [SuggestionsProvider] ╫₧╫ò╫í╫Ö╫ú ╫ö╫₧╫£╫ª╫ö: ╫ù╫£╫æ
Γ£à Marking as added: ╫ù╫£╫æ
   To list: list-123
≡ƒÄ» Next suggestion: ╫æ╫Ö╫ª╫Ö╫¥ (medium)
≡ƒÆí [SuggestionsProvider] ╫ö╫₧╫£╫ª╫ö ╫ö╫æ╫É╫ö: ╫æ╫Ö╫ª╫Ö╫¥
00:01 +160 -8: C:/projects/salsheli/test/providers/suggestions_provider_test.dart: dismissCurrentSuggestion ╫ô╫ò╫ù╫ö ╫ö╫₧╫£╫ª╫ö ╫á╫ò╫¢╫ù╫Ö╫¬ ╫£╫⌐╫æ╫ò╫ó
Γ¥î [SuggestionsProvider] ╫⌐╫Æ╫Ö╫É╫ö ╫æ╫ÿ╫ó╫Ö╫á╫¬ excluded products: HiveError: You need to initialize Hive or provide a path to store the box.
≡ƒºá SuggestionsService.generateSuggestions():
   ≡ƒôª Total inventory items: 0
   Γ£à Generated 0 suggestions
≡ƒö╡ No active suggestions available
≡ƒÆí [SuggestionsProvider] ╫¿╫ó╫á╫ò╫ƒ ╫ö╫ò╫⌐╫£╫¥: 0 ╫ö╫₧╫£╫ª╫ò╫¬
≡ƒÆí [SuggestionsProvider] ╫ö╫₧╫£╫ª╫ö ╫á╫ò╫¢╫ù╫Ö╫¬: ╫É╫Ö╫ƒ
00:01 +160 -9: C:/projects/salsheli/test/providers/suggestions_provider_test.dart: dismissCurrentSuggestion ╫ô╫ò╫ù╫ö ╫ö╫₧╫£╫ª╫ö ╫á╫ò╫¢╫ù╫Ö╫¬ ╫£╫⌐╫æ╫ò╫ó [E]
  HiveError: You need to initialize Hive or provide a path to store the box.
  package:hive/src/backend/vm/backend_manager.dart 21:7      BackendManager.open
  package:hive/src/hive_impl.dart 101:36                     HiveImpl._openBox
  package:hive/src/hive_impl.dart 142:18                     HiveImpl.openBox
  package:memozap/providers/suggestions_provider.dart 35:20  SuggestionsProvider._loadExcludedProducts
  package:memozap/providers/suggestions_provider.dart 79:11  SuggestionsProvider._init
  package:memozap/providers/suggestions_provider.dart 26:5   new SuggestionsProvider
  test\providers\suggestions_provider_test.dart 56:16        main.<fn>
  ===== asynchronous gap ===========================
  dart:async                                                 _Completer.completeError
  package:hive/src/hive_impl.dart 118:19                     HiveImpl._openBox
  ===== asynchronous gap ===========================
  dart:async                                                 _CustomZone.registerBinaryCallback
  package:hive/src/hive_impl.dart 101:21                     HiveImpl._openBox
  package:hive/src/hive_impl.dart 142:18                     HiveImpl.openBox
  package:memozap/providers/suggestions_provider.dart 35:20  SuggestionsProvider._loadExcludedProducts
  package:memozap/providers/suggestions_provider.dart 79:11  SuggestionsProvider._init
  package:memozap/providers/suggestions_provider.dart 26:5   new SuggestionsProvider
  test\providers\suggestions_provider_test.dart 56:16        main.<fn>
  
≡ƒºá SuggestionsService.generateSuggestions():
   ≡ƒôª Total inventory items: 2
   ≡ƒÆí Created suggestion: ╫ù╫£╫æ ({2}/5) - medium
   ≡ƒÆí Created suggestion: ╫æ╫Ö╫ª╫Ö╫¥ ({1}/5) - medium
   Γ£à Generated 2 suggestions
   ≡ƒÑç Top suggestion: ╫æ╫Ö╫ª╫Ö╫¥ (medium)
≡ƒÄ» Next suggestion: ╫æ╫Ö╫ª╫Ö╫¥ (medium)
≡ƒÆí [SuggestionsProvider] ╫¿╫ó╫á╫ò╫ƒ ╫ö╫ò╫⌐╫£╫¥: 2 ╫ö╫₧╫£╫ª╫ò╫¬
≡ƒÆí [SuggestionsProvider] ╫ö╫₧╫£╫ª╫ö ╫á╫ò╫¢╫ù╫Ö╫¬: ╫æ╫Ö╫ª╫Ö╫¥
ΓÅ¡∩╕Å [SuggestionsProvider] ╫ô╫ò╫ù╫ö ╫ö╫₧╫£╫ª╫ö: ╫æ╫Ö╫ª╫Ö╫¥
ΓÅ¡∩╕Å Dismissing: ╫æ╫Ö╫ª╫Ö╫¥
   Until: 2025-11-03T15:47:08.165990
≡ƒÄ» Next suggestion: ╫ù╫£╫æ (medium)
≡ƒÆí [SuggestionsProvider] ╫ö╫₧╫£╫ª╫ö ╫ö╫æ╫É╫ö: ╫ù╫£╫æ
00:01 +160 -9: C:/projects/salsheli/test/providers/suggestions_provider_test.dart: dismissCurrentSuggestion ╫£╫É ╫ó╫ò╫⌐╫ö ╫¢╫£╫ò╫¥ ╫É╫¥ ╫É╫Ö╫ƒ ╫ö╫₧╫£╫ª╫ö ╫á╫ò╫¢╫ù╫Ö╫¬
Γ¥î [SuggestionsProvider] ╫⌐╫Æ╫Ö╫É╫ö ╫æ╫ÿ╫ó╫Ö╫á╫¬ excluded products: HiveError: You need to initialize Hive or provide a path to store the box.
≡ƒºá SuggestionsService.generateSuggestions():
   ≡ƒôª Total inventory items: 0
   Γ£à Generated 0 suggestions
≡ƒö╡ No active suggestions available
≡ƒÆí [SuggestionsProvider] ╫¿╫ó╫á╫ò╫ƒ ╫ö╫ò╫⌐╫£╫¥: 0 ╫ö╫₧╫£╫ª╫ò╫¬
≡ƒÆí [SuggestionsProvider] ╫ö╫₧╫£╫ª╫ö ╫á╫ò╫¢╫ù╫Ö╫¬: ╫É╫Ö╫ƒ
00:01 +160 -10: C:/projects/salsheli/test/providers/suggestions_provider_test.dart: dismissCurrentSuggestion ╫£╫É ╫ó╫ò╫⌐╫ö ╫¢╫£╫ò╫¥ ╫É╫¥ ╫É╫Ö╫ƒ ╫ö╫₧╫£╫ª╫ö ╫á╫ò╫¢╫ù╫Ö╫¬ [E]
  HiveError: You need to initialize Hive or provide a path to store the box.
  package:hive/src/backend/vm/backend_manager.dart 21:7      BackendManager.open
  package:hive/src/hive_impl.dart 101:36                     HiveImpl._openBox
  package:hive/src/hive_impl.dart 142:18                     HiveImpl.openBox
  package:memozap/providers/suggestions_provider.dart 35:20  SuggestionsProvider._loadExcludedProducts
  package:memozap/providers/suggestions_provider.dart 79:11  SuggestionsProvider._init
  package:memozap/providers/suggestions_provider.dart 26:5   new SuggestionsProvider
  test\providers\suggestions_provider_test.dart 56:16        main.<fn>
  ===== asynchronous gap ===========================
  dart:async                                                 _Completer.completeError
  package:hive/src/hive_impl.dart 118:19                     HiveImpl._openBox
  ===== asynchronous gap ===========================
  dart:async                                                 _CustomZone.registerBinaryCallback
  package:hive/src/hive_impl.dart 101:21                     HiveImpl._openBox
  package:hive/src/hive_impl.dart 142:18                     HiveImpl.openBox
  package:memozap/providers/suggestions_provider.dart 35:20  SuggestionsProvider._loadExcludedProducts
  package:memozap/providers/suggestions_provider.dart 79:11  SuggestionsProvider._init
  package:memozap/providers/suggestions_provider.dart 26:5   new SuggestionsProvider
  test\providers\suggestions_provider_test.dart 56:16        main.<fn>
  
≡ƒºá SuggestionsService.generateSuggestions():
   ≡ƒôª Total inventory items: 1
   Γ£à Generated 0 suggestions
≡ƒö╡ No active suggestions available
≡ƒÆí [SuggestionsProvider] ╫¿╫ó╫á╫ò╫ƒ ╫ö╫ò╫⌐╫£╫¥: 0 ╫ö╫₧╫£╫ª╫ò╫¬
≡ƒÆí [SuggestionsProvider] ╫ö╫₧╫£╫ª╫ö ╫á╫ò╫¢╫ù╫Ö╫¬: ╫É╫Ö╫ƒ
ΓÜá∩╕Å [SuggestionsProvider] ╫É╫Ö╫ƒ ╫ö╫₧╫£╫ª╫ö ╫á╫ò╫¢╫ù╫Ö╫¬ ╫£╫ô╫ù╫Ö╫Ö╫ö
00:01 +160 -10: C:/projects/salsheli/test/providers/suggestions_provider_test.dart: deleteCurrentSuggestion ╫₧╫ò╫ù╫º ╫ö╫₧╫£╫ª╫ö ╫£╫ª╫₧╫Ö╫¬╫ò╫¬
Γ¥î [SuggestionsProvider] ╫⌐╫Æ╫Ö╫É╫ö ╫æ╫ÿ╫ó╫Ö╫á╫¬ excluded products: HiveError: You need to initialize Hive or provide a path to store the box.
≡ƒºá SuggestionsService.generateSuggestions():
   ≡ƒôª Total inventory items: 0
   Γ£à Generated 0 suggestions
≡ƒö╡ No active suggestions available
≡ƒÆí [SuggestionsProvider] ╫¿╫ó╫á╫ò╫ƒ ╫ö╫ò╫⌐╫£╫¥: 0 ╫ö╫₧╫£╫ª╫ò╫¬
≡ƒÆí [SuggestionsProvider] ╫ö╫₧╫£╫ª╫ö ╫á╫ò╫¢╫ù╫Ö╫¬: ╫É╫Ö╫ƒ
00:01 +160 -11: C:/projects/salsheli/test/providers/suggestions_provider_test.dart: deleteCurrentSuggestion ╫₧╫ò╫ù╫º ╫ö╫₧╫£╫ª╫ö ╫£╫ª╫₧╫Ö╫¬╫ò╫¬ [E]
  HiveError: You need to initialize Hive or provide a path to store the box.
  package:hive/src/backend/vm/backend_manager.dart 21:7      BackendManager.open
  package:hive/src/hive_impl.dart 101:36                     HiveImpl._openBox
  package:hive/src/hive_impl.dart 142:18                     HiveImpl.openBox
  package:memozap/providers/suggestions_provider.dart 35:20  SuggestionsProvider._loadExcludedProducts
  package:memozap/providers/suggestions_provider.dart 79:11  SuggestionsProvider._init
  package:memozap/providers/suggestions_provider.dart 26:5   new SuggestionsProvider
  test\providers\suggestions_provider_test.dart 56:16        main.<fn>
  ===== asynchronous gap ===========================
  dart:async                                                 _Completer.completeError
  package:hive/src/hive_impl.dart 118:19                     HiveImpl._openBox
  ===== asynchronous gap ===========================
  dart:async                                                 _CustomZone.registerBinaryCallback
  package:hive/src/hive_impl.dart 101:21                     HiveImpl._openBox
  package:hive/src/hive_impl.dart 142:18                     HiveImpl.openBox
  package:memozap/providers/suggestions_provider.dart 35:20  SuggestionsProvider._loadExcludedProducts
  package:memozap/providers/suggestions_provider.dart 79:11  SuggestionsProvider._init
  package:memozap/providers/suggestions_provider.dart 26:5   new SuggestionsProvider
  test\providers\suggestions_provider_test.dart 56:16        main.<fn>
  
≡ƒºá SuggestionsService.generateSuggestions():
   ≡ƒôª Total inventory items: 2
   ≡ƒÆí Created suggestion: ╫ù╫£╫æ ({2}/5) - medium
   ≡ƒÆí Created suggestion: ╫æ╫Ö╫ª╫Ö╫¥ ({1}/5) - medium
   Γ£à Generated 2 suggestions
   ≡ƒÑç Top suggestion: ╫æ╫Ö╫ª╫Ö╫¥ (medium)
≡ƒÄ» Next suggestion: ╫æ╫Ö╫ª╫Ö╫¥ (medium)
≡ƒÆí [SuggestionsProvider] ╫¿╫ó╫á╫ò╫ƒ ╫ö╫ò╫⌐╫£╫¥: 2 ╫ö╫₧╫£╫ª╫ò╫¬
≡ƒÆí [SuggestionsProvider] ╫ö╫₧╫£╫ª╫ö ╫á╫ò╫¢╫ù╫Ö╫¬: ╫æ╫Ö╫ª╫Ö╫¥
Γ¥î [SuggestionsProvider] ╫₧╫ò╫ù╫º ╫ö╫₧╫£╫ª╫ö ╫£╫ª╫₧╫Ö╫¬╫ò╫¬: ╫æ╫Ö╫ª╫Ö╫¥
Γ¥î Deleting permanently: ╫æ╫Ö╫ª╫Ö╫¥
Γ¥î [SuggestionsProvider] ╫⌐╫Æ╫Ö╫É╫ö ╫æ╫⌐╫₧╫Ö╫¿╫¬ excluded products: HiveError: You need to initialize Hive or provide a path to store the box.
≡ƒÄ» Next suggestion: ╫ù╫£╫æ (medium)
≡ƒÆí [SuggestionsProvider] ╫ö╫₧╫£╫ª╫ö ╫ö╫æ╫É╫ö: ╫ù╫£╫æ
  HiveError: You need to initialize Hive or provide a path to store the box.
  package:hive/src/backend/vm/backend_manager.dart 21:7       BackendManager.open
  package:hive/src/hive_impl.dart 101:36                      HiveImpl._openBox
  package:hive/src/hive_impl.dart 142:18                      HiveImpl.openBox
  package:memozap/providers/suggestions_provider.dart 52:20   SuggestionsProvider._saveExcludedProducts
  package:memozap/providers/suggestions_provider.dart 236:15  SuggestionsProvider.deleteCurrentSuggestion
  test\providers\suggestions_provider_test.dart 274:22        main.<fn>.<fn>
  ===== asynchronous gap ===========================
  dart:async                                                  _Completer.completeError
  package:hive/src/hive_impl.dart 118:19                      HiveImpl._openBox
  ===== asynchronous gap ===========================
  dart:async                                                  _CustomZone.registerBinaryCallback
  package:hive/src/hive_impl.dart 101:21                      HiveImpl._openBox
  package:hive/src/hive_impl.dart 142:18                      HiveImpl.openBox
  package:memozap/providers/suggestions_provider.dart 52:20   SuggestionsProvider._saveExcludedProducts
  package:memozap/providers/suggestions_provider.dart 236:15  SuggestionsProvider.deleteCurrentSuggestion
  test\providers\suggestions_provider_test.dart 274:22        main.<fn>.<fn>
  ===== asynchronous gap ===========================
  dart:async                                                  _CustomZone.registerUnaryCallback
  test\providers\suggestions_provider_test.dart 268:7         main.<fn>.<fn>
  
00:01 +160 -11: C:/projects/salsheli/test/providers/suggestions_provider_test.dart: deleteCurrentSuggestion ╫₧╫ò╫ù╫º ╫ö╫₧╫£╫ª╫ö ╫û╫₧╫á╫Ö╫¬
Γ¥î [SuggestionsProvider] ╫⌐╫Æ╫Ö╫É╫ö ╫æ╫ÿ╫ó╫Ö╫á╫¬ excluded products: HiveError: You need to initialize Hive or provide a path to store the box.
≡ƒºá SuggestionsService.generateSuggestions():
   ≡ƒôª Total inventory items: 0
   Γ£à Generated 0 suggestions
≡ƒö╡ No active suggestions available
≡ƒÆí [SuggestionsProvider] ╫¿╫ó╫á╫ò╫ƒ ╫ö╫ò╫⌐╫£╫¥: 0 ╫ö╫₧╫£╫ª╫ò╫¬
≡ƒÆí [SuggestionsProvider] ╫ö╫₧╫£╫ª╫ö ╫á╫ò╫¢╫ù╫Ö╫¬: ╫É╫Ö╫ƒ
00:02 +160 -12: C:/projects/salsheli/test/providers/suggestions_provider_test.dart: deleteCurrentSuggestion ╫₧╫ò╫ù╫º ╫ö╫₧╫£╫ª╫ö ╫û╫₧╫á╫Ö╫¬ [E]
  HiveError: You need to initialize Hive or provide a path to store the box.
  package:hive/src/backend/vm/backend_manager.dart 21:7      BackendManager.open
  package:hive/src/hive_impl.dart 101:36                     HiveImpl._openBox
  package:hive/src/hive_impl.dart 142:18                     HiveImpl.openBox
  package:memozap/providers/suggestions_provider.dart 35:20  SuggestionsProvider._loadExcludedProducts
  package:memozap/providers/suggestions_provider.dart 79:11  SuggestionsProvider._init
  package:memozap/providers/suggestions_provider.dart 26:5   new SuggestionsProvider
  test\providers\suggestions_provider_test.dart 56:16        main.<fn>
  ===== asynchronous gap ===========================
  dart:async                                                 _Completer.completeError
  package:hive/src/hive_impl.dart 118:19                     HiveImpl._openBox
  ===== asynchronous gap ===========================
  dart:async                                                 _CustomZone.registerBinaryCallback
  package:hive/src/hive_impl.dart 101:21                     HiveImpl._openBox
  package:hive/src/hive_impl.dart 142:18                     HiveImpl.openBox
  package:memozap/providers/suggestions_provider.dart 35:20  SuggestionsProvider._loadExcludedProducts
  package:memozap/providers/suggestions_provider.dart 79:11  SuggestionsProvider._init
  package:memozap/providers/suggestions_provider.dart 26:5   new SuggestionsProvider
  test\providers\suggestions_provider_test.dart 56:16        main.<fn>
  
≡ƒºá SuggestionsService.generateSuggestions():
   ≡ƒôª Total inventory items: 2
   ≡ƒÆí Created suggestion: ╫ù╫£╫æ ({2}/5) - medium
   ≡ƒÆí Created suggestion: ╫æ╫Ö╫ª╫Ö╫¥ ({1}/5) - medium
   Γ£à Generated 2 suggestions
   ≡ƒÑç Top suggestion: ╫æ╫Ö╫ª╫Ö╫¥ (medium)
≡ƒÄ» Next suggestion: ╫æ╫Ö╫ª╫Ö╫¥ (medium)
≡ƒÆí [SuggestionsProvider] ╫¿╫ó╫á╫ò╫ƒ ╫ö╫ò╫⌐╫£╫¥: 2 ╫ö╫₧╫£╫ª╫ò╫¬
≡ƒÆí [SuggestionsProvider] ╫ö╫₧╫£╫ª╫ö ╫á╫ò╫¢╫ù╫Ö╫¬: ╫æ╫Ö╫ª╫Ö╫¥
Γ¥î [SuggestionsProvider] ╫₧╫ò╫ù╫º ╫ö╫₧╫£╫ª╫ö 30 ╫Ö╫₧╫Ö╫¥: ╫æ╫Ö╫ª╫Ö╫¥
Γ¥î Deleting temporarily: ╫æ╫Ö╫ª╫Ö╫¥
   Until: 2025-11-26T15:47:08.200400
≡ƒÄ» Next suggestion: ╫ù╫£╫æ (medium)
≡ƒÆí [SuggestionsProvider] ╫ö╫₧╫£╫ª╫ö ╫ö╫æ╫É╫ö: ╫ù╫£╫æ
00:02 +160 -12: C:/projects/salsheli/test/providers/suggestions_provider_test.dart: deleteCurrentSuggestion ╫£╫É ╫ó╫ò╫⌐╫ö ╫¢╫£╫ò╫¥ ╫É╫¥ ╫É╫Ö╫ƒ ╫ö╫₧╫£╫ª╫ö ╫á╫ò╫¢╫ù╫Ö╫¬
Γ¥î [SuggestionsProvider] ╫⌐╫Æ╫Ö╫É╫ö ╫æ╫ÿ╫ó╫Ö╫á╫¬ excluded products: HiveError: You need to initialize Hive or provide a path to store the box.
≡ƒºá SuggestionsService.generateSuggestions():
   ≡ƒôª Total inventory items: 0
   Γ£à Generated 0 suggestions
≡ƒö╡ No active suggestions available
≡ƒÆí [SuggestionsProvider] ╫¿╫ó╫á╫ò╫ƒ ╫ö╫ò╫⌐╫£╫¥: 0 ╫ö╫₧╫£╫ª╫ò╫¬
≡ƒÆí [SuggestionsProvider] ╫ö╫₧╫£╫ª╫ö ╫á╫ò╫¢╫ù╫Ö╫¬: ╫É╫Ö╫ƒ
00:02 +160 -13: C:/projects/salsheli/test/providers/suggestions_provider_test.dart: deleteCurrentSuggestion ╫£╫É ╫ó╫ò╫⌐╫ö ╫¢╫£╫ò╫¥ ╫É╫¥ ╫É╫Ö╫ƒ ╫ö╫₧╫£╫ª╫ö ╫á╫ò╫¢╫ù╫Ö╫¬ [E]
  HiveError: You need to initialize Hive or provide a path to store the box.
  package:hive/src/backend/vm/backend_manager.dart 21:7      BackendManager.open
  package:hive/src/hive_impl.dart 101:36                     HiveImpl._openBox
  package:hive/src/hive_impl.dart 142:18                     HiveImpl.openBox
  package:memozap/providers/suggestions_provider.dart 35:20  SuggestionsProvider._loadExcludedProducts
  package:memozap/providers/suggestions_provider.dart 79:11  SuggestionsProvider._init
  package:memozap/providers/suggestions_provider.dart 26:5   new SuggestionsProvider
  test\providers\suggestions_provider_test.dart 56:16        main.<fn>
  ===== asynchronous gap ===========================
  dart:async                                                 _Completer.completeError
  package:hive/src/hive_impl.dart 118:19                     HiveImpl._openBox
  ===== asynchronous gap ===========================
  dart:async                                                 _CustomZone.registerBinaryCallback
  package:hive/src/hive_impl.dart 101:21                     HiveImpl._openBox
  package:hive/src/hive_impl.dart 142:18                     HiveImpl.openBox
  package:memozap/providers/suggestions_provider.dart 35:20  SuggestionsProvider._loadExcludedProducts
  package:memozap/providers/suggestions_provider.dart 79:11  SuggestionsProvider._init
  package:memozap/providers/suggestions_provider.dart 26:5   new SuggestionsProvider
  test\providers\suggestions_provider_test.dart 56:16        main.<fn>
  
≡ƒºá SuggestionsService.generateSuggestions():
   ≡ƒôª Total inventory items: 1
   Γ£à Generated 0 suggestions
≡ƒö╡ No active suggestions available
≡ƒÆí [SuggestionsProvider] ╫¿╫ó╫á╫ò╫ƒ ╫ö╫ò╫⌐╫£╫¥: 0 ╫ö╫₧╫£╫ª╫ò╫¬
≡ƒÆí [SuggestionsProvider] ╫ö╫₧╫£╫ª╫ö ╫á╫ò╫¢╫ù╫Ö╫¬: ╫É╫Ö╫ƒ
ΓÜá∩╕Å [SuggestionsProvider] ╫É╫Ö╫ƒ ╫ö╫₧╫£╫ª╫ö ╫á╫ò╫¢╫ù╫Ö╫¬ ╫£╫₧╫ù╫Ö╫º╫ö
00:02 +160 -13: C:/projects/salsheli/test/providers/suggestions_provider_test.dart: pendingSuggestionsCount ╫₧╫ù╫û╫Ö╫¿ ╫₧╫í╫ñ╫¿ ╫á╫¢╫ò╫ƒ ╫⌐╫£ ╫ö╫₧╫£╫ª╫ò╫¬ ╫ñ╫ó╫Ö╫£╫ò╫¬
Γ¥î [SuggestionsProvider] ╫⌐╫Æ╫Ö╫É╫ö ╫æ╫ÿ╫ó╫Ö╫á╫¬ excluded products: HiveError: You need to initialize Hive or provide a path to store the box.
≡ƒºá SuggestionsService.generateSuggestions():
   ≡ƒôª Total inventory items: 0
   Γ£à Generated 0 suggestions
≡ƒö╡ No active suggestions available
≡ƒÆí [SuggestionsProvider] ╫¿╫ó╫á╫ò╫ƒ ╫ö╫ò╫⌐╫£╫¥: 0 ╫ö╫₧╫£╫ª╫ò╫¬
≡ƒÆí [SuggestionsProvider] ╫ö╫₧╫£╫ª╫ö ╫á╫ò╫¢╫ù╫Ö╫¬: ╫É╫Ö╫ƒ
00:02 +160 -14: C:/projects/salsheli/test/providers/suggestions_provider_test.dart: pendingSuggestionsCount ╫₧╫ù╫û╫Ö╫¿ ╫₧╫í╫ñ╫¿ ╫á╫¢╫ò╫ƒ ╫⌐╫£ ╫ö╫₧╫£╫ª╫ò╫¬ ╫ñ╫ó╫Ö╫£╫ò╫¬ [E]
  HiveError: You need to initialize Hive or provide a path to store the box.
  package:hive/src/backend/vm/backend_manager.dart 21:7      BackendManager.open
  package:hive/src/hive_impl.dart 101:36                     HiveImpl._openBox
  package:hive/src/hive_impl.dart 142:18                     HiveImpl.openBox
  package:memozap/providers/suggestions_provider.dart 35:20  SuggestionsProvider._loadExcludedProducts
  package:memozap/providers/suggestions_provider.dart 79:11  SuggestionsProvider._init
  package:memozap/providers/suggestions_provider.dart 26:5   new SuggestionsProvider
  test\providers\suggestions_provider_test.dart 56:16        main.<fn>
  ===== asynchronous gap ===========================
  dart:async                                                 _Completer.completeError
  package:hive/src/hive_impl.dart 118:19                     HiveImpl._openBox
  ===== asynchronous gap ===========================
  dart:async                                                 _CustomZone.registerBinaryCallback
  package:hive/src/hive_impl.dart 101:21                     HiveImpl._openBox
  package:hive/src/hive_impl.dart 142:18                     HiveImpl.openBox
  package:memozap/providers/suggestions_provider.dart 35:20  SuggestionsProvider._loadExcludedProducts
  package:memozap/providers/suggestions_provider.dart 79:11  SuggestionsProvider._init
  package:memozap/providers/suggestions_provider.dart 26:5   new SuggestionsProvider
  test\providers\suggestions_provider_test.dart 56:16        main.<fn>
  
≡ƒºá SuggestionsService.generateSuggestions():
   ≡ƒôª Total inventory items: 3
   ≡ƒÆí Created suggestion: ╫ù╫£╫æ ({2}/5) - medium
   ≡ƒÆí Created suggestion: ╫æ╫Ö╫ª╫Ö╫¥ ({1}/5) - medium
   ≡ƒÆí Created suggestion: ╫£╫ù╫¥ ({3}/5) - low
   Γ£à Generated 3 suggestions
   ≡ƒÑç Top suggestion: ╫æ╫Ö╫ª╫Ö╫¥ (medium)
≡ƒÄ» Next suggestion: ╫æ╫Ö╫ª╫Ö╫¥ (medium)
≡ƒÆí [SuggestionsProvider] ╫¿╫ó╫á╫ò╫ƒ ╫ö╫ò╫⌐╫£╫¥: 3 ╫ö╫₧╫£╫ª╫ò╫¬
≡ƒÆí [SuggestionsProvider] ╫ö╫₧╫£╫ª╫ö ╫á╫ò╫¢╫ù╫Ö╫¬: ╫æ╫Ö╫ª╫Ö╫¥
Γ₧ò [SuggestionsProvider] ╫₧╫ò╫í╫Ö╫ú ╫ö╫₧╫£╫ª╫ö: ╫æ╫Ö╫ª╫Ö╫¥
00:02 +160 -14: C:/projects/salsheli/test/providers/user_context_test.dart: UserContext Initial State initial state is correct
00:02 +160 -14: C:/projects/salsheli/test/providers/suggestions_provider_test.dart: pendingSuggestionsCount ╫₧╫ù╫û╫Ö╫¿ ╫₧╫í╫ñ╫¿ ╫á╫¢╫ò╫ƒ ╫⌐╫£ ╫ö╫₧╫£╫ª╫ò╫¬ ╫ñ╫ó╫Ö╫£╫ò╫¬
Γ£à Marking as added: ╫æ╫Ö╫ª╫Ö╫¥
   To list: list-123
≡ƒÄ» Next suggestion: ╫ù╫£╫æ (medium)
≡ƒÆí [SuggestionsProvider] ╫ö╫₧╫£╫ª╫ö ╫ö╫æ╫É╫ö: ╫ù╫£╫æ
00:02 +160 -14: C:/projects/salsheli/test/providers/suggestions_provider_test.dart: Error Handling ╫¬╫ò╫ñ╫í ╫⌐╫Æ╫Ö╫É╫ò╫¬ ╫ò╫₧╫ó╫ô╫¢╫ƒ error state
Γ¥î [SuggestionsProvider] ╫⌐╫Æ╫Ö╫É╫ö ╫æ╫ÿ╫ó╫Ö╫á╫¬ excluded products: HiveError: You need to initialize Hive or provide a path to store the box.
≡ƒºá SuggestionsService.generateSuggestions():
   ≡ƒôª Total inventory items: 0
   Γ£à Generated 0 suggestions
≡ƒö╡ No active suggestions available
≡ƒÆí [SuggestionsProvider] ╫¿╫ó╫á╫ò╫ƒ ╫ö╫ò╫⌐╫£╫¥: 0 ╫ö╫₧╫£╫ª╫ò╫¬
≡ƒÆí [SuggestionsProvider] ╫ö╫₧╫£╫ª╫ö ╫á╫ò╫¢╫ù╫Ö╫¬: ╫É╫Ö╫ƒ
00:02 +160 -15: C:/projects/salsheli/test/providers/user_context_test.dart: UserContext Initial State initial state is correct
00:02 +160 -15: C:/projects/salsheli/test/providers/suggestions_provider_test.dart: Error Handling ╫¬╫ò╫ñ╫í ╫⌐╫Æ╫Ö╫É╫ò╫¬ ╫ò╫₧╫ó╫ô╫¢╫ƒ error state [E]
  HiveError: You need to initialize Hive or provide a path to store the box.
  package:hive/src/backend/vm/backend_manager.dart 21:7      BackendManager.open
  package:hive/src/hive_impl.dart 101:36                     HiveImpl._openBox
  package:hive/src/hive_impl.dart 142:18                     HiveImpl.openBox
  package:memozap/providers/suggestions_provider.dart 35:20  SuggestionsProvider._loadExcludedProducts
  package:memozap/providers/suggestions_provider.dart 79:11  SuggestionsProvider._init
  package:memozap/providers/suggestions_provider.dart 26:5   new SuggestionsProvider
  test\providers\suggestions_provider_test.dart 56:16        main.<fn>
  ===== asynchronous gap ===========================
  dart:async                                                 _Completer.completeError
  package:hive/src/hive_impl.dart 118:19                     HiveImpl._openBox
  ===== asynchronous gap ===========================
  dart:async                                                 _CustomZone.registerBinaryCallback
  package:hive/src/hive_impl.dart 101:21                     HiveImpl._openBox
  package:hive/src/hive_impl.dart 142:18                     HiveImpl.openBox
  package:memozap/providers/suggestions_provider.dart 35:20  SuggestionsProvider._loadExcludedProducts
  package:memozap/providers/suggestions_provider.dart 79:11  SuggestionsProvider._init
  package:memozap/providers/suggestions_provider.dart 26:5   new SuggestionsProvider
  test\providers\suggestions_provider_test.dart 56:16        main.<fn>
  
Γ¥î [SuggestionsProvider] ╫⌐╫Æ╫Ö╫É╫ö ╫æ╫¿╫ó╫á╫ò╫ƒ: Exception: Test error
00:02 +160 -15: C:/projects/salsheli/test/providers/suggestions_provider_test.dart: ChangeNotifier ╫⌐╫ò╫£╫ù notifyListeners ╫É╫ù╫¿╫Ö refreshSuggestions
Γ¥î [SuggestionsProvider] ╫⌐╫Æ╫Ö╫É╫ö ╫æ╫ÿ╫ó╫Ö╫á╫¬ excluded products: HiveError: You need to initialize Hive or provide a path to store the box.
≡ƒºá SuggestionsService.generateSuggestions():
   ≡ƒôª Total inventory items: 0
   Γ£à Generated 0 suggestions
≡ƒö╡ No active suggestions available
≡ƒÆí [SuggestionsProvider] ╫¿╫ó╫á╫ò╫ƒ ╫ö╫ò╫⌐╫£╫¥: 0 ╫ö╫₧╫£╫ª╫ò╫¬
≡ƒÆí [SuggestionsProvider] ╫ö╫₧╫£╫ª╫ö ╫á╫ò╫¢╫ù╫Ö╫¬: ╫É╫Ö╫ƒ
00:02 +160 -16: C:/projects/salsheli/test/providers/user_context_test.dart: UserContext Initial State initial state is correct
00:02 +160 -16: C:/projects/salsheli/test/providers/suggestions_provider_test.dart: ChangeNotifier ╫⌐╫ò╫£╫ù notifyListeners ╫É╫ù╫¿╫Ö refreshSuggestions [E]
  HiveError: You need to initialize Hive or provide a path to store the box.
  package:hive/src/backend/vm/backend_manager.dart 21:7      BackendManager.open
  package:hive/src/hive_impl.dart 101:36                     HiveImpl._openBox
  package:hive/src/hive_impl.dart 142:18                     HiveImpl.openBox
  package:memozap/providers/suggestions_provider.dart 35:20  SuggestionsProvider._loadExcludedProducts
  package:memozap/providers/suggestions_provider.dart 79:11  SuggestionsProvider._init
  package:memozap/providers/suggestions_provider.dart 26:5   new SuggestionsProvider
  test\providers\suggestions_provider_test.dart 56:16        main.<fn>
  ===== asynchronous gap ===========================
  dart:async                                                 _Completer.completeError
  package:hive/src/hive_impl.dart 118:19                     HiveImpl._openBox
  ===== asynchronous gap ===========================
  dart:async                                                 _CustomZone.registerBinaryCallback
  package:hive/src/hive_impl.dart 101:21                     HiveImpl._openBox
  package:hive/src/hive_impl.dart 142:18                     HiveImpl.openBox
  package:memozap/providers/suggestions_provider.dart 35:20  SuggestionsProvider._loadExcludedProducts
  package:memozap/providers/suggestions_provider.dart 79:11  SuggestionsProvider._init
  package:memozap/providers/suggestions_provider.dart 26:5   new SuggestionsProvider
  test\providers\suggestions_provider_test.dart 56:16        main.<fn>
  
≡ƒºá SuggestionsService.generateSuggestions():
   ≡ƒôª Total inventory items: 1
   ≡ƒÆí Created suggestion: ╫ù╫£╫æ ({2}/5) - medium
   Γ£à Generated 1 suggestions
   ≡ƒÑç Top suggestion: ╫ù╫£╫æ (medium)
≡ƒÄ» Next suggestion: ╫ù╫£╫æ (medium)
≡ƒÆí [SuggestionsProvider] ╫¿╫ó╫á╫ò╫ƒ ╫ö╫ò╫⌐╫£╫¥: 1 ╫ö╫₧╫£╫ª╫ò╫¬
≡ƒÆí [SuggestionsProvider] ╫ö╫₧╫£╫ª╫ö ╫á╫ò╫¢╫ù╫Ö╫¬: ╫ù╫£╫æ
00:02 +160 -16: C:/projects/salsheli/test/providers/suggestions_provider_test.dart: ChangeNotifier ╫⌐╫ò╫£╫ù notifyListeners ╫É╫ù╫¿╫Ö addCurrentSuggestion
Γ¥î [SuggestionsProvider] ╫⌐╫Æ╫Ö╫É╫ö ╫æ╫ÿ╫ó╫Ö╫á╫¬ excluded products: HiveError: You need to initialize Hive or provide a path to store the box.
≡ƒºá SuggestionsService.generateSuggestions():
   ≡ƒôª Total inventory items: 0
   Γ£à Generated 0 suggestions
≡ƒö╡ No active suggestions available
≡ƒÆí [SuggestionsProvider] ╫¿╫ó╫á╫ò╫ƒ ╫ö╫ò╫⌐╫£╫¥: 0 ╫ö╫₧╫£╫ª╫ò╫¬
≡ƒÆí [SuggestionsProvider] ╫ö╫₧╫£╫ª╫ö ╫á╫ò╫¢╫ù╫Ö╫¬: ╫É╫Ö╫ƒ
00:02 +160 -17: C:/projects/salsheli/test/providers/user_context_test.dart: UserContext Initial State initial state is correct
00:02 +160 -17: C:/projects/salsheli/test/providers/suggestions_provider_test.dart: ChangeNotifier ╫⌐╫ò╫£╫ù notifyListeners ╫É╫ù╫¿╫Ö addCurrentSuggestion [E]
  HiveError: You need to initialize Hive or provide a path to store the box.
  package:hive/src/backend/vm/backend_manager.dart 21:7      BackendManager.open
  package:hive/src/hive_impl.dart 101:36                     HiveImpl._openBox
  package:hive/src/hive_impl.dart 142:18                     HiveImpl.openBox
  package:memozap/providers/suggestions_provider.dart 35:20  SuggestionsProvider._loadExcludedProducts
  package:memozap/providers/suggestions_provider.dart 79:11  SuggestionsProvider._init
  package:memozap/providers/suggestions_provider.dart 26:5   new SuggestionsProvider
  test\providers\suggestions_provider_test.dart 56:16        main.<fn>
  ===== asynchronous gap ===========================
  dart:async                                                 _Completer.completeError
  package:hive/src/hive_impl.dart 118:19                     HiveImpl._openBox
  ===== asynchronous gap ===========================
  dart:async                                                 _CustomZone.registerBinaryCallback
  package:hive/src/hive_impl.dart 101:21                     HiveImpl._openBox
  package:hive/src/hive_impl.dart 142:18                     HiveImpl.openBox
  package:memozap/providers/suggestions_provider.dart 35:20  SuggestionsProvider._loadExcludedProducts
  package:memozap/providers/suggestions_provider.dart 79:11  SuggestionsProvider._init
  package:memozap/providers/suggestions_provider.dart 26:5   new SuggestionsProvider
  test\providers\suggestions_provider_test.dart 56:16        main.<fn>
  
≡ƒºá SuggestionsService.generateSuggestions():
   ≡ƒôª Total inventory items: 1
   ≡ƒÆí Created suggestion: ╫ù╫£╫æ ({2}/5) - medium
   Γ£à Generated 1 suggestions
   ≡ƒÑç Top suggestion: ╫ù╫£╫æ (medium)
≡ƒÄ» Next suggestion: ╫ù╫£╫æ (medium)
≡ƒÆí [SuggestionsProvider] ╫¿╫ó╫á╫ò╫ƒ ╫ö╫ò╫⌐╫£╫¥: 1 ╫ö╫₧╫£╫ª╫ò╫¬
≡ƒÆí [SuggestionsProvider] ╫ö╫₧╫£╫ª╫ö ╫á╫ò╫¢╫ù╫Ö╫¬: ╫ù╫£╫æ
Γ₧ò [SuggestionsProvider] ╫₧╫ò╫í╫Ö╫ú ╫ö╫₧╫£╫ª╫ö: ╫ù╫£╫æ
Γ£à Marking as added: ╫ù╫£╫æ
   To list: list-123
00:02 +160 -17: C:/projects/salsheli/test/providers/user_context_test.dart: UserContext Initial State initial state is correct
≡ƒæé UserContext: ╫₧╫¬╫ù╫Ö╫£ ╫£╫ö╫É╫û╫Ö╫ƒ ╫£╫⌐╫Ö╫á╫ò╫Ö╫Ö╫¥ ╫æ-Auth
00:02 +160 -17: C:/projects/salsheli/test/providers/suggestions_provider_test.dart: ChangeNotifier ╫⌐╫ò╫£╫ù notifyListeners ╫É╫ù╫¿╫Ö addCurrentSuggestion
≡ƒö╡ No active suggestions available
≡ƒÆí [SuggestionsProvider] ╫ö╫₧╫£╫ª╫ö ╫ö╫æ╫É╫ö: ╫É╫Ö╫ƒ ╫ó╫ò╫ô
00:02 +160 -17: C:/projects/salsheli/test/providers/user_context_test.dart: UserContext Initial State initial state is correct
≡ƒôÑ UserContext._loadPreferences: ╫ÿ╫ò╫ó╫ƒ ╫ö╫ó╫ô╫ñ╫ò╫¬
Γ£à ╫ö╫ó╫ô╫ñ╫ò╫¬ ╫á╫ÿ╫ó╫á╫ò: theme=ThemeMode.system, compact=false, prices=true
   ≡ƒöö UserContext: notifyListeners() (preferences loaded)
≡ƒùæ∩╕Å UserContext.dispose()
00:02 +161 -17: C:/projects/salsheli/test/providers/user_context_test.dart: UserContext Initial State initial UI preferences are loaded
≡ƒæé UserContext: ╫₧╫¬╫ù╫Ö╫£ ╫£╫ö╫É╫û╫Ö╫ƒ ╫£╫⌐╫Ö╫á╫ò╫Ö╫Ö╫¥ ╫æ-Auth
≡ƒôÑ UserContext._loadPreferences: ╫ÿ╫ò╫ó╫ƒ ╫ö╫ó╫ô╫ñ╫ò╫¬
Γ£à ╫ö╫ó╫ô╫ñ╫ò╫¬ ╫á╫ÿ╫ó╫á╫ò: theme=ThemeMode.system, compact=false, prices=true
   ≡ƒöö UserContext: notifyListeners() (preferences loaded)
≡ƒùæ∩╕Å UserContext.dispose()
00:02 +162 -17: C:/projects/salsheli/test/providers/user_context_test.dart: UserContext Authentication - Sign Up signUp() creates new user successfully
≡ƒæé UserContext: ╫₧╫¬╫ù╫Ö╫£ ╫£╫ö╫É╫û╫Ö╫ƒ ╫£╫⌐╫Ö╫á╫ò╫Ö╫Ö╫¥ ╫æ-Auth
≡ƒôÑ UserContext._loadPreferences: ╫ÿ╫ò╫ó╫ƒ ╫ö╫ó╫ô╫ñ╫ò╫¬
Γ£à ╫ö╫ó╫ô╫ñ╫ò╫¬ ╫á╫ÿ╫ó╫á╫ò: theme=ThemeMode.system, compact=false, prices=true
   ≡ƒöö UserContext: notifyListeners() (preferences loaded)
≡ƒô¥ UserContext.signUp: ╫¿╫ò╫⌐╫¥ ╫₧╫⌐╫¬╫₧╫⌐ - test@example.com
   ≡ƒöö UserContext: notifyListeners() (isLoading=true)
Γ¥î UserContext.signUp: ╫⌐╫Æ╫Ö╫É╫ö - MissingStubError: 'createUser'
No stub was found which matches the arguments of this method call:
createUser({userId: test-user-id, email: test@example.com, name: Test User, householdId: null})

Add a stub for this method using Mockito's 'when' API, or generate the MockUserRepository mock with the @GenerateNiceMocks annotation (see https://pub.dev/documentation/mockito/latest/annotations/MockSpec-class.html).
   ≡ƒöö UserContext: notifyListeners() (signup completed)
00:02 +162 -18: C:/projects/salsheli/test/providers/user_context_test.dart: UserContext Authentication - Sign Up signUp() creates new user successfully [E]
  MissingStubError: 'createUser'
  No stub was found which matches the arguments of this method call:
  createUser({userId: test-user-id, email: test@example.com, name: Test User, householdId: null})
  
  Add a stub for this method using Mockito's 'when' API, or generate the MockUserRepository mock with the @GenerateNiceMocks annotation (see https://pub.dev/documentation/mockito/latest/annotations/MockSpec-class.html).
  package:mockito/src/mock.dart 200:7                 Mock._noSuchMethod
  package:mockito/src/mock.dart 194:47                Mock.noSuchMethod
  test\providers\user_context_test.mocks.dart 150:14  MockUserRepository.createUser
  package:memozap/providers/user_context.dart 396:35  UserContext.signUp
  
≡ƒùæ∩╕Å UserContext.dispose()
00:02 +162 -18: C:/projects/salsheli/test/providers/user_context_test.dart: UserContext Authentication - Sign Up signUp() handles errors correctly
≡ƒæé UserContext: ╫₧╫¬╫ù╫Ö╫£ ╫£╫ö╫É╫û╫Ö╫ƒ ╫£╫⌐╫Ö╫á╫ò╫Ö╫Ö╫¥ ╫æ-Auth
≡ƒôÑ UserContext._loadPreferences: ╫ÿ╫ò╫ó╫ƒ ╫ö╫ó╫ô╫ñ╫ò╫¬
Γ£à ╫ö╫ó╫ô╫ñ╫ò╫¬ ╫á╫ÿ╫ó╫á╫ò: theme=ThemeMode.system, compact=false, prices=true
   ≡ƒöö UserContext: notifyListeners() (preferences loaded)
≡ƒô¥ UserContext.signUp: ╫¿╫ò╫⌐╫¥ ╫₧╫⌐╫¬╫₧╫⌐ - test@example.com
   ≡ƒöö UserContext: notifyListeners() (isLoading=true)
Γ¥î UserContext.signUp: ╫⌐╫Æ╫Ö╫É╫ö - Exception: Email already in use
   ≡ƒöö UserContext: notifyListeners() (signup completed)
≡ƒùæ∩╕Å UserContext.dispose()
00:02 +163 -18: C:/projects/salsheli/test/repositories/firebase_inventory_repository_test.dart: FirebaseInventoryRepository Exception Handling InventoryRepositoryException should format correctly
00:02 +164 -18: C:/projects/salsheli/test/providers/user_context_test.dart: UserContext Authentication - Sign Up signUp() blocks auth listener during registration
00:02 +165 -18: C:/projects/salsheli/test/providers/user_context_test.dart: UserContext Authentication - Sign Up signUp() blocks auth listener during registration
≡ƒæé UserContext: ╫₧╫¬╫ù╫Ö╫£ ╫£╫ö╫É╫û╫Ö╫ƒ ╫£╫⌐╫Ö╫á╫ò╫Ö╫Ö╫¥ ╫æ-Auth
≡ƒôÑ UserContext._loadPreferences: ╫ÿ╫ò╫ó╫ƒ ╫ö╫ó╫ô╫ñ╫ò╫¬
Γ£à ╫ö╫ó╫ô╫ñ╫ò╫¬ ╫á╫ÿ╫ó╫á╫ò: theme=ThemeMode.system, compact=false, prices=true
   ≡ƒöö UserContext: notifyListeners() (preferences loaded)
≡ƒô¥ UserContext.signUp: ╫¿╫ò╫⌐╫¥ ╫₧╫⌐╫¬╫₧╫⌐ - test@example.com
   ≡ƒöö UserContext: notifyListeners() (isLoading=true)
≡ƒöä UserContext: ╫⌐╫Ö╫á╫ò╫Ö ╫æ-Auth state
   User: test@example.com
   ΓÅ│ ╫æ╫₧╫ö╫£╫Ü ╫¿╫Ö╫⌐╫ò╫¥ - ╫₧╫ô╫£╫Æ ╫ó╫£ ╫ÿ╫ó╫Ö╫á╫ö ╫É╫ò╫ÿ╫ò╫₧╫ÿ╫Ö╫¬
Γ¥î UserContext.signUp: ╫⌐╫Æ╫Ö╫É╫ö - MissingStubError: 'createUser'
No stub was found which matches the arguments of this method call:
createUser({userId: test-user-id, email: test@example.com, name: Test User, householdId: null})

Add a stub for this method using Mockito's 'when' API, or generate the MockUserRepository mock with the @GenerateNiceMocks annotation (see https://pub.dev/documentation/mockito/latest/annotations/MockSpec-class.html).
   ≡ƒöö UserContext: notifyListeners() (signup completed)
00:02 +165 -19: C:/projects/salsheli/test/repositories/firebase_inventory_repository_test.dart: FirebaseInventoryRepository Data Validation Item should have required fields
00:02 +165 -19: C:/projects/salsheli/test/providers/user_context_test.dart: UserContext Authentication - Sign Up signUp() blocks auth listener during registration [E]
  MissingStubError: 'createUser'
  No stub was found which matches the arguments of this method call:
  createUser({userId: test-user-id, email: test@example.com, name: Test User, householdId: null})
  
  Add a stub for this method using Mockito's 'when' API, or generate the MockUserRepository mock with the @GenerateNiceMocks annotation (see https://pub.dev/documentation/mockito/latest/annotations/MockSpec-class.html).
  package:mockito/src/mock.dart 200:7                 Mock._noSuchMethod
  package:mockito/src/mock.dart 194:47                Mock.noSuchMethod
  test\providers\user_context_test.mocks.dart 150:14  MockUserRepository.createUser
  package:memozap/providers/user_context.dart 396:35  UserContext.signUp
  
≡ƒùæ∩╕Å UserContext.dispose()
00:02 +165 -19: C:/projects/salsheli/test/repositories/firebase_inventory_repository_test.dart: FirebaseInventoryRepository Data Validation Item should have required fields
≡ƒôñ InventoryItem.toJson: id=test_123, product=╫ù╫£╫æ, qty=2
00:02 +166 -19: C:/projects/salsheli/test/providers/user_context_test.dart: UserContext Authentication - Sign In signIn() authenticates user successfully
00:02 +166 -19: C:/projects/salsheli/test/repositories/firebase_inventory_repository_test.dart: FirebaseInventoryRepository Data Validation Item from JSON should parse correctly
≡ƒôÑ InventoryItem.fromJson: id=test_123, product=╫ù╫£╫æ, qty=2
00:02 +167 -19: C:/projects/salsheli/test/providers/user_context_test.dart: UserContext Authentication - Sign In signIn() authenticates user successfully
00:02 +167 -19: C:/projects/salsheli/test/repositories/firebase_inventory_repository_test.dart: FirebaseInventoryRepository Serialization Round-Trip Item should maintain all data through JSON conversion
≡ƒôñ InventoryItem.toJson: id=test_123, product=╫ù╫£╫æ 3%, qty=2
≡ƒôÑ InventoryItem.fromJson: id=test_123, product=╫ù╫£╫æ 3%, qty=2
00:02 +167 -19: C:/projects/salsheli/test/providers/user_context_test.dart: UserContext Authentication - Sign In signIn() authenticates user successfully
≡ƒæé UserContext: ╫₧╫¬╫ù╫Ö╫£ ╫£╫ö╫É╫û╫Ö╫ƒ ╫£╫⌐╫Ö╫á╫ò╫Ö╫Ö╫¥ ╫æ-Auth
00:02 +168 -19: C:/projects/salsheli/test/providers/user_context_test.dart: UserContext Authentication - Sign In signIn() authenticates user successfully
≡ƒôÑ UserContext._loadPreferences: ╫ÿ╫ò╫ó╫ƒ ╫ö╫ó╫ô╫ñ╫ò╫¬
Γ£à ╫ö╫ó╫ô╫ñ╫ò╫¬ ╫á╫ÿ╫ó╫á╫ò: theme=ThemeMode.system, compact=false, prices=true
   ≡ƒöö UserContext: notifyListeners() (preferences loaded)
≡ƒöÉ UserContext.signIn: ╫₧╫¬╫ù╫æ╫¿ - test@example.com
   ≡ƒöö UserContext: notifyListeners() (isLoading=true)
Γ£à UserContext.signIn: ╫ö╫¬╫ù╫æ╫¿╫ò╫¬ ╫ö╫ò╫⌐╫£╫₧╫ö
   ≡ƒöö UserContext: notifyListeners() (signin completed)
≡ƒùæ∩╕Å UserContext.dispose()
00:02 +169 -19: C:/projects/salsheli/test/repositories/firebase_inventory_repository_test.dart: FirebaseInventoryRepository Serialization Round-Trip copyWith should create new instance with updated fields
00:02 +170 -19: C:/projects/salsheli/test/providers/user_context_test.dart: UserContext Authentication - Sign In signIn() handles invalid credentials
00:02 +171 -19: C:/projects/salsheli/test/providers/user_context_test.dart: UserContext Authentication - Sign In signIn() handles invalid credentials
≡ƒæé UserContext: ╫₧╫¬╫ù╫Ö╫£ ╫£╫ö╫É╫û╫Ö╫ƒ ╫£╫⌐╫Ö╫á╫ò╫Ö╫Ö╫¥ ╫æ-Auth
≡ƒôÑ UserContext._loadPreferences: ╫ÿ╫ò╫ó╫ƒ ╫ö╫ó╫ô╫ñ╫ò╫¬
Γ£à ╫ö╫ó╫ô╫ñ╫ò╫¬ ╫á╫ÿ╫ó╫á╫ò: theme=ThemeMode.system, compact=false, prices=true
   ≡ƒöö UserContext: notifyListeners() (preferences loaded)
≡ƒöÉ UserContext.signIn: ╫₧╫¬╫ù╫æ╫¿ - test@example.com
   ≡ƒöö UserContext: notifyListeners() (isLoading=true)
Γ¥î UserContext.signIn: ╫⌐╫Æ╫Ö╫É╫ö - Exception: Invalid password
   ≡ƒöö UserContext: notifyListeners() (signin completed)
≡ƒùæ∩╕Å UserContext.dispose()
00:02 +172 -19: C:/projects/salsheli/test/repositories/firebase_inventory_repository_test.dart: FirebaseInventoryRepository Edge Cases Item with zero quantity should be valid
≡ƒôñ InventoryItem.toJson: id=test_123, product=╫í╫ò╫¢╫¿, qty=0
≡ƒôÑ InventoryItem.fromJson: id=test_123, product=╫í╫ò╫¢╫¿, qty=0
00:02 +173 -19: C:/projects/salsheli/test/providers/user_context_test.dart: UserContext Authentication - Sign Out signOut() logs out user successfully
00:02 +173 -19: C:/projects/salsheli/test/repositories/firebase_inventory_repository_test.dart: FirebaseInventoryRepository Edge Cases Item with Hebrew text should preserve encoding
≡ƒôñ InventoryItem.toJson: id=test_123, product=╫Æ╫æ╫Ö╫á╫ö ╫ª╫ö╫ò╫æ╫ö, qty=1
≡ƒôÑ InventoryItem.fromJson: id=test_123, product=╫Æ╫æ╫Ö╫á╫ö ╫ª╫ö╫ò╫æ╫ö, qty=1
00:02 +174 -19: C:/projects/salsheli/test/providers/user_context_test.dart: UserContext Authentication - Sign Out signOut() logs out user successfully
≡ƒæé UserContext: ╫₧╫¬╫ù╫Ö╫£ ╫£╫ö╫É╫û╫Ö╫ƒ ╫£╫⌐╫Ö╫á╫ò╫Ö╫Ö╫¥ ╫æ-Auth
≡ƒôÑ UserContext._loadPreferences: ╫ÿ╫ò╫ó╫ƒ ╫ö╫ó╫ô╫ñ╫ò╫¬
Γ£à ╫ö╫ó╫ô╫ñ╫ò╫¬ ╫á╫ÿ╫ó╫á╫ò: theme=ThemeMode.system, compact=false, prices=true
   ≡ƒöö UserContext: notifyListeners() (preferences loaded)
00:02 +175 -19: C:/projects/salsheli/test/providers/user_context_test.dart: UserContext Authentication - Sign Out signOut() logs out user successfully
≡ƒæï UserContext.signOut: ╫₧╫¬╫á╫¬╫º
Γ£à UserContext.signOut: ╫ö╫¬╫á╫¬╫º╫ò╫¬ ╫ö╫ò╫⌐╫£╫₧╫ö
≡ƒùæ∩╕Å UserContext.dispose()
00:02 +176 -19: C:/projects/salsheli/test/repositories/firebase_inventory_repository_test.dart: FirebaseInventoryRepository Edge Cases Item equality should consider all fields
00:02 +177 -19: C:/projects/salsheli/test/providers/user_context_test.dart: UserContext Authentication - Sign Out signOut() handles errors gracefully
≡ƒæé UserContext: ╫₧╫¬╫ù╫Ö╫£ ╫£╫ö╫É╫û╫Ö╫ƒ ╫£╫⌐╫Ö╫á╫ò╫Ö╫Ö╫¥ ╫æ-Auth
≡ƒôÑ UserContext._loadPreferences: ╫ÿ╫ò╫ó╫ƒ ╫ö╫ó╫ô╫ñ╫ò╫¬
Γ£à ╫ö╫ó╫ô╫ñ╫ò╫¬ ╫á╫ÿ╫ó╫á╫ò: theme=ThemeMode.system, compact=false, prices=true
   ≡ƒöö UserContext: notifyListeners() (preferences loaded)
≡ƒæï UserContext.signOut: ╫₧╫¬╫á╫¬╫º
Γ¥î UserContext.signOut: ╫⌐╫Æ╫Ö╫É╫ö - Exception: Sign out failed
   ≡ƒöö UserContext: notifyListeners() (signout error)
≡ƒùæ∩╕Å UserContext.dispose()
00:02 +178 -19: C:/projects/salsheli/test/providers/user_context_test.dart: UserContext Authentication - Sign Out logout() is alias for signOut()
≡ƒæé UserContext: ╫₧╫¬╫ù╫Ö╫£ ╫£╫ö╫É╫û╫Ö╫ƒ ╫£╫⌐╫Ö╫á╫ò╫Ö╫Ö╫¥ ╫æ-Auth
≡ƒôÑ UserContext._loadPreferences: ╫ÿ╫ò╫ó╫ƒ ╫ö╫ó╫ô╫ñ╫ò╫¬
Γ£à ╫ö╫ó╫ô╫ñ╫ò╫¬ ╫á╫ÿ╫ó╫á╫ò: theme=ThemeMode.system, compact=false, prices=true
   ≡ƒöö UserContext: notifyListeners() (preferences loaded)
≡ƒæï UserContext.signOut: ╫₧╫¬╫á╫¬╫º
Γ£à UserContext.signOut: ╫ö╫¬╫á╫¬╫º╫ò╫¬ ╫ö╫ò╫⌐╫£╫₧╫ö
≡ƒùæ∩╕Å UserContext.dispose()
00:02 +179 -19: C:/projects/salsheli/test/providers/user_context_test.dart: UserContext Auth State Changes loads user from Firestore when auth state changes to signed in
≡ƒæé UserContext: ╫₧╫¬╫ù╫Ö╫£ ╫£╫ö╫É╫û╫Ö╫ƒ ╫£╫⌐╫Ö╫á╫ò╫Ö╫Ö╫¥ ╫æ-Auth
≡ƒôÑ UserContext._loadPreferences: ╫ÿ╫ò╫ó╫ƒ ╫ö╫ó╫ô╫ñ╫ò╫¬
Γ£à ╫ö╫ó╫ô╫ñ╫ò╫¬ ╫á╫ÿ╫ó╫á╫ò: theme=ThemeMode.system, compact=false, prices=true
   ≡ƒöö UserContext: notifyListeners() (preferences loaded)
≡ƒöä UserContext: ╫⌐╫Ö╫á╫ò╫Ö ╫æ-Auth state
   User: test@example.com
≡ƒôÑ UserContext._loadUserFromFirestore: ╫ÿ╫ò╫ó╫ƒ ╫₧╫⌐╫¬╫₧╫⌐ test-user-id
Γ£à UserContext: ╫₧╫⌐╫¬╫₧╫⌐ ╫á╫ÿ╫ó╫ƒ - test@example.com
   ≡ƒöö UserContext: notifyListeners() (user=test@example.com)
   Γ£à ╫ÿ╫ó╫Ö╫á╫¬ ╫₧╫⌐╫¬╫₧╫⌐ ╫ö╫ò╫⌐╫£╫₧╫ö ╫É╫í╫Ö╫á╫¢╫¿╫ò╫á╫Ö╫¬
≡ƒùæ∩╕Å UserContext.dispose()
00:02 +180 -19: C:/projects/salsheli/test/providers/user_context_test.dart: UserContext Auth State Changes creates new user in Firestore if not found
≡ƒæé UserContext: ╫₧╫¬╫ù╫Ö╫£ ╫£╫ö╫É╫û╫Ö╫ƒ ╫£╫⌐╫Ö╫á╫ò╫Ö╫Ö╫¥ ╫æ-Auth
≡ƒôÑ UserContext._loadPreferences: ╫ÿ╫ò╫ó╫ƒ ╫ö╫ó╫ô╫ñ╫ò╫¬
Γ£à ╫ö╫ó╫ô╫ñ╫ò╫¬ ╫á╫ÿ╫ó╫á╫ò: theme=ThemeMode.system, compact=false, prices=true
   ≡ƒöö UserContext: notifyListeners() (preferences loaded)
≡ƒöä UserContext: ╫⌐╫Ö╫á╫ò╫Ö ╫æ-Auth state
   User: test@example.com
≡ƒôÑ UserContext._loadUserFromFirestore: ╫ÿ╫ò╫ó╫ƒ ╫₧╫⌐╫¬╫₧╫⌐ test-user-id
ΓÜá∩╕Å ╫₧╫⌐╫¬╫₧╫⌐ ╫£╫É ╫á╫₧╫ª╫É ╫æ-Firestore, ╫Ö╫ò╫ª╫¿ ╫ù╫ô╫⌐
Γ¥î UserContext._loadUserFromFirestore: ╫⌐╫Æ╫Ö╫É╫ö - MissingStubError: 'createUser'
No stub was found which matches the arguments of this method call:
createUser({userId: test-user-id, email: test@example.com, name: Test User, householdId: null})

Add a stub for this method using Mockito's 'when' API, or generate the MockUserRepository mock with the @GenerateNiceMocks annotation (see https://pub.dev/documentation/mockito/latest/annotations/MockSpec-class.html).
   ≡ƒöö UserContext: notifyListeners() (user=null)
   Γ£à ╫ÿ╫ó╫Ö╫á╫¬ ╫₧╫⌐╫¬╫₧╫⌐ ╫ö╫ò╫⌐╫£╫₧╫ö ╫É╫í╫Ö╫á╫¢╫¿╫ò╫á╫Ö╫¬
00:02 +180 -20: C:/projects/salsheli/test/rtl/rtl_layout_test.dart: ≡ƒöñ RTL Layout Tests ╫₧╫í╫Ü ╫ö╫¬╫ù╫æ╫¿╫ò╫¬ - ╫¢╫ñ╫¬╫ò╫¿╫Ö╫¥ ╫ò╫ÿ╫º╫í╫ÿ╫Ö╫¥ ╫₧╫Ö╫ò╫⌐╫¿╫Ö╫¥ ╫£╫Ö╫₧╫Ö╫ƒ
00:02 +180 -20: C:/projects/salsheli/test/providers/user_context_test.dart: UserContext Auth State Changes creates new user in Firestore if not found [E]
  No matching calls. All calls: [VERIFIED] MockUserRepository.fetchUser('test-user-id'), MockUserRepository.createUser({userId: test-user-id, email: test@example.com, name: Test User, householdId: null})
  (If you called `verify(...).called(0);`, please instead use `verifyNever(...);`.)
  package:matcher                               fail
  package:mockito/src/mock.dart 852:7           _VerifyCall._checkWith
  package:mockito/src/mock.dart 1152:18         _makeVerify.<fn>
  test\providers\user_context_test.dart 344:15  main.<fn>.<fn>.<fn>
  
≡ƒùæ∩╕Å UserContext.dispose()
00:02 +180 -20: C:/projects/salsheli/test/providers/user_context_test.dart: UserContext Auth State Changes clears user when auth state changes to signed out
≡ƒæé UserContext: ╫₧╫¬╫ù╫Ö╫£ ╫£╫ö╫É╫û╫Ö╫ƒ ╫£╫⌐╫Ö╫á╫ò╫Ö╫Ö╫¥ ╫æ-Auth
≡ƒôÑ UserContext._loadPreferences: ╫ÿ╫ò╫ó╫ƒ ╫ö╫ó╫ô╫ñ╫ò╫¬
Γ£à ╫ö╫ó╫ô╫ñ╫ò╫¬ ╫á╫ÿ╫ó╫á╫ò: theme=ThemeMode.system, compact=false, prices=true
   ≡ƒöö UserContext: notifyListeners() (preferences loaded)
≡ƒöä UserContext: ╫⌐╫Ö╫á╫ò╫Ö ╫æ-Auth state
   User: test@example.com
≡ƒôÑ UserContext._loadUserFromFirestore: ╫ÿ╫ò╫ó╫ƒ ╫₧╫⌐╫¬╫₧╫⌐ test-user-id
Γ£à UserContext: ╫₧╫⌐╫¬╫₧╫⌐ ╫á╫ÿ╫ó╫ƒ - test@example.com
   ≡ƒöö UserContext: notifyListeners() (user=test@example.com)
   Γ£à ╫ÿ╫ó╫Ö╫á╫¬ ╫₧╫⌐╫¬╫₧╫⌐ ╫ö╫ò╫⌐╫£╫₧╫ö ╫É╫í╫Ö╫á╫¢╫¿╫ò╫á╫Ö╫¬
≡ƒöä UserContext: ╫⌐╫Ö╫á╫ò╫Ö ╫æ-Auth state
   User: null
≡ƒöä UserContext._resetPreferences: ╫ö╫ó╫ô╫ñ╫ò╫¬ ╫É╫ò╫ñ╫í╫ò
   ≡ƒöö UserContext: notifyListeners() (user=null)
≡ƒùæ∩╕Å UserContext.dispose()
00:02 +181 -20: C:/projects/salsheli/test/rtl/rtl_layout_test.dart: ≡ƒöñ RTL Layout Tests ╫₧╫í╫Ü ╫ö╫¬╫ù╫æ╫¿╫ò╫¬ - ╫¢╫ñ╫¬╫ò╫¿╫Ö╫¥ ╫ò╫ÿ╫º╫í╫ÿ╫Ö╫¥ ╫₧╫Ö╫ò╫⌐╫¿╫Ö╫¥ ╫£╫Ö╫₧╫Ö╫ƒ
00:02 +181 -20: C:/projects/salsheli/test/providers/user_context_test.dart: UserContext User Management saveUser() updates user successfully
≡ƒæé UserContext: ╫₧╫¬╫ù╫Ö╫£ ╫£╫ö╫É╫û╫Ö╫ƒ ╫£╫⌐╫Ö╫á╫ò╫Ö╫Ö╫¥ ╫æ-Auth
≡ƒôÑ UserContext._loadPreferences: ╫ÿ╫ò╫ó╫ƒ ╫ö╫ó╫ô╫ñ╫ò╫¬
Γ£à ╫ö╫ó╫ô╫ñ╫ò╫¬ ╫á╫ÿ╫ó╫á╫ò: theme=ThemeMode.system, compact=false, prices=true
   ≡ƒöö UserContext: notifyListeners() (preferences loaded)
≡ƒÆ╛ UserContext.saveUser: ╫⌐╫ò╫₧╫¿ ╫₧╫⌐╫¬╫₧╫⌐ test-user-id
Γ£à UserContext.saveUser: ╫₧╫⌐╫¬╫₧╫⌐ ╫á╫⌐╫₧╫¿
   ≡ƒöö UserContext: notifyListeners() (saveUser completed)
≡ƒùæ∩╕Å UserContext.dispose()
00:02 +182 -20: C:/projects/salsheli/test/rtl/rtl_layout_test.dart: ≡ƒöñ RTL Layout Tests ╫₧╫í╫Ü ╫ö╫¬╫ù╫æ╫¿╫ò╫¬ - ╫¢╫ñ╫¬╫ò╫¿╫Ö╫¥ ╫ò╫ÿ╫º╫í╫ÿ╫Ö╫¥ ╫₧╫Ö╫ò╫⌐╫¿╫Ö╫¥ ╫£╫Ö╫₧╫Ö╫ƒ
00:02 +182 -20: C:/projects/salsheli/test/providers/user_context_test.dart: UserContext User Management saveUser() handles errors correctly
≡ƒæé UserContext: ╫₧╫¬╫ù╫Ö╫£ ╫£╫ö╫É╫û╫Ö╫ƒ ╫£╫⌐╫Ö╫á╫ò╫Ö╫Ö╫¥ ╫æ-Auth
≡ƒôÑ UserContext._loadPreferences: ╫ÿ╫ò╫ó╫ƒ ╫ö╫ó╫ô╫ñ╫ò╫¬
Γ£à ╫ö╫ó╫ô╫ñ╫ò╫¬ ╫á╫ÿ╫ó╫á╫ò: theme=ThemeMode.system, compact=false, prices=true
   ≡ƒöö UserContext: notifyListeners() (preferences loaded)
≡ƒÆ╛ UserContext.saveUser: ╫⌐╫ò╫₧╫¿ ╫₧╫⌐╫¬╫₧╫⌐ test-user-id
Γ¥î UserContext.saveUser: ╫⌐╫Æ╫Ö╫É╫ö - Exception: Save failed
   ≡ƒöö UserContext: notifyListeners() (saveUser completed)
≡ƒùæ∩╕Å UserContext.dispose()
00:02 +183 -20: C:/projects/salsheli/test/rtl/rtl_layout_test.dart: ≡ƒöñ RTL Layout Tests ╫₧╫í╫Ü ╫ö╫¬╫ù╫æ╫¿╫ò╫¬ - ╫¢╫ñ╫¬╫ò╫¿╫Ö╫¥ ╫ò╫ÿ╫º╫í╫ÿ╫Ö╫¥ ╫₧╫Ö╫ò╫⌐╫¿╫Ö╫¥ ╫£╫Ö╫₧╫Ö╫ƒ
00:02 +183 -20: C:/projects/salsheli/test/providers/user_context_test.dart: UserContext Password Reset sendPasswordResetEmail() sends email successfully
≡ƒæé UserContext: ╫₧╫¬╫ù╫Ö╫£ ╫£╫ö╫É╫û╫Ö╫ƒ ╫£╫⌐╫Ö╫á╫ò╫Ö╫Ö╫¥ ╫æ-Auth
≡ƒôÑ UserContext._loadPreferences: ╫ÿ╫ò╫ó╫ƒ ╫ö╫ó╫ô╫ñ╫ò╫¬
Γ£à ╫ö╫ó╫ô╫ñ╫ò╫¬ ╫á╫ÿ╫ó╫á╫ò: theme=ThemeMode.system, compact=false, prices=true
   ≡ƒöö UserContext: notifyListeners() (preferences loaded)
≡ƒôº UserContext.sendPasswordResetEmail: ╫⌐╫ò╫£╫ù ╫₧╫Ö╫Ö╫£ ╫£-test@example.com
Γ£à UserContext.sendPasswordResetEmail: ╫₧╫Ö╫Ö╫£ ╫á╫⌐╫£╫ù
   ≡ƒöö UserContext: notifyListeners() (password reset completed)
≡ƒùæ∩╕Å UserContext.dispose()
00:02 +184 -20: C:/projects/salsheli/test/rtl/rtl_layout_test.dart: ≡ƒöñ RTL Layout Tests ╫₧╫í╫Ü ╫ö╫¬╫ù╫æ╫¿╫ò╫¬ - ╫¢╫ñ╫¬╫ò╫¿╫Ö╫¥ ╫ò╫ÿ╫º╫í╫ÿ╫Ö╫¥ ╫₧╫Ö╫ò╫⌐╫¿╫Ö╫¥ ╫£╫Ö╫₧╫Ö╫ƒ
00:02 +184 -20: C:/projects/salsheli/test/providers/user_context_test.dart: UserContext Password Reset sendPasswordResetEmail() handles errors
≡ƒæé UserContext: ╫₧╫¬╫ù╫Ö╫£ ╫£╫ö╫É╫û╫Ö╫ƒ ╫£╫⌐╫Ö╫á╫ò╫Ö╫Ö╫¥ ╫æ-Auth
≡ƒôÑ UserContext._loadPreferences: ╫ÿ╫ò╫ó╫ƒ ╫ö╫ó╫ô╫ñ╫ò╫¬
Γ£à ╫ö╫ó╫ô╫ñ╫ò╫¬ ╫á╫ÿ╫ó╫á╫ò: theme=ThemeMode.system, compact=false, prices=true
   ≡ƒöö UserContext: notifyListeners() (preferences loaded)
≡ƒôº UserContext.sendPasswordResetEmail: ╫⌐╫ò╫£╫ù ╫₧╫Ö╫Ö╫£ ╫£-invalid@email.com
Γ¥î UserContext.sendPasswordResetEmail: ╫⌐╫Æ╫Ö╫É╫ö - Exception: User not found
   ≡ƒöö UserContext: notifyListeners() (password reset completed)
≡ƒùæ∩╕Å UserContext.dispose()
00:02 +185 -20: C:/projects/salsheli/test/rtl/rtl_layout_test.dart: ≡ƒöñ RTL Layout Tests ╫₧╫í╫Ü ╫ö╫¬╫ù╫æ╫¿╫ò╫¬ - ╫¢╫ñ╫¬╫ò╫¿╫Ö╫¥ ╫ò╫ÿ╫º╫í╫ÿ╫Ö╫¥ ╫₧╫Ö╫ò╫⌐╫¿╫Ö╫¥ ╫£╫Ö╫₧╫Ö╫ƒ
00:02 +185 -20: C:/projects/salsheli/test/providers/user_context_test.dart: UserContext UI Preferences setThemeMode() updates theme and saves preferences
≡ƒæé UserContext: ╫₧╫¬╫ù╫Ö╫£ ╫£╫ö╫É╫û╫Ö╫ƒ ╫£╫⌐╫Ö╫á╫ò╫Ö╫Ö╫¥ ╫æ-Auth
≡ƒôÑ UserContext._loadPreferences: ╫ÿ╫ò╫ó╫ƒ ╫ö╫ó╫ô╫ñ╫ò╫¬
Γ£à ╫ö╫ó╫ô╫ñ╫ò╫¬ ╫á╫ÿ╫ó╫á╫ò: theme=ThemeMode.system, compact=false, prices=true
   ≡ƒöö UserContext: notifyListeners() (preferences loaded)
≡ƒùæ∩╕Å UserContext.dispose()
00:02 +186 -20: C:/projects/salsheli/test/rtl/rtl_layout_test.dart: ≡ƒöñ RTL Layout Tests ╫₧╫í╫Ü ╫ö╫¬╫ù╫æ╫¿╫ò╫¬ - ╫¢╫ñ╫¬╫ò╫¿╫Ö╫¥ ╫ò╫ÿ╫º╫í╫ÿ╫Ö╫¥ ╫₧╫Ö╫ò╫⌐╫¿╫Ö╫¥ ╫£╫Ö╫₧╫Ö╫ƒ
00:02 +186 -20: C:/projects/salsheli/test/providers/user_context_test.dart: UserContext UI Preferences toggleCompactView() toggles compact view state
≡ƒæé UserContext: ╫₧╫¬╫ù╫Ö╫£ ╫£╫ö╫É╫û╫Ö╫ƒ ╫£╫⌐╫Ö╫á╫ò╫Ö╫Ö╫¥ ╫æ-Auth
≡ƒôÑ UserContext._loadPreferences: ╫ÿ╫ò╫ó╫ƒ ╫ö╫ó╫ô╫ñ╫ò╫¬
Γ£à ╫ö╫ó╫ô╫ñ╫ò╫¬ ╫á╫ÿ╫ó╫á╫ò: theme=ThemeMode.system, compact=false, prices=true
   ≡ƒöö UserContext: notifyListeners() (preferences loaded)
≡ƒùæ∩╕Å UserContext.dispose()
00:02 +187 -20: C:/projects/salsheli/test/rtl/rtl_layout_test.dart: ≡ƒöñ RTL Layout Tests ╫₧╫í╫Ü ╫ö╫¬╫ù╫æ╫¿╫ò╫¬ - ╫¢╫ñ╫¬╫ò╫¿╫Ö╫¥ ╫ò╫ÿ╫º╫í╫ÿ╫Ö╫¥ ╫₧╫Ö╫ò╫⌐╫¿╫Ö╫¥ ╫£╫Ö╫₧╫Ö╫ƒ
00:02 +187 -20: C:/projects/salsheli/test/providers/user_context_test.dart: UserContext UI Preferences toggleShowPrices() toggles price display state
≡ƒæé UserContext: ╫₧╫¬╫ù╫Ö╫£ ╫£╫ö╫É╫û╫Ö╫ƒ ╫£╫⌐╫Ö╫á╫ò╫Ö╫Ö╫¥ ╫æ-Auth
≡ƒôÑ UserContext._loadPreferences: ╫ÿ╫ò╫ó╫ƒ ╫ö╫ó╫ô╫ñ╫ò╫¬
Γ£à ╫ö╫ó╫ô╫ñ╫ò╫¬ ╫á╫ÿ╫ó╫á╫ò: theme=ThemeMode.system, compact=false, prices=true
   ≡ƒöö UserContext: notifyListeners() (preferences loaded)
≡ƒùæ∩╕Å UserContext.dispose()
00:02 +188 -20: C:/projects/salsheli/test/rtl/rtl_layout_test.dart: ≡ƒöñ RTL Layout Tests ╫₧╫í╫Ü ╫ö╫¬╫ù╫æ╫¿╫ò╫¬ - ╫¢╫ñ╫¬╫ò╫¿╫Ö╫¥ ╫ò╫ÿ╫º╫í╫ÿ╫Ö╫¥ ╫₧╫Ö╫ò╫⌐╫¿╫Ö╫¥ ╫£╫Ö╫₧╫Ö╫ƒ
00:02 +188 -20: C:/projects/salsheli/test/providers/user_context_test.dart: UserContext UI Preferences preferences are reset on sign out
≡ƒæé UserContext: ╫₧╫¬╫ù╫Ö╫£ ╫£╫ö╫É╫û╫Ö╫ƒ ╫£╫⌐╫Ö╫á╫ò╫Ö╫Ö╫¥ ╫æ-Auth
≡ƒôÑ UserContext._loadPreferences: ╫ÿ╫ò╫ó╫ƒ ╫ö╫ó╫ô╫ñ╫ò╫¬
Γ£à ╫ö╫ó╫ô╫ñ╫ò╫¬ ╫á╫ÿ╫ó╫á╫ò: theme=ThemeMode.system, compact=false, prices=true
   ≡ƒöö UserContext: notifyListeners() (preferences loaded)
≡ƒöä UserContext: ╫⌐╫Ö╫á╫ò╫Ö ╫æ-Auth state
   User: null
≡ƒöä UserContext._resetPreferences: ╫ö╫ó╫ô╫ñ╫ò╫¬ ╫É╫ò╫ñ╫í╫ò
   ≡ƒöö UserContext: notifyListeners() (user=null)
≡ƒùæ∩╕Å UserContext.dispose()
00:02 +189 -20: C:/projects/salsheli/test/rtl/rtl_layout_test.dart: ≡ƒöñ RTL Layout Tests ╫₧╫í╫Ü ╫ö╫¬╫ù╫æ╫¿╫ò╫¬ - ╫¢╫ñ╫¬╫ò╫¿╫Ö╫¥ ╫ò╫ÿ╫º╫í╫ÿ╫Ö╫¥ ╫₧╫Ö╫ò╫⌐╫¿╫Ö╫¥ ╫£╫Ö╫₧╫Ö╫ƒ

≡ƒô¥ Test: Login screen RTL alignment
ΓöüΓöüΓöüΓöüΓöüΓöüΓöüΓöüΓöüΓöüΓöüΓöüΓöüΓöüΓöüΓöüΓöüΓöüΓöüΓöüΓöüΓöüΓöüΓöüΓöüΓöüΓöüΓöüΓöüΓöüΓöüΓöüΓöüΓöüΓöüΓöüΓöüΓöüΓöüΓöü
≡ƒÅù∩╕Å Building LoginScreen with RTL...
≡ƒôä NotebookBackground.build()
00:02 +189 -20: C:/projects/salsheli/test/providers/user_context_test.dart: UserContext UI Preferences handles invalid themeMode index from SharedPreferences
≡ƒæé UserContext: ╫₧╫¬╫ù╫Ö╫£ ╫£╫ö╫É╫û╫Ö╫ƒ ╫£╫⌐╫Ö╫á╫ò╫Ö╫Ö╫¥ ╫æ-Auth
≡ƒôÑ UserContext._loadPreferences: ╫ÿ╫ò╫ó╫ƒ ╫ö╫ó╫ô╫ñ╫ò╫¬
Γ£à ╫ö╫ó╫ô╫ñ╫ò╫¬ ╫á╫ÿ╫ó╫á╫ò: theme=ThemeMode.system, compact=false, prices=true
   ≡ƒöö UserContext: notifyListeners() (preferences loaded)
≡ƒæé UserContext: ╫₧╫¬╫ù╫Ö╫£ ╫£╫ö╫É╫û╫Ö╫ƒ ╫£╫⌐╫Ö╫á╫ò╫Ö╫Ö╫¥ ╫æ-Auth
≡ƒôÑ UserContext._loadPreferences: ╫ÿ╫ò╫ó╫ƒ ╫ö╫ó╫ô╫ñ╫ò╫¬
ΓÜá∩╕Å themeMode index ╫£╫É ╫¬╫º╫Ö╫ƒ (999), ╫₧╫⌐╫¬╫₧╫⌐ ╫æ╫æ╫¿╫Ö╫¿╫¬ ╫₧╫ù╫ô╫£
Γ£à ╫ö╫ó╫ô╫ñ╫ò╫¬ ╫á╫ÿ╫ó╫á╫ò: theme=ThemeMode.system, compact=false, prices=true
   ≡ƒöö UserContext: notifyListeners() (preferences loaded)
00:03 +189 -20: C:/projects/salsheli/test/rtl/rtl_layout_test.dart: ≡ƒöñ RTL Layout Tests ╫₧╫í╫Ü ╫ö╫¬╫ù╫æ╫¿╫ò╫¬ - ╫¢╫ñ╫¬╫ò╫¿╫Ö╫¥ ╫ò╫ÿ╫º╫í╫ÿ╫Ö╫¥ ╫₧╫Ö╫ò╫⌐╫¿╫Ö╫¥ ╫£╫Ö╫₧╫Ö╫ƒ
≡ƒô¥ StickyNoteLogo.build()
≡ƒô¥ StickyNote.build(rotation: -0.020)
≡ƒô¥ StickyNote.build(rotation: 0.010)
≡ƒô¥ StickyNote.build(rotation: -0.015)
≡ƒöÿ StickyButton.build(label: ╫ö╫¬╫ù╫æ╫¿)
≡ƒô¥ StickyNote.build(rotation: 0.010)
≡ƒöì Verifying RTL layout...
Γ£à Test passed: RTL layout is correct!
ΓöüΓöüΓöüΓöüΓöüΓöüΓöüΓöüΓöüΓöüΓöüΓöüΓöüΓöüΓöüΓöüΓöüΓöüΓöüΓöüΓöüΓöüΓöüΓöüΓöüΓöüΓöüΓöüΓöüΓöüΓöüΓöüΓöüΓöüΓöüΓöüΓöüΓöüΓöüΓöü

00:03 +190 -20: C:/projects/salsheli/test/providers/user_context_test.dart: UserContext UI Preferences handles invalid themeMode index from SharedPreferences
00:03 +190 -20: C:/projects/salsheli/test/rtl/rtl_layout_test.dart: ≡ƒöñ RTL Layout Tests StickyNote - RTL alignment

≡ƒô¥ Test: StickyNote RTL alignment
ΓöüΓöüΓöüΓöüΓöüΓöüΓöüΓöüΓöüΓöüΓöüΓöüΓöüΓöüΓöüΓöüΓöüΓöüΓöüΓöüΓöüΓöüΓöüΓöüΓöüΓöüΓöüΓöüΓöüΓöüΓöüΓöüΓöüΓöüΓöüΓöüΓöüΓöüΓöüΓöü
≡ƒô¥ StickyNote.build(rotation: 0.000)
≡ƒöì Verifying StickyNote RTL...
Γ£à Test passed: StickyNote supports RTL!
ΓöüΓöüΓöüΓöüΓöüΓöüΓöüΓöüΓöüΓöüΓöüΓöüΓöüΓöüΓöüΓöüΓöüΓöüΓöüΓöüΓöüΓöüΓöüΓöüΓöüΓöüΓöüΓöüΓöüΓöüΓöüΓöüΓöüΓöüΓöüΓöüΓöüΓöüΓöüΓöü

00:03 +191 -20: C:/projects/salsheli/test/providers/user_context_test.dart: UserContext UI Preferences handles invalid themeMode index from SharedPreferences
00:03 +191 -20: C:/projects/salsheli/test/rtl/rtl_layout_test.dart: ≡ƒöñ RTL Layout Tests StickyButton - ╫É╫Ö╫Ö╫º╫ò╫ƒ ╫æ╫ª╫ô ╫ö╫á╫¢╫ò╫ƒ

≡ƒô¥ Test: StickyButton icon position in RTL
ΓöüΓöüΓöüΓöüΓöüΓöüΓöüΓöüΓöüΓöüΓöüΓöüΓöüΓöüΓöüΓöüΓöüΓöüΓöüΓöüΓöüΓöüΓöüΓöüΓöüΓöüΓöüΓöüΓöüΓöüΓöüΓöüΓöüΓöüΓöüΓöüΓöüΓöüΓöüΓöü
≡ƒöÿ StickyButton.build(label: ╫¢╫ñ╫¬╫ò╫¿)
≡ƒöì Verifying button icon is on the right...
Γ£à Test passed: Button icon is correctly positioned!
ΓöüΓöüΓöüΓöüΓöüΓöüΓöüΓöüΓöüΓöüΓöüΓöüΓöüΓöüΓöüΓöüΓöüΓöüΓöüΓöüΓöüΓöüΓöüΓöüΓöüΓöüΓöüΓöüΓöüΓöüΓöüΓöüΓöüΓöüΓöüΓöüΓöüΓöüΓöüΓöü

00:03 +192 -20: C:/projects/salsheli/test/providers/user_context_test.dart: UserContext UI Preferences handles invalid themeMode index from SharedPreferences
00:03 +192 -20: C:/projects/salsheli/test/rtl/rtl_layout_test.dart: ≡ƒöñ RTL Layout Tests Padding symmetric - ╫ó╫ò╫æ╫ô ╫á╫¢╫ò╫ƒ ╫æ-RTL

≡ƒô¥ Test: Symmetric padding in RTL
ΓöüΓöüΓöüΓöüΓöüΓöüΓöüΓöüΓöüΓöüΓöüΓöüΓöüΓöüΓöüΓöüΓöüΓöüΓöüΓöüΓöüΓöüΓöüΓöüΓöüΓöüΓöüΓöüΓöüΓöüΓöüΓöüΓöüΓöüΓöüΓöüΓöüΓöüΓöüΓöü
≡ƒöì Verifying symmetric padding...
Γ£à Test passed: Symmetric padding works in RTL!
ΓöüΓöüΓöüΓöüΓöüΓöüΓöüΓöüΓöüΓöüΓöüΓöüΓöüΓöüΓöüΓöüΓöüΓöüΓöüΓöüΓöüΓöüΓöüΓöüΓöüΓöüΓöüΓöüΓöüΓöüΓöüΓöüΓöüΓöüΓöüΓöüΓöüΓöüΓöüΓöü

00:03 +193 -20: C:/projects/salsheli/test/providers/user_context_test.dart: UserContext UI Preferences handles invalid themeMode index from SharedPreferences
≡ƒùæ∩╕Å UserContext.dispose()
≡ƒùæ∩╕Å UserContext.dispose()
00:03 +194 -20: C:/projects/salsheli/test/rtl/rtl_layout_test.dart: ≡ƒöñ RTL Layout Tests TextFormField - Cursor ╫₧╫¬╫ù╫Ö╫£ ╫₧╫Ö╫₧╫Ö╫ƒ
00:03 +194 -20: C:/projects/salsheli/test/providers/user_context_test.dart: UserContext Error Recovery retry() clears error and reloads user
≡ƒæé UserContext: ╫₧╫¬╫ù╫Ö╫£ ╫£╫ö╫É╫û╫Ö╫ƒ ╫£╫⌐╫Ö╫á╫ò╫Ö╫Ö╫¥ ╫æ-Auth
≡ƒôÑ UserContext._loadPreferences: ╫ÿ╫ò╫ó╫ƒ ╫ö╫ó╫ô╫ñ╫ò╫¬
Γ£à ╫ö╫ó╫ô╫ñ╫ò╫¬ ╫á╫ÿ╫ó╫á╫ò: theme=ThemeMode.system, compact=false, prices=true
   ≡ƒöö UserContext: notifyListeners() (preferences loaded)
≡ƒöÉ UserContext.signIn: ╫₧╫¬╫ù╫æ╫¿ - test@example.com
   ≡ƒöö UserContext: notifyListeners() (isLoading=true)
Γ¥î UserContext.signIn: ╫⌐╫Æ╫Ö╫É╫ö - MissingStubError: 'signIn'
No stub was found which matches the arguments of this method call:
signIn({email: test@example.com, password: wrong})

Add a stub for this method using Mockito's 'when' API, or generate the MockAuthService mock with the @GenerateNiceMocks annotation (see https://pub.dev/documentation/mockito/latest/annotations/MockSpec-class.html).
   ≡ƒöö UserContext: notifyListeners() (signin completed)
00:03 +194 -20: C:/projects/salsheli/test/rtl/rtl_layout_test.dart: ≡ƒöñ RTL Layout Tests TextFormField - Cursor ╫₧╫¬╫ù╫Ö╫£ ╫₧╫Ö╫₧╫Ö╫ƒ

≡ƒô¥ Test: TextFormField cursor starts from right
ΓöüΓöüΓöüΓöüΓöüΓöüΓöüΓöüΓöüΓöüΓöüΓöüΓöüΓöüΓöüΓöüΓöüΓöüΓöüΓöüΓöüΓöüΓöüΓöüΓöüΓöüΓöüΓöüΓöüΓöüΓöüΓöüΓöüΓöüΓöüΓöüΓöüΓöüΓöüΓöü
≡ƒô¥ Entering Hebrew text...
≡ƒöì Verifying text direction...
Γ£à Test passed: TextFormField supports RTL input!
ΓöüΓöüΓöüΓöüΓöüΓöüΓöüΓöüΓöüΓöüΓöüΓöüΓöüΓöüΓöüΓöüΓöüΓöüΓöüΓöüΓöüΓöüΓöüΓöüΓöüΓöüΓöüΓöüΓöüΓöüΓöüΓöüΓöüΓöüΓöüΓöüΓöüΓöüΓöüΓöü

00:03 +195 -20: C:/projects/salsheli/test/providers/user_context_test.dart: UserContext Error Recovery retry() clears error and reloads user
00:03 +195 -20: C:/projects/salsheli/test/rtl/rtl_layout_test.dart: ≡ƒöñ RTL Layout Tests ListTile - ╫É╫Ö╫Ö╫º╫ò╫á╫Ö╫¥ ╫æ╫ª╫ô ╫ö╫á╫¢╫ò╫ƒ ╫æ-RTL

≡ƒô¥ Test: ListTile icons in RTL
ΓöüΓöüΓöüΓöüΓöüΓöüΓöüΓöüΓöüΓöüΓöüΓöüΓöüΓöüΓöüΓöüΓöüΓöüΓöüΓöüΓöüΓöüΓöüΓöüΓöüΓöüΓöüΓöüΓöüΓöüΓöüΓöüΓöüΓöüΓöüΓöüΓöüΓöüΓöüΓöü
≡ƒöì Verifying ListTile icon positions...
Γ£à Test passed: ListTile icons correctly positioned!
ΓöüΓöüΓöüΓöüΓöüΓöüΓöüΓöüΓöüΓöüΓöüΓöüΓöüΓöüΓöüΓöüΓöüΓöüΓöüΓöüΓöüΓöüΓöüΓöüΓöüΓöüΓöüΓöüΓöüΓöüΓöüΓöüΓöüΓöüΓöüΓöüΓöüΓöüΓöüΓöü

00:03 +196 -20: C:/projects/salsheli/test/providers/user_context_test.dart: UserContext Error Recovery retry() clears error and reloads user
00:03 +196 -20: C:/projects/salsheli/test/rtl/rtl_layout_test.dart: ≡ƒöñ RTL Layout Tests ╫₧╫í╫ñ╫¿╫Ö╫¥ ╫ò╫¬╫É╫¿╫Ö╫¢╫Ö╫¥ - ╫á╫⌐╫É╫¿╫Ö╫¥ LTR ╫æ╫¬╫ò╫Ü RTL

≡ƒô¥ Test: Numbers and dates remain LTR in RTL
ΓöüΓöüΓöüΓöüΓöüΓöüΓöüΓöüΓöüΓöüΓöüΓöüΓöüΓöüΓöüΓöüΓöüΓöüΓöüΓöüΓöüΓöüΓöüΓöüΓöüΓöüΓöüΓöüΓöüΓöüΓöüΓöüΓöüΓöüΓöüΓöüΓöüΓöüΓöüΓöü
≡ƒöì Verifying numbers are displayed correctly...
Γ£à Test passed: Numbers remain LTR in RTL context!
ΓöüΓöüΓöüΓöüΓöüΓöüΓöüΓöüΓöüΓöüΓöüΓöüΓöüΓöüΓöüΓöüΓöüΓöüΓöüΓöüΓöüΓöüΓöüΓöüΓöüΓöüΓöüΓöüΓöüΓöüΓöüΓöüΓöüΓöüΓöüΓöüΓöüΓöüΓöüΓöü

00:03 +197 -20: C:/projects/salsheli/test/providers/user_context_test.dart: UserContext Error Recovery retry() clears error and reloads user
≡ƒöä UserContext.retry: ╫₧╫á╫í╫ö ╫⌐╫ò╫æ
   ≡ƒöö UserContext: notifyListeners() (error cleared)
≡ƒôÑ UserContext._loadUserFromFirestore: ╫ÿ╫ò╫ó╫ƒ ╫₧╫⌐╫¬╫₧╫⌐ test-user-id
Γ£à UserContext: ╫₧╫⌐╫¬╫₧╫⌐ ╫á╫ÿ╫ó╫ƒ - test@example.com
   ≡ƒöö UserContext: notifyListeners() (user=test@example.com)
≡ƒùæ∩╕Å UserContext.dispose()
00:03 +198 -20: C:/projects/salsheli/test/providers/user_context_test.dart: UserContext Error Recovery retry() does nothing when no user signed in
≡ƒæé UserContext: ╫₧╫¬╫ù╫Ö╫£ ╫£╫ö╫É╫û╫Ö╫ƒ ╫£╫⌐╫Ö╫á╫ò╫Ö╫Ö╫¥ ╫æ-Auth
≡ƒôÑ UserContext._loadPreferences: ╫ÿ╫ò╫ó╫ƒ ╫ö╫ó╫ô╫ñ╫ò╫¬
Γ£à ╫ö╫ó╫ô╫ñ╫ò╫¬ ╫á╫ÿ╫ó╫á╫ò: theme=ThemeMode.system, compact=false, prices=true
   ≡ƒöö UserContext: notifyListeners() (preferences loaded)
≡ƒöä UserContext.retry: ╫₧╫á╫í╫ö ╫⌐╫ò╫æ
   ≡ƒöö UserContext: notifyListeners() (error cleared)
ΓÜá∩╕Å UserContext.retry: ╫É╫Ö╫ƒ ╫₧╫⌐╫¬╫₧╫⌐ ╫₧╫ù╫ò╫æ╫¿
≡ƒùæ∩╕Å UserContext.dispose()
00:03 +199 -20: C:/projects/salsheli/test/providers/user_context_test.dart: UserContext Clear All clearAll() resets all state and preferences
≡ƒæé UserContext: ╫₧╫¬╫ù╫Ö╫£ ╫£╫ö╫É╫û╫Ö╫ƒ ╫£╫⌐╫Ö╫á╫ò╫Ö╫Ö╫¥ ╫æ-Auth
≡ƒôÑ UserContext._loadPreferences: ╫ÿ╫ò╫ó╫ƒ ╫ö╫ó╫ô╫ñ╫ò╫¬
Γ£à ╫ö╫ó╫ô╫ñ╫ò╫¬ ╫á╫ÿ╫ó╫á╫ò: theme=ThemeMode.system, compact=false, prices=true
   ≡ƒöö UserContext: notifyListeners() (preferences loaded)
≡ƒùæ∩╕Å UserContext.clearAll: ╫₧╫á╫º╫ö state
≡ƒöä UserContext._resetPreferences: ╫ö╫ó╫ô╫ñ╫ò╫¬ ╫É╫ò╫ñ╫í╫ò
Γ£à UserContext.clearAll: ╫ö╫ó╫ô╫ñ╫ò╫¬ UserContext ╫á╫₧╫ù╫º╫ò
   ≡ƒöö UserContext: notifyListeners() (all cleared)
≡ƒùæ∩╕Å UserContext.dispose()
00:03 +200 -20: C:/projects/salsheli/test/providers/user_context_test.dart: UserContext Clear All clearAll() removes only UserContext keys from SharedPreferences
≡ƒæé UserContext: ╫₧╫¬╫ù╫Ö╫£ ╫£╫ö╫É╫û╫Ö╫ƒ ╫£╫⌐╫Ö╫á╫ò╫Ö╫Ö╫¥ ╫æ-Auth
≡ƒôÑ UserContext._loadPreferences: ╫ÿ╫ò╫ó╫ƒ ╫ö╫ó╫ô╫ñ╫ò╫¬
Γ£à ╫ö╫ó╫ô╫ñ╫ò╫¬ ╫á╫ÿ╫ó╫á╫ò: theme=ThemeMode.system, compact=false, prices=true
   ≡ƒöö UserContext: notifyListeners() (preferences loaded)
≡ƒùæ∩╕Å UserContext.clearAll: ╫₧╫á╫º╫ö state
≡ƒöä UserContext._resetPreferences: ╫ö╫ó╫ô╫ñ╫ò╫¬ ╫É╫ò╫ñ╫í╫ò
Γ£à UserContext.clearAll: ╫ö╫ó╫ô╫ñ╫ò╫¬ UserContext ╫á╫₧╫ù╫º╫ò
   ≡ƒöö UserContext: notifyListeners() (all cleared)
≡ƒùæ∩╕Å UserContext.dispose()
00:03 +201 -20: C:/projects/salsheli/test/providers/user_context_test.dart: UserContext Getters and Computed Properties isLoggedIn returns correct values
≡ƒæé UserContext: ╫₧╫¬╫ù╫Ö╫£ ╫£╫ö╫É╫û╫Ö╫ƒ ╫£╫⌐╫Ö╫á╫ò╫Ö╫Ö╫¥ ╫æ-Auth
≡ƒôÑ UserContext._loadPreferences: ╫ÿ╫ò╫ó╫ƒ ╫ö╫ó╫ô╫ñ╫ò╫¬
Γ£à ╫ö╫ó╫ô╫ñ╫ò╫¬ ╫á╫ÿ╫ó╫á╫ò: theme=ThemeMode.system, compact=false, prices=true
   ≡ƒöö UserContext: notifyListeners() (preferences loaded)
≡ƒöä UserContext: ╫⌐╫Ö╫á╫ò╫Ö ╫æ-Auth state
   User: test@example.com
≡ƒôÑ UserContext._loadUserFromFirestore: ╫ÿ╫ò╫ó╫ƒ ╫₧╫⌐╫¬╫₧╫⌐ test-user-id
Γ£à UserContext: ╫₧╫⌐╫¬╫₧╫⌐ ╫á╫ÿ╫ó╫ƒ - test@example.com
   ≡ƒöö UserContext: notifyListeners() (user=test@example.com)
   Γ£à ╫ÿ╫ó╫Ö╫á╫¬ ╫₧╫⌐╫¬╫₧╫⌐ ╫ö╫ò╫⌐╫£╫₧╫ö ╫É╫í╫Ö╫á╫¢╫¿╫ò╫á╫Ö╫¬
≡ƒùæ∩╕Å UserContext.dispose()
00:03 +202 -20: C:/projects/salsheli/test/providers/user_context_test.dart: UserContext Getters and Computed Properties displayName fallback chain works correctly
≡ƒæé UserContext: ╫₧╫¬╫ù╫Ö╫£ ╫£╫ö╫É╫û╫Ö╫ƒ ╫£╫⌐╫Ö╫á╫ò╫Ö╫Ö╫¥ ╫æ-Auth
≡ƒôÑ UserContext._loadPreferences: ╫ÿ╫ò╫ó╫ƒ ╫ö╫ó╫ô╫ñ╫ò╫¬
Γ£à ╫ö╫ó╫ô╫ñ╫ò╫¬ ╫á╫ÿ╫ó╫á╫ò: theme=ThemeMode.system, compact=false, prices=true
   ≡ƒöö UserContext: notifyListeners() (preferences loaded)
≡ƒùæ∩╕Å UserContext.dispose()
00:03 +203 -20: C:/projects/salsheli/test/providers/user_context_test.dart: UserContext Getters and Computed Properties userId fallback chain works correctly
≡ƒæé UserContext: ╫₧╫¬╫ù╫Ö╫£ ╫£╫ö╫É╫û╫Ö╫ƒ ╫£╫⌐╫Ö╫á╫ò╫Ö╫Ö╫¥ ╫æ-Auth
≡ƒôÑ UserContext._loadPreferences: ╫ÿ╫ò╫ó╫ƒ ╫ö╫ó╫ô╫ñ╫ò╫¬
Γ£à ╫ö╫ó╫ô╫ñ╫ò╫¬ ╫á╫ÿ╫ó╫á╫ò: theme=ThemeMode.system, compact=false, prices=true
   ≡ƒöö UserContext: notifyListeners() (preferences loaded)
≡ƒöä UserContext: ╫⌐╫Ö╫á╫ò╫Ö ╫æ-Auth state
   User: test@example.com
≡ƒôÑ UserContext._loadUserFromFirestore: ╫ÿ╫ò╫ó╫ƒ ╫₧╫⌐╫¬╫₧╫⌐ test-user-id
Γ£à UserContext: ╫₧╫⌐╫¬╫₧╫⌐ ╫á╫ÿ╫ó╫ƒ - test@example.com
   ≡ƒöö UserContext: notifyListeners() (user=test@example.com)
   Γ£à ╫ÿ╫ó╫Ö╫á╫¬ ╫₧╫⌐╫¬╫₧╫⌐ ╫ö╫ò╫⌐╫£╫₧╫ö ╫É╫í╫Ö╫á╫¢╫¿╫ò╫á╫Ö╫¬
≡ƒùæ∩╕Å UserContext.dispose()
00:03 +204 -20: C:/projects/salsheli/test/providers/user_context_test.dart: UserContext Getters and Computed Properties userEmail fallback chain works correctly
≡ƒæé UserContext: ╫₧╫¬╫ù╫Ö╫£ ╫£╫ö╫É╫û╫Ö╫ƒ ╫£╫⌐╫Ö╫á╫ò╫Ö╫Ö╫¥ ╫æ-Auth
≡ƒôÑ UserContext._loadPreferences: ╫ÿ╫ò╫ó╫ƒ ╫ö╫ó╫ô╫ñ╫ò╫¬
Γ£à ╫ö╫ó╫ô╫ñ╫ò╫¬ ╫á╫ÿ╫ó╫á╫ò: theme=ThemeMode.system, compact=false, prices=true
   ≡ƒöö UserContext: notifyListeners() (preferences loaded)
≡ƒöä UserContext: ╫⌐╫Ö╫á╫ò╫Ö ╫æ-Auth state
   User: test@example.com
≡ƒôÑ UserContext._loadUserFromFirestore: ╫ÿ╫ò╫ó╫ƒ ╫₧╫⌐╫¬╫₧╫⌐ test-user-id
Γ£à UserContext: ╫₧╫⌐╫¬╫₧╫⌐ ╫á╫ÿ╫ó╫ƒ - test@example.com
   ≡ƒöö UserContext: notifyListeners() (user=test@example.com)
   Γ£à ╫ÿ╫ó╫Ö╫á╫¬ ╫₧╫⌐╫¬╫₧╫⌐ ╫ö╫ò╫⌐╫£╫₧╫ö ╫É╫í╫Ö╫á╫¢╫¿╫ò╫á╫Ö╫¬
≡ƒùæ∩╕Å UserContext.dispose()
00:03 +205 -20: C:/projects/salsheli/test/providers/user_context_test.dart: UserContext Listener Notifications notifyListeners() is called on state changes
≡ƒæé UserContext: ╫₧╫¬╫ù╫Ö╫£ ╫£╫ö╫É╫û╫Ö╫ƒ ╫£╫⌐╫Ö╫á╫ò╫Ö╫Ö╫¥ ╫æ-Auth
≡ƒôÑ UserContext._loadPreferences: ╫ÿ╫ò╫ó╫ƒ ╫ö╫ó╫ô╫ñ╫ò╫¬
Γ£à ╫ö╫ó╫ô╫ñ╫ò╫¬ ╫á╫ÿ╫ó╫á╫ò: theme=ThemeMode.system, compact=false, prices=true
   ≡ƒöö UserContext: notifyListeners() (preferences loaded)
≡ƒùæ∩╕Å UserContext.dispose()
00:04 +206 -20: C:/projects/salsheli/test/providers/user_context_test.dart: UserContext Listener Notifications disposed context does not notify listeners
≡ƒæé UserContext: ╫₧╫¬╫ù╫Ö╫£ ╫£╫ö╫É╫û╫Ö╫ƒ ╫£╫⌐╫Ö╫á╫ò╫Ö╫Ö╫¥ ╫æ-Auth
≡ƒôÑ UserContext._loadPreferences: ╫ÿ╫ò╫ó╫ƒ ╫ö╫ó╫ô╫ñ╫ò╫¬
Γ£à ╫ö╫ó╫ô╫ñ╫ò╫¬ ╫á╫ÿ╫ó╫á╫ò: theme=ThemeMode.system, compact=false, prices=true
   ≡ƒöö UserContext: notifyListeners() (preferences loaded)
≡ƒæé UserContext: ╫₧╫¬╫ù╫Ö╫£ ╫£╫ö╫É╫û╫Ö╫ƒ ╫£╫⌐╫Ö╫á╫ò╫Ö╫Ö╫¥ ╫æ-Auth
≡ƒôÑ UserContext._loadPreferences: ╫ÿ╫ò╫ó╫ƒ ╫ö╫ó╫ô╫ñ╫ò╫¬
Γ£à ╫ö╫ó╫ô╫ñ╫ò╫¬ ╫á╫ÿ╫ó╫á╫ò: theme=ThemeMode.system, compact=false, prices=true
   ≡ƒöö UserContext: notifyListeners() (preferences loaded)
≡ƒùæ∩╕Å UserContext.dispose()
≡ƒùæ∩╕Å UserContext.dispose()
00:04 +207 -20: C:/projects/salsheli/test/providers/user_context_test.dart: UserContext Edge Cases and Race Conditions multiple rapid sign in attempts handled correctly
≡ƒæé UserContext: ╫₧╫¬╫ù╫Ö╫£ ╫£╫ö╫É╫û╫Ö╫ƒ ╫£╫⌐╫Ö╫á╫ò╫Ö╫Ö╫¥ ╫æ-Auth
≡ƒôÑ UserContext._loadPreferences: ╫ÿ╫ò╫ó╫ƒ ╫ö╫ó╫ô╫ñ╫ò╫¬
Γ£à ╫ö╫ó╫ô╫ñ╫ò╫¬ ╫á╫ÿ╫ó╫á╫ò: theme=ThemeMode.system, compact=false, prices=true
   ≡ƒöö UserContext: notifyListeners() (preferences loaded)
≡ƒöÉ UserContext.signIn: ╫₧╫¬╫ù╫æ╫¿ - test@example.com
   ≡ƒöö UserContext: notifyListeners() (isLoading=true)
≡ƒöÉ UserContext.signIn: ╫₧╫¬╫ù╫æ╫¿ - test@example.com
   ≡ƒöö UserContext: notifyListeners() (isLoading=true)
Γ£à UserContext.signIn: ╫ö╫¬╫ù╫æ╫¿╫ò╫¬ ╫ö╫ò╫⌐╫£╫₧╫ö
   ≡ƒöö UserContext: notifyListeners() (signin completed)
Γ£à UserContext.signIn: ╫ö╫¬╫ù╫æ╫¿╫ò╫¬ ╫ö╫ò╫⌐╫£╫₧╫ö
   ≡ƒöö UserContext: notifyListeners() (signin completed)
≡ƒùæ∩╕Å UserContext.dispose()
00:04 +208 -20: C:/projects/salsheli/test/providers/user_context_test.dart: UserContext Edge Cases and Race Conditions auth state change during signup does not trigger load
≡ƒæé UserContext: ╫₧╫¬╫ù╫Ö╫£ ╫£╫ö╫É╫û╫Ö╫ƒ ╫£╫⌐╫Ö╫á╫ò╫Ö╫Ö╫¥ ╫æ-Auth
≡ƒôÑ UserContext._loadPreferences: ╫ÿ╫ò╫ó╫ƒ ╫ö╫ó╫ô╫ñ╫ò╫¬
Γ£à ╫ö╫ó╫ô╫ñ╫ò╫¬ ╫á╫ÿ╫ó╫á╫ò: theme=ThemeMode.system, compact=false, prices=true
   ≡ƒöö UserContext: notifyListeners() (preferences loaded)
≡ƒô¥ UserContext.signUp: ╫¿╫ò╫⌐╫¥ ╫₧╫⌐╫¬╫₧╫⌐ - test@example.com
   ≡ƒöö UserContext: notifyListeners() (isLoading=true)
≡ƒöä UserContext: ╫⌐╫Ö╫á╫ò╫Ö ╫æ-Auth state
   User: test@example.com
   ΓÅ│ ╫æ╫₧╫ö╫£╫Ü ╫¿╫Ö╫⌐╫ò╫¥ - ╫₧╫ô╫£╫Æ ╫ó╫£ ╫ÿ╫ó╫Ö╫á╫ö ╫É╫ò╫ÿ╫ò╫₧╫ÿ╫Ö╫¬
Γ¥î UserContext.signUp: ╫⌐╫Æ╫Ö╫É╫ö - MissingStubError: 'createUser'
No stub was found which matches the arguments of this method call:
createUser({userId: test-user-id, email: test@example.com, name: Test User, householdId: null})

Add a stub for this method using Mockito's 'when' API, or generate the MockUserRepository mock with the @GenerateNiceMocks annotation (see https://pub.dev/documentation/mockito/latest/annotations/MockSpec-class.html).
   ≡ƒöö UserContext: notifyListeners() (signup completed)
00:04 +208 -21: C:/projects/salsheli/test/providers/user_context_test.dart: UserContext Edge Cases and Race Conditions auth state change during signup does not trigger load [E]
  MissingStubError: 'createUser'
  No stub was found which matches the arguments of this method call:
  createUser({userId: test-user-id, email: test@example.com, name: Test User, householdId: null})
  
  Add a stub for this method using Mockito's 'when' API, or generate the MockUserRepository mock with the @GenerateNiceMocks annotation (see https://pub.dev/documentation/mockito/latest/annotations/MockSpec-class.html).
  package:mockito/src/mock.dart 200:7                 Mock._noSuchMethod
  package:mockito/src/mock.dart 194:47                Mock.noSuchMethod
  test\providers\user_context_test.mocks.dart 150:14  MockUserRepository.createUser
  package:memozap/providers/user_context.dart 396:35  UserContext.signUp
  
≡ƒùæ∩╕Å UserContext.dispose()
00:04 +208 -21: C:/projects/salsheli/test/providers/user_context_test.dart: UserContext Sign Out And Clear All Data signOutAndClearAllData() clears SharedPreferences completely
≡ƒæé UserContext: ╫₧╫¬╫ù╫Ö╫£ ╫£╫ö╫É╫û╫Ö╫ƒ ╫£╫⌐╫Ö╫á╫ò╫Ö╫Ö╫¥ ╫æ-Auth
≡ƒôÑ UserContext._loadPreferences: ╫ÿ╫ò╫ó╫ƒ ╫ö╫ó╫ô╫ñ╫ò╫¬
Γ£à ╫ö╫ó╫ô╫ñ╫ò╫¬ ╫á╫ÿ╫ó╫á╫ò: theme=ThemeMode.system, compact=false, prices=true
   ≡ƒöö UserContext: notifyListeners() (preferences loaded)
≡ƒöÑ UserContext.signOutAndClearAllData: ╫ö╫¬╫á╫¬╫º╫ò╫¬ ╫₧╫£╫É╫ö + ╫₧╫ù╫Ö╫º╫¬ ╫¢╫£ ╫ö╫á╫¬╫ò╫á╫Ö╫¥!
   1∩╕ÅΓâú ╫₧╫ò╫ù╫º SharedPreferences...
   Γ£à SharedPreferences ╫á╫₧╫ù╫º
   2∩╕ÅΓâú Skipping Hive deletion (no longer used)...
   3∩╕ÅΓâú ╫₧╫á╫º╫ö state...
≡ƒöä UserContext._resetPreferences: ╫ö╫ó╫ô╫ñ╫ò╫¬ ╫É╫ò╫ñ╫í╫ò
   Γ£à State ╫á╫ò╫º╫ö
   4∩╕ÅΓâú ╫₧╫¬╫á╫¬╫º ╫₧-Firebase Auth...
   Γ£à ╫ö╫¬╫á╫¬╫º╫ò╫¬ ╫₧-Firebase ╫ö╫ò╫⌐╫£╫₧╫ö
≡ƒÄë UserContext.signOutAndClearAllData: ╫ö╫ò╫⌐╫£╫¥ ╫æ╫ö╫ª╫£╫ù╫ö!
   ≡ƒôè ╫¢╫£ ╫ö╫á╫¬╫ò╫á╫Ö╫¥ ╫ö╫₧╫º╫ò╫₧╫Ö╫Ö╫¥ ╫á╫₧╫ù╫º╫ò
   ≡ƒöÉ ╫ö╫₧╫⌐╫¬╫₧╫⌐ ╫ö╫¬╫á╫¬╫º ╫£╫Æ╫₧╫¿╫Ö
≡ƒùæ∩╕Å UserContext.dispose()
00:04 +209 -21: C:/projects/salsheli/test/providers/user_context_test.dart: UserContext Sign Out And Clear All Data signOutAndClearAllData() clears local state
≡ƒæé UserContext: ╫₧╫¬╫ù╫Ö╫£ ╫£╫ö╫É╫û╫Ö╫ƒ ╫£╫⌐╫Ö╫á╫ò╫Ö╫Ö╫¥ ╫æ-Auth
≡ƒôÑ UserContext._loadPreferences: ╫ÿ╫ò╫ó╫ƒ ╫ö╫ó╫ô╫ñ╫ò╫¬
Γ£à ╫ö╫ó╫ô╫ñ╫ò╫¬ ╫á╫ÿ╫ó╫á╫ò: theme=ThemeMode.system, compact=false, prices=true
   ≡ƒöö UserContext: notifyListeners() (preferences loaded)
≡ƒöä UserContext: ╫⌐╫Ö╫á╫ò╫Ö ╫æ-Auth state
   User: test@example.com
≡ƒôÑ UserContext._loadUserFromFirestore: ╫ÿ╫ò╫ó╫ƒ ╫₧╫⌐╫¬╫₧╫⌐ test-user-id
Γ£à UserContext: ╫₧╫⌐╫¬╫₧╫⌐ ╫á╫ÿ╫ó╫ƒ - test@example.com
   ≡ƒöö UserContext: notifyListeners() (user=test@example.com)
   Γ£à ╫ÿ╫ó╫Ö╫á╫¬ ╫₧╫⌐╫¬╫₧╫⌐ ╫ö╫ò╫⌐╫£╫₧╫ö ╫É╫í╫Ö╫á╫¢╫¿╫ò╫á╫Ö╫¬
≡ƒöÑ UserContext.signOutAndClearAllData: ╫ö╫¬╫á╫¬╫º╫ò╫¬ ╫₧╫£╫É╫ö + ╫₧╫ù╫Ö╫º╫¬ ╫¢╫£ ╫ö╫á╫¬╫ò╫á╫Ö╫¥!
   1∩╕ÅΓâú ╫₧╫ò╫ù╫º SharedPreferences...
   Γ£à SharedPreferences ╫á╫₧╫ù╫º
   2∩╕ÅΓâú Skipping Hive deletion (no longer used)...
   3∩╕ÅΓâú ╫₧╫á╫º╫ö state...
≡ƒöä UserContext._resetPreferences: ╫ö╫ó╫ô╫ñ╫ò╫¬ ╫É╫ò╫ñ╫í╫ò
   Γ£à State ╫á╫ò╫º╫ö
   4∩╕ÅΓâú ╫₧╫¬╫á╫¬╫º ╫₧-Firebase Auth...
   Γ£à ╫ö╫¬╫á╫¬╫º╫ò╫¬ ╫₧-Firebase ╫ö╫ò╫⌐╫£╫₧╫ö
≡ƒÄë UserContext.signOutAndClearAllData: ╫ö╫ò╫⌐╫£╫¥ ╫æ╫ö╫ª╫£╫ù╫ö!
   ≡ƒôè ╫¢╫£ ╫ö╫á╫¬╫ò╫á╫Ö╫¥ ╫ö╫₧╫º╫ò╫₧╫Ö╫Ö╫¥ ╫á╫₧╫ù╫º╫ò
   ≡ƒöÉ ╫ö╫₧╫⌐╫¬╫₧╫⌐ ╫ö╫¬╫á╫¬╫º ╫£╫Æ╫₧╫¿╫Ö
≡ƒùæ∩╕Å UserContext.dispose()
00:04 +210 -21: C:/projects/salsheli/test/providers/user_context_test.dart: UserContext Sign Out And Clear All Data signOutAndClearAllData() calls authService.signOut()
≡ƒæé UserContext: ╫₧╫¬╫ù╫Ö╫£ ╫£╫ö╫É╫û╫Ö╫ƒ ╫£╫⌐╫Ö╫á╫ò╫Ö╫Ö╫¥ ╫æ-Auth
≡ƒôÑ UserContext._loadPreferences: ╫ÿ╫ò╫ó╫ƒ ╫ö╫ó╫ô╫ñ╫ò╫¬
Γ£à ╫ö╫ó╫ô╫ñ╫ò╫¬ ╫á╫ÿ╫ó╫á╫ò: theme=ThemeMode.system, compact=false, prices=true
   ≡ƒöö UserContext: notifyListeners() (preferences loaded)
≡ƒöÑ UserContext.signOutAndClearAllData: ╫ö╫¬╫á╫¬╫º╫ò╫¬ ╫₧╫£╫É╫ö + ╫₧╫ù╫Ö╫º╫¬ ╫¢╫£ ╫ö╫á╫¬╫ò╫á╫Ö╫¥!
   1∩╕ÅΓâú ╫₧╫ò╫ù╫º SharedPreferences...
   Γ£à SharedPreferences ╫á╫₧╫ù╫º
   2∩╕ÅΓâú Skipping Hive deletion (no longer used)...
   3∩╕ÅΓâú ╫₧╫á╫º╫ö state...
≡ƒöä UserContext._resetPreferences: ╫ö╫ó╫ô╫ñ╫ò╫¬ ╫É╫ò╫ñ╫í╫ò
   Γ£à State ╫á╫ò╫º╫ö
   4∩╕ÅΓâú ╫₧╫¬╫á╫¬╫º ╫₧-Firebase Auth...
   Γ£à ╫ö╫¬╫á╫¬╫º╫ò╫¬ ╫₧-Firebase ╫ö╫ò╫⌐╫£╫₧╫ö
≡ƒÄë UserContext.signOutAndClearAllData: ╫ö╫ò╫⌐╫£╫¥ ╫æ╫ö╫ª╫£╫ù╫ö!
   ≡ƒôè ╫¢╫£ ╫ö╫á╫¬╫ò╫á╫Ö╫¥ ╫ö╫₧╫º╫ò╫₧╫Ö╫Ö╫¥ ╫á╫₧╫ù╫º╫ò
   ≡ƒöÉ ╫ö╫₧╫⌐╫¬╫₧╫⌐ ╫ö╫¬╫á╫¬╫º ╫£╫Æ╫₧╫¿╫Ö
≡ƒùæ∩╕Å UserContext.dispose()
00:04 +211 -21: C:/projects/salsheli/test/providers/user_context_test.dart: UserContext Sign Out And Clear All Data signOutAndClearAllData() handles signOut errors
≡ƒæé UserContext: ╫₧╫¬╫ù╫Ö╫£ ╫£╫ö╫É╫û╫Ö╫ƒ ╫£╫⌐╫Ö╫á╫ò╫Ö╫Ö╫¥ ╫æ-Auth
≡ƒôÑ UserContext._loadPreferences: ╫ÿ╫ò╫ó╫ƒ ╫ö╫ó╫ô╫ñ╫ò╫¬
Γ£à ╫ö╫ó╫ô╫ñ╫ò╫¬ ╫á╫ÿ╫ó╫á╫ò: theme=ThemeMode.system, compact=false, prices=true
   ≡ƒöö UserContext: notifyListeners() (preferences loaded)
≡ƒöÑ UserContext.signOutAndClearAllData: ╫ö╫¬╫á╫¬╫º╫ò╫¬ ╫₧╫£╫É╫ö + ╫₧╫ù╫Ö╫º╫¬ ╫¢╫£ ╫ö╫á╫¬╫ò╫á╫Ö╫¥!
   1∩╕ÅΓâú ╫₧╫ò╫ù╫º SharedPreferences...
   Γ£à SharedPreferences ╫á╫₧╫ù╫º
   2∩╕ÅΓâú Skipping Hive deletion (no longer used)...
   3∩╕ÅΓâú ╫₧╫á╫º╫ö state...
≡ƒöä UserContext._resetPreferences: ╫ö╫ó╫ô╫ñ╫ò╫¬ ╫É╫ò╫ñ╫í╫ò
   Γ£à State ╫á╫ò╫º╫ö
   4∩╕ÅΓâú ╫₧╫¬╫á╫¬╫º ╫₧-Firebase Auth...
Γ¥î UserContext.signOutAndClearAllData: ╫⌐╫Æ╫Ö╫É╫ö - Exception: Network error during sign out
   ≡ƒöö UserContext: notifyListeners() (signout+clear error)
≡ƒùæ∩╕Å UserContext.dispose()
00:04 +212 -21: C:/projects/salsheli/test/providers/user_context_test.dart: UserContext Sign Out And Clear All Data signOutAndClearAllData() continues after Hive error
≡ƒæé UserContext: ╫₧╫¬╫ù╫Ö╫£ ╫£╫ö╫É╫û╫Ö╫ƒ ╫£╫⌐╫Ö╫á╫ò╫Ö╫Ö╫¥ ╫æ-Auth
≡ƒôÑ UserContext._loadPreferences: ╫ÿ╫ò╫ó╫ƒ ╫ö╫ó╫ô╫ñ╫ò╫¬
Γ£à ╫ö╫ó╫ô╫ñ╫ò╫¬ ╫á╫ÿ╫ó╫á╫ò: theme=ThemeMode.system, compact=false, prices=true
   ≡ƒöö UserContext: notifyListeners() (preferences loaded)
≡ƒöÑ UserContext.signOutAndClearAllData: ╫ö╫¬╫á╫¬╫º╫ò╫¬ ╫₧╫£╫É╫ö + ╫₧╫ù╫Ö╫º╫¬ ╫¢╫£ ╫ö╫á╫¬╫ò╫á╫Ö╫¥!
   1∩╕ÅΓâú ╫₧╫ò╫ù╫º SharedPreferences...
   Γ£à SharedPreferences ╫á╫₧╫ù╫º
   2∩╕ÅΓâú Skipping Hive deletion (no longer used)...
   3∩╕ÅΓâú ╫₧╫á╫º╫ö state...
≡ƒöä UserContext._resetPreferences: ╫ö╫ó╫ô╫ñ╫ò╫¬ ╫É╫ò╫ñ╫í╫ò
   Γ£à State ╫á╫ò╫º╫ö
   4∩╕ÅΓâú ╫₧╫¬╫á╫¬╫º ╫₧-Firebase Auth...
   Γ£à ╫ö╫¬╫á╫¬╫º╫ò╫¬ ╫₧-Firebase ╫ö╫ò╫⌐╫£╫₧╫ö
≡ƒÄë UserContext.signOutAndClearAllData: ╫ö╫ò╫⌐╫£╫¥ ╫æ╫ö╫ª╫£╫ù╫ö!
   ≡ƒôè ╫¢╫£ ╫ö╫á╫¬╫ò╫á╫Ö╫¥ ╫ö╫₧╫º╫ò╫₧╫Ö╫Ö╫¥ ╫á╫₧╫ù╫º╫ò
   ≡ƒöÉ ╫ö╫₧╫⌐╫¬╫₧╫⌐ ╫ö╫¬╫á╫¬╫º ╫£╫Æ╫₧╫¿╫Ö
≡ƒùæ∩╕Å UserContext.dispose()
00:04 +213 -21: C:/projects/salsheli/test/providers/user_context_test.dart: UserContext Auth State Changes - Error Handling auth stream error is logged but does not crash
≡ƒæé UserContext: ╫₧╫¬╫ù╫Ö╫£ ╫£╫ö╫É╫û╫Ö╫ƒ ╫£╫⌐╫Ö╫á╫ò╫Ö╫Ö╫¥ ╫æ-Auth
≡ƒôÑ UserContext._loadPreferences: ╫ÿ╫ò╫ó╫ƒ ╫ö╫ó╫ô╫ñ╫ò╫¬
Γ£à ╫ö╫ó╫ô╫ñ╫ò╫¬ ╫á╫ÿ╫ó╫á╫ò: theme=ThemeMode.system, compact=false, prices=true
   ≡ƒöö UserContext: notifyListeners() (preferences loaded)
≡ƒæé UserContext: ╫₧╫¬╫ù╫Ö╫£ ╫£╫ö╫É╫û╫Ö╫ƒ ╫£╫⌐╫Ö╫á╫ò╫Ö╫Ö╫¥ ╫æ-Auth
≡ƒôÑ UserContext._loadPreferences: ╫ÿ╫ò╫ó╫ƒ ╫ö╫ó╫ô╫ñ╫ò╫¬
Γ£à ╫ö╫ó╫ô╫ñ╫ò╫¬ ╫á╫ÿ╫ó╫á╫ò: theme=ThemeMode.system, compact=false, prices=true
   ≡ƒöö UserContext: notifyListeners() (preferences loaded)
Γ¥î UserContext: ╫⌐╫Æ╫Ö╫É╫ö ╫æ╫ö╫É╫û╫á╫ö ╫£-Auth - Exception: Auth stream error
≡ƒùæ∩╕Å UserContext.dispose()
≡ƒùæ∩╕Å UserContext.dispose()
00:04 +214 -21: C:/projects/salsheli/test/providers/user_context_test.dart: UserContext Auth State Changes - Error Handling auth subscription is cancelled on dispose
≡ƒæé UserContext: ╫₧╫¬╫ù╫Ö╫£ ╫£╫ö╫É╫û╫Ö╫ƒ ╫£╫⌐╫Ö╫á╫ò╫Ö╫Ö╫¥ ╫æ-Auth
≡ƒôÑ UserContext._loadPreferences: ╫ÿ╫ò╫ó╫ƒ ╫ö╫ó╫ô╫ñ╫ò╫¬
Γ£à ╫ö╫ó╫ô╫ñ╫ò╫¬ ╫á╫ÿ╫ó╫á╫ò: theme=ThemeMode.system, compact=false, prices=true
   ≡ƒöö UserContext: notifyListeners() (preferences loaded)
≡ƒæé UserContext: ╫₧╫¬╫ù╫Ö╫£ ╫£╫ö╫É╫û╫Ö╫ƒ ╫£╫⌐╫Ö╫á╫ò╫Ö╫Ö╫¥ ╫æ-Auth
≡ƒôÑ UserContext._loadPreferences: ╫ÿ╫ò╫ó╫ƒ ╫ö╫ó╫ô╫ñ╫ò╫¬
≡ƒùæ∩╕Å UserContext.dispose()
Γ£à ╫ö╫ó╫ô╫ñ╫ò╫¬ ╫á╫ÿ╫ó╫á╫ò: theme=ThemeMode.system, compact=false, prices=true
≡ƒùæ∩╕Å UserContext.dispose()
00:04 +215 -21: C:/projects/salsheli/test/providers/user_context_test.dart: UserContext UI Preferences - Advanced rapid theme changes handled correctly
≡ƒæé UserContext: ╫₧╫¬╫ù╫Ö╫£ ╫£╫ö╫É╫û╫Ö╫ƒ ╫£╫⌐╫Ö╫á╫ò╫Ö╫Ö╫¥ ╫æ-Auth
≡ƒôÑ UserContext._loadPreferences: ╫ÿ╫ò╫ó╫ƒ ╫ö╫ó╫ô╫ñ╫ò╫¬
Γ£à ╫ö╫ó╫ô╫ñ╫ò╫¬ ╫á╫ÿ╫ó╫á╫ò: theme=ThemeMode.system, compact=false, prices=true
   ≡ƒöö UserContext: notifyListeners() (preferences loaded)
≡ƒùæ∩╕Å UserContext.dispose()
00:05 +216 -21: C:/projects/salsheli/test/providers/user_context_test.dart: UserContext UI Preferences - Advanced preferences persist after multiple saves
≡ƒæé UserContext: ╫₧╫¬╫ù╫Ö╫£ ╫£╫ö╫É╫û╫Ö╫ƒ ╫£╫⌐╫Ö╫á╫ò╫Ö╫Ö╫¥ ╫æ-Auth
≡ƒôÑ UserContext._loadPreferences: ╫ÿ╫ò╫ó╫ƒ ╫ö╫ó╫ô╫ñ╫ò╫¬
Γ£à ╫ö╫ó╫ô╫ñ╫ò╫¬ ╫á╫ÿ╫ó╫á╫ò: theme=ThemeMode.system, compact=false, prices=true
   ≡ƒöö UserContext: notifyListeners() (preferences loaded)
≡ƒùæ∩╕Å UserContext.dispose()
00:05 +217 -21: C:/projects/salsheli/test/providers/user_context_test.dart: UserContext Stress Tests and Performance rapid sign in attempts do not cause race conditions
≡ƒæé UserContext: ╫₧╫¬╫ù╫Ö╫£ ╫£╫ö╫É╫û╫Ö╫ƒ ╫£╫⌐╫Ö╫á╫ò╫Ö╫Ö╫¥ ╫æ-Auth
≡ƒôÑ UserContext._loadPreferences: ╫ÿ╫ò╫ó╫ƒ ╫ö╫ó╫ô╫ñ╫ò╫¬
Γ£à ╫ö╫ó╫ô╫ñ╫ò╫¬ ╫á╫ÿ╫ó╫á╫ò: theme=ThemeMode.system, compact=false, prices=true
   ≡ƒöö UserContext: notifyListeners() (preferences loaded)
≡ƒöÉ UserContext.signIn: ╫₧╫¬╫ù╫æ╫¿ - test@example.com
   ≡ƒöö UserContext: notifyListeners() (isLoading=true)
≡ƒöÉ UserContext.signIn: ╫₧╫¬╫ù╫æ╫¿ - test@example.com
   ≡ƒöö UserContext: notifyListeners() (isLoading=true)
≡ƒöÉ UserContext.signIn: ╫₧╫¬╫ù╫æ╫¿ - test@example.com
   ≡ƒöö UserContext: notifyListeners() (isLoading=true)
≡ƒöÉ UserContext.signIn: ╫₧╫¬╫ù╫æ╫¿ - test@example.com
   ≡ƒöö UserContext: notifyListeners() (isLoading=true)
≡ƒöÉ UserContext.signIn: ╫₧╫¬╫ù╫æ╫¿ - test@example.com
   ≡ƒöö UserContext: notifyListeners() (isLoading=true)
Γ£à UserContext.signIn: ╫ö╫¬╫ù╫æ╫¿╫ò╫¬ ╫ö╫ò╫⌐╫£╫₧╫ö
   ≡ƒöö UserContext: notifyListeners() (signin completed)
Γ£à UserContext.signIn: ╫ö╫¬╫ù╫æ╫¿╫ò╫¬ ╫ö╫ò╫⌐╫£╫₧╫ö
   ≡ƒöö UserContext: notifyListeners() (signin completed)
Γ£à UserContext.signIn: ╫ö╫¬╫ù╫æ╫¿╫ò╫¬ ╫ö╫ò╫⌐╫£╫₧╫ö
   ≡ƒöö UserContext: notifyListeners() (signin completed)
Γ£à UserContext.signIn: ╫ö╫¬╫ù╫æ╫¿╫ò╫¬ ╫ö╫ò╫⌐╫£╫₧╫ö
   ≡ƒöö UserContext: notifyListeners() (signin completed)
Γ£à UserContext.signIn: ╫ö╫¬╫ù╫æ╫¿╫ò╫¬ ╫ö╫ò╫⌐╫£╫₧╫ö
   ≡ƒöö UserContext: notifyListeners() (signin completed)
≡ƒùæ∩╕Å UserContext.dispose()
00:05 +218 -21: C:/projects/salsheli/test/providers/user_context_test.dart: UserContext Stress Tests and Performance multiple notifyListeners calls do not cause UI thrashing
≡ƒæé UserContext: ╫₧╫¬╫ù╫Ö╫£ ╫£╫ö╫É╫û╫Ö╫ƒ ╫£╫⌐╫Ö╫á╫ò╫Ö╫Ö╫¥ ╫æ-Auth
≡ƒôÑ UserContext._loadPreferences: ╫ÿ╫ò╫ó╫ƒ ╫ö╫ó╫ô╫ñ╫ò╫¬
Γ£à ╫ö╫ó╫ô╫ñ╫ò╫¬ ╫á╫ÿ╫ó╫á╫ò: theme=ThemeMode.system, compact=false, prices=true
   ≡ƒöö UserContext: notifyListeners() (preferences loaded)
≡ƒùæ∩╕Å UserContext.dispose()
00:06 +219 -21: C:/projects/salsheli/test/providers/user_context_test.dart: UserContext Widget Integration Tests UserContext triggers widget rebuild on state change
≡ƒæé UserContext: ╫₧╫¬╫ù╫Ö╫£ ╫£╫ö╫É╫û╫Ö╫ƒ ╫£╫⌐╫Ö╫á╫ò╫Ö╫Ö╫¥ ╫æ-Auth
≡ƒôÑ UserContext._loadPreferences: ╫ÿ╫ò╫ó╫ƒ ╫ö╫ó╫ô╫ñ╫ò╫¬
Γ£à ╫ö╫ó╫ô╫ñ╫ò╫¬ ╫á╫ÿ╫ó╫á╫ò: theme=ThemeMode.system, compact=false, prices=true
   ≡ƒöö UserContext: notifyListeners() (preferences loaded)
≡ƒùæ∩╕Å UserContext.dispose()
00:06 +220 -21: C:/projects/salsheli/test/providers/user_context_test.dart: UserContext Widget Integration Tests isLoggedIn affects widget visibility correctly
≡ƒæé UserContext: ╫₧╫¬╫ù╫Ö╫£ ╫£╫ö╫É╫û╫Ö╫ƒ ╫£╫⌐╫Ö╫á╫ò╫Ö╫Ö╫¥ ╫æ-Auth
≡ƒôÑ UserContext._loadPreferences: ╫ÿ╫ò╫ó╫ƒ ╫ö╫ó╫ô╫ñ╫ò╫¬
Γ£à ╫ö╫ó╫ô╫ñ╫ò╫¬ ╫á╫ÿ╫ó╫á╫ò: theme=ThemeMode.system, compact=false, prices=true
   ≡ƒöö UserContext: notifyListeners() (preferences loaded)
≡ƒùæ∩╕Å UserContext.dispose()
00:06 +221 -21: C:/projects/salsheli/test/providers/user_context_test.dart: UserContext Widget Integration Tests context.watch<UserContext>() updates UI correctly
≡ƒæé UserContext: ╫₧╫¬╫ù╫Ö╫£ ╫£╫ö╫É╫û╫Ö╫ƒ ╫£╫⌐╫Ö╫á╫ò╫Ö╫Ö╫¥ ╫æ-Auth
≡ƒôÑ UserContext._loadPreferences: ╫ÿ╫ò╫ó╫ƒ ╫ö╫ó╫ô╫ñ╫ò╫¬
Γ£à ╫ö╫ó╫ô╫ñ╫ò╫¬ ╫á╫ÿ╫ó╫á╫ò: theme=ThemeMode.system, compact=false, prices=true
   ≡ƒöö UserContext: notifyListeners() (preferences loaded)
≡ƒùæ∩╕Å UserContext.dispose()
00:06 +222 -21: C:/projects/salsheli/test/providers/user_context_test.dart: UserContext Widget Integration Tests error state displays correctly in UI
≡ƒæé UserContext: ╫₧╫¬╫ù╫Ö╫£ ╫£╫ö╫É╫û╫Ö╫ƒ ╫£╫⌐╫Ö╫á╫ò╫Ö╫Ö╫¥ ╫æ-Auth
≡ƒôÑ UserContext._loadPreferences: ╫ÿ╫ò╫ó╫ƒ ╫ö╫ó╫ô╫ñ╫ò╫¬
Γ£à ╫ö╫ó╫ô╫ñ╫ò╫¬ ╫á╫ÿ╫ó╫á╫ò: theme=ThemeMode.system, compact=false, prices=true
   ≡ƒöö UserContext: notifyListeners() (preferences loaded)
≡ƒöÉ UserContext.signIn: ╫₧╫¬╫ù╫æ╫¿ - test@example.com
   ≡ƒöö UserContext: notifyListeners() (isLoading=true)
Γ¥î UserContext.signIn: ╫⌐╫Æ╫Ö╫É╫ö - Exception: Invalid credentials
   ≡ƒöö UserContext: notifyListeners() (signin completed)
≡ƒùæ∩╕Å UserContext.dispose()
00:06 +223 -21: C:/projects/salsheli/test/providers/user_context_test.dart: UserContext Widget Integration Tests loading state displays correctly in UI
≡ƒæé UserContext: ╫₧╫¬╫ù╫Ö╫£ ╫£╫ö╫É╫û╫Ö╫ƒ ╫£╫⌐╫Ö╫á╫ò╫Ö╫Ö╫¥ ╫æ-Auth
≡ƒôÑ UserContext._loadPreferences: ╫ÿ╫ò╫ó╫ƒ ╫ö╫ó╫ô╫ñ╫ò╫¬
Γ£à ╫ö╫ó╫ô╫ñ╫ò╫¬ ╫á╫ÿ╫ó╫á╫ò: theme=ThemeMode.system, compact=false, prices=true
   ≡ƒöö UserContext: notifyListeners() (preferences loaded)
≡ƒöÉ UserContext.signIn: ╫₧╫¬╫ù╫æ╫¿ - test@example.com
   ≡ƒöö UserContext: notifyListeners() (isLoading=true)
Γ£à UserContext.signIn: ╫ö╫¬╫ù╫æ╫¿╫ò╫¬ ╫ö╫ò╫⌐╫£╫₧╫ö
   ≡ƒöö UserContext: notifyListeners() (signin completed)
≡ƒùæ∩╕Å UserContext.dispose()
00:06 +224 -21: C:/projects/salsheli/test/providers/user_context_test.dart: UserContext Performance Tests signIn completes within reasonable time (< 2 seconds)
≡ƒæé UserContext: ╫₧╫¬╫ù╫Ö╫£ ╫£╫ö╫É╫û╫Ö╫ƒ ╫£╫⌐╫Ö╫á╫ò╫Ö╫Ö╫¥ ╫æ-Auth
≡ƒôÑ UserContext._loadPreferences: ╫ÿ╫ò╫ó╫ƒ ╫ö╫ó╫ô╫ñ╫ò╫¬
Γ£à ╫ö╫ó╫ô╫ñ╫ò╫¬ ╫á╫ÿ╫ó╫á╫ò: theme=ThemeMode.system, compact=false, prices=true
   ≡ƒöö UserContext: notifyListeners() (preferences loaded)
≡ƒöÉ UserContext.signIn: ╫₧╫¬╫ù╫æ╫¿ - test@example.com
   ≡ƒöö UserContext: notifyListeners() (isLoading=true)
Γ£à UserContext.signIn: ╫ö╫¬╫ù╫æ╫¿╫ò╫¬ ╫ö╫ò╫⌐╫£╫₧╫ö
   ≡ƒöö UserContext: notifyListeners() (signin completed)
≡ƒùæ∩╕Å UserContext.dispose()
00:06 +225 -21: C:/projects/salsheli/test/providers/user_context_test.dart: UserContext Performance Tests notifyListeners() performance with many listeners
≡ƒæé UserContext: ╫₧╫¬╫ù╫Ö╫£ ╫£╫ö╫É╫û╫Ö╫ƒ ╫£╫⌐╫Ö╫á╫ò╫Ö╫Ö╫¥ ╫æ-Auth
≡ƒôÑ UserContext._loadPreferences: ╫ÿ╫ò╫ó╫ƒ ╫ö╫ó╫ô╫ñ╫ò╫¬
Γ£à ╫ö╫ó╫ô╫ñ╫ò╫¬ ╫á╫ÿ╫ó╫á╫ò: theme=ThemeMode.system, compact=false, prices=true
   ≡ƒöö UserContext: notifyListeners() (preferences loaded)
≡ƒùæ∩╕Å UserContext.dispose()
00:06 +226 -21: C:/projects/salsheli/test/providers/user_context_test.dart: UserContext Performance Tests preference changes persist efficiently
≡ƒæé UserContext: ╫₧╫¬╫ù╫Ö╫£ ╫£╫ö╫É╫û╫Ö╫ƒ ╫£╫⌐╫Ö╫á╫ò╫Ö╫Ö╫¥ ╫æ-Auth
≡ƒôÑ UserContext._loadPreferences: ╫ÿ╫ò╫ó╫ƒ ╫ö╫ó╫ô╫ñ╫ò╫¬
Γ£à ╫ö╫ó╫ô╫ñ╫ò╫¬ ╫á╫ÿ╫ó╫á╫ò: theme=ThemeMode.system, compact=false, prices=true
   ≡ƒöö UserContext: notifyListeners() (preferences loaded)
≡ƒùæ∩╕Å UserContext.dispose()
00:06 +227 -21: C:/projects/salsheli/test/providers/user_context_test.dart: UserContext Performance Tests memory usage stable after repeated operations
≡ƒæé UserContext: ╫₧╫¬╫ù╫Ö╫£ ╫£╫ö╫É╫û╫Ö╫ƒ ╫£╫⌐╫Ö╫á╫ò╫Ö╫Ö╫¥ ╫æ-Auth
≡ƒôÑ UserContext._loadPreferences: ╫ÿ╫ò╫ó╫ƒ ╫ö╫ó╫ô╫ñ╫ò╫¬
Γ£à ╫ö╫ó╫ô╫ñ╫ò╫¬ ╫á╫ÿ╫ó╫á╫ò: theme=ThemeMode.system, compact=false, prices=true
   ≡ƒöö UserContext: notifyListeners() (preferences loaded)
≡ƒùæ∩╕Å UserContext.dispose()
00:06 +228 -21: Some tests failed.
